../Core/Src/main.c:92:5:main	536	static
../Core/Src/main.c:169:6:SystemClock_Config	96	static
../Core/Src/main.c:224:13:MX_ADC1_Init	48	static
../Core/Src/main.c:291:13:MX_LPUART1_UART_Init	8	static
../Core/Src/main.c:325:13:MX_USART3_UART_Init	8	static
../Core/Src/main.c:360:13:MX_RNG_Init	8	static
../Core/Src/main.c:386:13:MX_RTC_Init	80	static
../Core/Src/main.c:524:13:MX_SPI2_Init	8	static
../Core/Src/main.c:564:13:MX_GPIO_Init	48	static
../Core/Src/main.c:606:6:HAL_UART_RxCpltCallback	24	static
../Core/Src/main.c:625:6:Error_Handler	4	static,ignoring_inline_asm
