../Core/Src/main.c:90:5:main	544	static
../Core/Src/main.c:167:6:SystemClock_Config	96	static
../Core/Src/main.c:225:13:MX_ADC1_Init	48	static
../Core/Src/main.c:292:13:MX_LPUART1_UART_Init	8	static
../Core/Src/main.c:326:13:MX_USART3_UART_Init	8	static
../Core/Src/main.c:361:13:MX_RNG_Init	8	static
../Core/Src/main.c:387:13:MX_RTC_Init	80	static
../Core/Src/main.c:507:13:MX_SPI2_Init	8	static
../Core/Src/main.c:547:13:MX_GPIO_Init	48	static
../Core/Src/main.c:599:6:HAL_UART_RxCpltCallback	24	static
../Core/Src/main.c:622:6:Error_Handler	4	static,ignoring_inline_asm
