../Core/Src/ManagementMother.c:17:6:addDeviceDataToSD	8568	static
../Core/Src/ManagementMother.c:108:6:requestRFData	88	dynamic
../Core/Src/ManagementMother.c:212:6:scanDeviceForData	344	dynamic
../Core/Src/ManagementMother.c:328:6:scanConfirmation	40	static
../Core/Src/ManagementMother.c:363:6:checkForNewDevices	32	static
../Core/Src/ManagementMother.c:406:6:acknowledgeDevice	48	static
../Core/Src/ManagementMother.c:438:6:removeDevices	264	dynamic
../Core/Src/ManagementMother.c:503:6:addNewDevices	8600	dynamic
../Core/Src/ManagementMother.c:621:6:setupSDcard	8328	static
../Core/Src/ManagementMother.c:680:6:addBrokenDeviceToSD	32	static
../Core/Src/ManagementMother.c:692:6:addLowBatteryDeviceToSD	32	static
../Core/Src/ManagementMother.c:704:6:getDevices	1056	static
../Core/Src/ManagementMother.c:743:6:checkForRemote	40	static
../Core/Src/ManagementMother.c:785:6:sentDataToRemote	8744	static
../Core/Src/ManagementMother.c:945:6:memorySetup	32	static
../Core/Src/ManagementMother.c:964:5:mainSetup	24	static
../Core/Src/ManagementMother.c:1003:5:remoteAccessHandling	24	static
../Core/Src/ManagementMother.c:1025:5:IDhandling	56	static
../Core/Src/ManagementMother.c:1064:6:setShutdownMode	8	static
../Core/Src/ManagementMother.c:1074:6:mainOperation	232	static
