../Core/Src/ManagementMother.c:16:6:addDeviceData	8568	static
../Core/Src/ManagementMother.c:94:6:requestRFData	88	dynamic
../Core/Src/ManagementMother.c:168:6:scanDeviceForData	248	dynamic
../Core/Src/ManagementMother.c:241:6:scanConfirmation	88	dynamic
../Core/Src/ManagementMother.c:273:6:checkForNewDevices	32	static
../Core/Src/ManagementMother.c:299:6:acknowledgeDevice	48	static
../Core/Src/ManagementMother.c:322:6:removeDevices	144	dynamic
../Core/Src/ManagementMother.c:363:6:addNewDevices	8576	dynamic
../Core/Src/ManagementMother.c:448:6:setupSDcard	8376	static
../Core/Src/ManagementMother.c:497:6:storeDeviceInitialData	8392	static
../Core/Src/ManagementMother.c:551:6:addBrokenDevice	32	static
../Core/Src/ManagementMother.c:560:6:addLowBatteryDevice	32	static
../Core/Src/ManagementMother.c:569:6:getDevices	1056	static
../Core/Src/ManagementMother.c:607:6:checkForRemote	40	static
../Core/Src/ManagementMother.c:636:6:sentDataToRemote	8752	static
../Core/Src/ManagementMother.c:770:6:memorySetup	40	static
../Core/Src/ManagementMother.c:791:5:mainSetupMother	24	static
../Core/Src/ManagementMother.c:829:5:remoteAccessHandling	24	static
../Core/Src/ManagementMother.c:846:5:IDhandling	56	static
../Core/Src/ManagementMother.c:880:6:setShutdownModeMother	8	static
../Core/Src/ManagementMother.c:888:6:mainOperationMother	176	static
