../Core/Src/Pressure/PressureSensing.c:10:13:bytecpy	16	static
../Core/Src/Pressure/PressureSensing.c:18:9:lps28dfw_read_reg	56	static
../Core/Src/Pressure/PressureSensing.c:56:9:lps28dfw_write_reg	72	dynamic
../Core/Src/Pressure/PressureSensing.c:82:7:lps28dfw_from_fs1260_to_hPa	16	static
../Core/Src/Pressure/PressureSensing.c:87:7:lps28dfw_from_fs4000_to_hPa	16	static
../Core/Src/Pressure/PressureSensing.c:92:7:lps28dfw_from_lsb_to_celsius	16	static
../Core/Src/Pressure/PressureSensing.c:99:9:initLPS28	40	static
../Core/Src/Pressure/PressureSensing.c:147:9:beginLPS28	32	static
../Core/Src/Pressure/PressureSensing.c:181:9:bootLPS28	16	static
../Core/Src/Pressure/PressureSensing.c:188:9:resetLPS28	24	static
../Core/Src/Pressure/PressureSensing.c:213:9:setModeConfig	40	static
../Core/Src/Pressure/PressureSensing.c:258:9:getStatus	48	static
../Core/Src/Pressure/PressureSensing.c:295:9:lps28dfw_trigger_sw	32	static
../Core/Src/Pressure/PressureSensing.c:312:9:lps28dfw_data_get	40	static
../Core/Src/Pressure/PressureSensing.c:349:9:getSensorData	24	static
../Core/Src/Pressure/PressureSensing.c:384:9:setInterruptMode	48	static
../Core/Src/Pressure/PressureSensing.c:424:9:enableInterrupts	32	static
../Core/Src/Pressure/PressureSensing.c:455:9:getInterruptStatus	40	static
../Core/Src/Pressure/PressureSensing.c:489:9:setFIFOConfig	40	static
../Core/Src/Pressure/PressureSensing.c:527:9:getFIFOConfig	40	static
../Core/Src/Pressure/PressureSensing.c:572:9:getFIFOLength	32	static
../Core/Src/Pressure/PressureSensing.c:590:9:getFIFOData	56	static
../Core/Src/Pressure/PressureSensing.c:624:9:flushFIFO	24	static
../Core/Src/Pressure/PressureSensing.c:655:9:setReferenceMode	32	static
../Core/Src/Pressure/PressureSensing.c:687:9:lps28dfw_int_on_threshold_mode_set	48	static
../Core/Src/Pressure/PressureSensing.c:720:9:setThresholdMode	40	static
../Core/Src/Pressure/PressureSensing.c:755:9:getReferencePressure	32	static
