Archive member included to satisfy reference by file (symbol)

c:/work/hardware/applications/stm32/stm32cubeide_1.11.2/stm32cubeide/plugins/com.st.stm32cube.ide.mcu.externaltools.gnu-tools-for-stm32.10.3-2021.10.win32_1.0.100.202210260954/tools/bin/../lib/gcc/arm-none-eabi/10.3.1/../../../../arm-none-eabi/lib/thumb/v7e-m+fp/hard\libc_nano.a(lib_a-ctype_.o)
                              ./Core/Src/ManagementMother.o (_ctype_)
c:/work/hardware/applications/stm32/stm32cubeide_1.11.2/stm32cubeide/plugins/com.st.stm32cube.ide.mcu.externaltools.gnu-tools-for-stm32.10.3-2021.10.win32_1.0.100.202210260954/tools/bin/../lib/gcc/arm-none-eabi/10.3.1/../../../../arm-none-eabi/lib/thumb/v7e-m+fp/hard\libc_nano.a(lib_a-errno.o)
                              ./Core/Src/retarget.o (__errno)
c:/work/hardware/applications/stm32/stm32cubeide_1.11.2/stm32cubeide/plugins/com.st.stm32cube.ide.mcu.externaltools.gnu-tools-for-stm32.10.3-2021.10.win32_1.0.100.202210260954/tools/bin/../lib/gcc/arm-none-eabi/10.3.1/../../../../arm-none-eabi/lib/thumb/v7e-m+fp/hard\libc_nano.a(lib_a-exit.o)
                              c:/work/hardware/applications/stm32/stm32cubeide_1.11.2/stm32cubeide/plugins/com.st.stm32cube.ide.mcu.externaltools.gnu-tools-for-stm32.10.3-2021.10.win32_1.0.100.202210260954/tools/bin/../lib/gcc/arm-none-eabi/10.3.1/../../../../arm-none-eabi/lib/thumb/v7e-m+fp/hard/crt0.o (exit)
c:/work/hardware/applications/stm32/stm32cubeide_1.11.2/stm32cubeide/plugins/com.st.stm32cube.ide.mcu.externaltools.gnu-tools-for-stm32.10.3-2021.10.win32_1.0.100.202210260954/tools/bin/../lib/gcc/arm-none-eabi/10.3.1/../../../../arm-none-eabi/lib/thumb/v7e-m+fp/hard\libc_nano.a(lib_a-impure.o)
                              c:/work/hardware/applications/stm32/stm32cubeide_1.11.2/stm32cubeide/plugins/com.st.stm32cube.ide.mcu.externaltools.gnu-tools-for-stm32.10.3-2021.10.win32_1.0.100.202210260954/tools/bin/../lib/gcc/arm-none-eabi/10.3.1/../../../../arm-none-eabi/lib/thumb/v7e-m+fp/hard\libc_nano.a(lib_a-exit.o) (_global_impure_ptr)
c:/work/hardware/applications/stm32/stm32cubeide_1.11.2/stm32cubeide/plugins/com.st.stm32cube.ide.mcu.externaltools.gnu-tools-for-stm32.10.3-2021.10.win32_1.0.100.202210260954/tools/bin/../lib/gcc/arm-none-eabi/10.3.1/../../../../arm-none-eabi/lib/thumb/v7e-m+fp/hard\libc_nano.a(lib_a-init.o)
                              c:/work/hardware/applications/stm32/stm32cubeide_1.11.2/stm32cubeide/plugins/com.st.stm32cube.ide.mcu.externaltools.gnu-tools-for-stm32.10.3-2021.10.win32_1.0.100.202210260954/tools/bin/../lib/gcc/arm-none-eabi/10.3.1/../../../../arm-none-eabi/lib/thumb/v7e-m+fp/hard/crt0.o (__libc_init_array)
c:/work/hardware/applications/stm32/stm32cubeide_1.11.2/stm32cubeide/plugins/com.st.stm32cube.ide.mcu.externaltools.gnu-tools-for-stm32.10.3-2021.10.win32_1.0.100.202210260954/tools/bin/../lib/gcc/arm-none-eabi/10.3.1/../../../../arm-none-eabi/lib/thumb/v7e-m+fp/hard\libc_nano.a(lib_a-malloc.o)
                              ./Core/Src/RF/comms.o (free)
c:/work/hardware/applications/stm32/stm32cubeide_1.11.2/stm32cubeide/plugins/com.st.stm32cube.ide.mcu.externaltools.gnu-tools-for-stm32.10.3-2021.10.win32_1.0.100.202210260954/tools/bin/../lib/gcc/arm-none-eabi/10.3.1/../../../../arm-none-eabi/lib/thumb/v7e-m+fp/hard\libc_nano.a(lib_a-memcpy-stub.o)
                              ./Core/Src/ManagementMother.o (memcpy)
c:/work/hardware/applications/stm32/stm32cubeide_1.11.2/stm32cubeide/plugins/com.st.stm32cube.ide.mcu.externaltools.gnu-tools-for-stm32.10.3-2021.10.win32_1.0.100.202210260954/tools/bin/../lib/gcc/arm-none-eabi/10.3.1/../../../../arm-none-eabi/lib/thumb/v7e-m+fp/hard\libc_nano.a(lib_a-memset.o)
                              c:/work/hardware/applications/stm32/stm32cubeide_1.11.2/stm32cubeide/plugins/com.st.stm32cube.ide.mcu.externaltools.gnu-tools-for-stm32.10.3-2021.10.win32_1.0.100.202210260954/tools/bin/../lib/gcc/arm-none-eabi/10.3.1/../../../../arm-none-eabi/lib/thumb/v7e-m+fp/hard/crt0.o (memset)
c:/work/hardware/applications/stm32/stm32cubeide_1.11.2/stm32cubeide/plugins/com.st.stm32cube.ide.mcu.externaltools.gnu-tools-for-stm32.10.3-2021.10.win32_1.0.100.202210260954/tools/bin/../lib/gcc/arm-none-eabi/10.3.1/../../../../arm-none-eabi/lib/thumb/v7e-m+fp/hard\libc_nano.a(lib_a-nano-freer.o)
                              c:/work/hardware/applications/stm32/stm32cubeide_1.11.2/stm32cubeide/plugins/com.st.stm32cube.ide.mcu.externaltools.gnu-tools-for-stm32.10.3-2021.10.win32_1.0.100.202210260954/tools/bin/../lib/gcc/arm-none-eabi/10.3.1/../../../../arm-none-eabi/lib/thumb/v7e-m+fp/hard\libc_nano.a(lib_a-malloc.o) (_free_r)
c:/work/hardware/applications/stm32/stm32cubeide_1.11.2/stm32cubeide/plugins/com.st.stm32cube.ide.mcu.externaltools.gnu-tools-for-stm32.10.3-2021.10.win32_1.0.100.202210260954/tools/bin/../lib/gcc/arm-none-eabi/10.3.1/../../../../arm-none-eabi/lib/thumb/v7e-m+fp/hard\libc_nano.a(lib_a-nano-mallocr.o)
[...]
Memory Configuration

Name             Origin             Length             Attributes
RAM              0x0000000020000000 0x000000000000a000 xrw
RAM2             0x0000000010000000 0x0000000000002000 xrw
FLASH            0x0000000008000000 0x0000000000020000 xr
*default*        0x0000000000000000 0xffffffffffffffff

Linker script and memory map

LOAD c:/work/hardware/applications/stm32/stm32cubeide_1.11.2/stm32cubeide/plugins/com.st.stm32cube.ide.mcu.externaltools.gnu-tools-for-stm32.10.3-2021.10.win32_1.0.100.202210260954/tools/bin/../lib/gcc/arm-none-eabi/10.3.1/thumb/v7e-m+fp/hard/crti.o
LOAD c:/work/hardware/applications/stm32/stm32cubeide_1.11.2/stm32cubeide/plugins/com.st.stm32cube.ide.mcu.externaltools.gnu-tools-for-stm32.10.3-2021.10.win32_1.0.100.202210260954/tools/bin/../lib/gcc/arm-none-eabi/10.3.1/thumb/v7e-m+fp/hard/crtbegin.o
LOAD c:/work/hardware/applications/stm32/stm32cubeide_1.11.2/stm32cubeide/plugins/com.st.stm32cube.ide.mcu.externaltools.gnu-tools-for-stm32.10.3-2021.10.win32_1.0.100.202210260954/tools/bin/../lib/gcc/arm-none-eabi/10.3.1/../../../../arm-none-eabi/lib/thumb/v7e-m+fp/hard/crt0.o
LOAD ./Core/Src/DataHandling.o
LOAD ./Core/Src/FlashMemoryAccess.o
LOAD ./Core/Src/ManagementMother.o
LOAD ./Core/Src/UnitTests.o
LOAD ./Core/Src/main.o
LOAD ./Core/Src/retarget.o
LOAD ./Core/Src/stm32l4xx_hal_msp.o
LOAD ./Core/Src/stm32l4xx_it.o
LOAD ./Core/Src/sysmem.o
LOAD ./Core/Src/system_stm32l4xx.o
LOAD ./Core/Src/RF/comms.o
LOAD ./Core/Src/SDcard/SDcommunication.o
LOAD ./Core/Src/SDcard/fatfsSD.o
LOAD ./Core/Startup/startup_stm32l412rbtxp.o
LOAD ./Drivers/STM32L4xx_HAL_Driver/Src/stm32l4xx_hal.o
LOAD ./Drivers/STM32L4xx_HAL_Driver/Src/stm32l4xx_hal_adc.o
LOAD ./Drivers/STM32L4xx_HAL_Driver/Src/stm32l4xx_hal_adc_ex.o
LOAD ./Drivers/STM32L4xx_HAL_Driver/Src/stm32l4xx_hal_cortex.o
LOAD ./Drivers/STM32L4xx_HAL_Driver/Src/stm32l4xx_hal_dma.o
LOAD ./Drivers/STM32L4xx_HAL_Driver/Src/stm32l4xx_hal_dma_ex.o
LOAD ./Drivers/STM32L4xx_HAL_Driver/Src/stm32l4xx_hal_exti.o
LOAD ./Drivers/STM32L4xx_HAL_Driver/Src/stm32l4xx_hal_flash.o
LOAD ./Drivers/STM32L4xx_HAL_Driver/Src/stm32l4xx_hal_flash_ex.o
LOAD ./Drivers/STM32L4xx_HAL_Driver/Src/stm32l4xx_hal_flash_ramfunc.o
LOAD ./Drivers/STM32L4xx_HAL_Driver/Src/stm32l4xx_hal_gpio.o
LOAD ./Drivers/STM32L4xx_HAL_Driver/Src/stm32l4xx_hal_i2c.o
LOAD ./Drivers/STM32L4xx_HAL_Driver/Src/stm32l4xx_hal_i2c_ex.o
LOAD ./Drivers/STM32L4xx_HAL_Driver/Src/stm32l4xx_hal_pwr.o
LOAD ./Drivers/STM32L4xx_HAL_Driver/Src/stm32l4xx_hal_pwr_ex.o
LOAD ./Drivers/STM32L4xx_HAL_Driver/Src/stm32l4xx_hal_rcc.o
LOAD ./Drivers/STM32L4xx_HAL_Driver/Src/stm32l4xx_hal_rcc_ex.o
LOAD ./Drivers/STM32L4xx_HAL_Driver/Src/stm32l4xx_hal_rng.o
LOAD ./Drivers/STM32L4xx_HAL_Driver/Src/stm32l4xx_hal_rtc.o
LOAD ./Drivers/STM32L4xx_HAL_Driver/Src/stm32l4xx_hal_rtc_ex.o
LOAD ./Drivers/STM32L4xx_HAL_Driver/Src/stm32l4xx_hal_spi.o
LOAD ./Drivers/STM32L4xx_HAL_Driver/Src/stm32l4xx_hal_spi_ex.o
LOAD ./Drivers/STM32L4xx_HAL_Driver/Src/stm32l4xx_hal_uart.o
LOAD ./Drivers/STM32L4xx_HAL_Driver/Src/stm32l4xx_hal_uart_ex.o
LOAD ./FATFS/App/fatfs.o
LOAD ./FATFS/Target/user_diskio.o
LOAD ./Middlewares/Third_Party/FatFs/src/diskio.o
LOAD ./Middlewares/Third_Party/FatFs/src/ff.o
LOAD ./Middlewares/Third_Party/FatFs/src/ff_gen_drv.o
LOAD ./Middlewares/Third_Party/FatFs/src/option/ccsbcs.o
LOAD ./Middlewares/Third_Party/FatFs/src/option/syscall.o
START GROUP
LOAD c:/work/hardware/applications/stm32/stm32cubeide_1.11.2/stm32cubeide/plugins/com.st.stm32cube.ide.mcu.externaltools.gnu-tools-for-stm32.10.3-2021.10.win32_1.0.100.202210260954/tools/bin/../lib/gcc/arm-none-eabi/10.3.1/../../../../arm-none-eabi/lib/thumb/v7e-m+fp/hard\libc_nano.a
LOAD c:/work/hardware/applications/stm32/stm32cubeide_1.11.2/stm32cubeide/plugins/com.st.stm32cube.ide.mcu.externaltools.gnu-tools-for-stm32.10.3-2021.10.win32_1.0.100.202210260954/tools/bin/../lib/gcc/arm-none-eabi/10.3.1/../../../../arm-none-eabi/lib/thumb/v7e-m+fp/hard\libm.a
END GROUP
START GROUP
LOAD c:/work/hardware/applications/stm32/stm32cubeide_1.11.2/stm32cubeide/plugins/com.st.stm32cube.ide.mcu.externaltools.gnu-tools-for-stm32.10.3-2021.10.win32_1.0.100.202210260954/tools/bin/../lib/gcc/arm-none-eabi/10.3.1/thumb/v7e-m+fp/hard\libgcc.a
LOAD c:/work/hardware/applications/stm32/stm32cubeide_1.11.2/stm32cubeide/plugins/com.st.stm32cube.ide.mcu.externaltools.gnu-tools-for-stm32.10.3-2021.10.win32_1.0.100.202210260954/tools/bin/../lib/gcc/arm-none-eabi/10.3.1/../../../../arm-none-eabi/lib/thumb/v7e-m+fp/hard\libc_nano.a
END GROUP
START GROUP
LOAD c:/work/hardware/applications/stm32/stm32cubeide_1.11.2/stm32cubeide/plugins/com.st.stm32cube.ide.mcu.externaltools.gnu-tools-for-stm32.10.3-2021.10.win32_1.0.100.202210260954/tools/bin/../lib/gcc/arm-none-eabi/10.3.1/thumb/v7e-m+fp/hard\libgcc.a
LOAD c:/work/hardware/applications/stm32/stm32cubeide_1.11.2/stm32cubeide/plugins/com.st.stm32cube.ide.mcu.externaltools.gnu-tools-for-stm32.10.3-2021.10.win32_1.0.100.202210260954/tools/bin/../lib/gcc/arm-none-eabi/10.3.1/../../../../arm-none-eabi/lib/thumb/v7e-m+fp/hard\libc_nano.a
LOAD c:/work/hardware/applications/stm32/stm32cubeide_1.11.2/stm32cubeide/plugins/com.st.stm32cube.ide.mcu.externaltools.gnu-tools-for-stm32.10.3-2021.10.win32_1.0.100.202210260954/tools/bin/../lib/gcc/arm-none-eabi/10.3.1/../../../../arm-none-eabi/lib/thumb/v7e-m+fp/hard\libnosys.a
END GROUP
START GROUP
LOAD c:/work/hardware/applications/stm32/stm32cubeide_1.11.2/stm32cubeide/plugins/com.st.stm32cube.ide.mcu.externaltools.gnu-tools-for-stm32.10.3-2021.10.win32_1.0.100.202210260954/tools/bin/../lib/gcc/arm-none-eabi/10.3.1/thumb/v7e-m+fp/hard\libgcc.a
LOAD c:/work/hardware/applications/stm32/stm32cubeide_1.11.2/stm32cubeide/plugins/com.st.stm32cube.ide.mcu.externaltools.gnu-tools-for-stm32.10.3-2021.10.win32_1.0.100.202210260954/tools/bin/../lib/gcc/arm-none-eabi/10.3.1/../../../../arm-none-eabi/lib/thumb/v7e-m+fp/hard\libc_nano.a
LOAD c:/work/hardware/applications/stm32/stm32cubeide_1.11.2/stm32cubeide/plugins/com.st.stm32cube.ide.mcu.externaltools.gnu-tools-for-stm32.10.3-2021.10.win32_1.0.100.202210260954/tools/bin/../lib/gcc/arm-none-eabi/10.3.1/../../../../arm-none-eabi/lib/thumb/v7e-m+fp/hard\libnosys.a
END GROUP
LOAD c:/work/hardware/applications/stm32/stm32cubeide_1.11.2/stm32cubeide/plugins/com.st.stm32cube.ide.mcu.externaltools.gnu-tools-for-stm32.10.3-2021.10.win32_1.0.100.202210260954/tools/bin/../lib/gcc/arm-none-eabi/10.3.1/thumb/v7e-m+fp/hard/crtend.o
LOAD c:/work/hardware/applications/stm32/stm32cubeide_1.11.2/stm32cubeide/plugins/com.st.stm32cube.ide.mcu.externaltools.gnu-tools-for-stm32.10.3-2021.10.win32_1.0.100.202210260954/tools/bin/../lib/gcc/arm-none-eabi/10.3.1/thumb/v7e-m+fp/hard/crtn.o
                0x000000002000a000                _estack = (ORIGIN (RAM) + LENGTH (RAM))
                0x0000000000000200                _Min_Heap_Size = 0x200
                0x0000000000000400                _Min_Stack_Size = 0x400

.isr_vector     0x0000000008000000      0x18c
                0x0000000008000000                . = ALIGN (0x4)
 *(.isr_vector)
 .isr_vector    0x0000000008000000      0x18c ./Core/Startup/startup_stm32l412rbtxp.o
                0x0000000008000000                g_pfnVectors
                0x000000000800018c                . = ALIGN (0x4)

.text           0x0000000008000190    0x13a28
                0x0000000008000190                . = ALIGN (0x4)
 *(.text)
 .text          0x0000000008000190       0x40 c:/work/hardware/applications/stm32/stm32cubeide_1.11.2/stm32cubeide/plugins/com.st.stm32cube.ide.mcu.externaltools.gnu-tools-for-stm32.10.3-2021.10.win32_1.0.100.202210260954/tools/bin/../lib/gcc/arm-none-eabi/10.3.1/thumb/v7e-m+fp/hard/crtbegin.o
 .text          0x00000000080001d0       0x10 c:/work/hardware/applications/stm32/stm32cubeide_1.11.2/stm32cubeide/plugins/com.st.stm32cube.ide.mcu.externaltools.gnu-tools-for-stm32.10.3-2021.10.win32_1.0.100.202210260954/tools/bin/../lib/gcc/arm-none-eabi/10.3.1/../../../../arm-none-eabi/lib/thumb/v7e-m+fp/hard\libc_nano.a(lib_a-strlen.o)
                0x00000000080001d0                strlen
 .text          0x00000000080001e0       0xa0 c:/work/hardware/applications/stm32/stm32cubeide_1.11.2/stm32cubeide/plugins/com.st.stm32cube.ide.mcu.externaltools.gnu-tools-for-stm32.10.3-2021.10.win32_1.0.100.202210260954/tools/bin/../lib/gcc/arm-none-eabi/10.3.1/../../../../arm-none-eabi/lib/thumb/v7e-m+fp/hard\libc_nano.a(lib_a-memchr.o)
                0x00000000080001e0                memchr
 .text          0x0000000008000280      0x378 c:/work/hardware/applications/stm32/stm32cubeide_1.11.2/stm32cubeide/plugins/com.st.stm32cube.ide.mcu.externaltools.gnu-tools-for-stm32.10.3-2021.10.win32_1.0.100.202210260954/tools/bin/../lib/gcc/arm-none-eabi/10.3.1/thumb/v7e-m+fp/hard\libgcc.a(_arm_addsubdf3.o)
                0x0000000008000280                __aeabi_drsub
                0x0000000008000288                __aeabi_dsub
                0x0000000008000288                __subdf3
                0x000000000800028c                __aeabi_dadd
                0x000000000800028c                __adddf3
                0x0000000008000504                __floatunsidf
                0x0000000008000504                __aeabi_ui2d
                0x0000000008000524                __floatsidf
                0x0000000008000524                __aeabi_i2d
                0x0000000008000548                __aeabi_f2d
                0x0000000008000548                __extendsfdf2
                0x000000000800058c                __floatundidf
                0x000000000800058c                __aeabi_ul2d
                0x000000000800059c                __floatdidf
                0x000000000800059c                __aeabi_l2d
 .text          0x00000000080005f8      0x424 c:/work/hardware/applications/stm32/stm32cubeide_1.11.2/stm32cubeide/plugins/com.st.stm32cube.ide.mcu.externaltools.gnu-tools-for-stm32.10.3-2021.10.win32_1.0.100.202210260954/tools/bin/../lib/gcc/arm-none-eabi/10.3.1/thumb/v7e-m+fp/hard\libgcc.a(_arm_muldivdf3.o)
                0x00000000080005f8                __aeabi_dmul
                0x00000000080005f8                __muldf3
                0x000000000800084c                __divdf3
                0x000000000800084c                __aeabi_ddiv
 .text          0x0000000008000a1c      0x110 c:/work/hardware/applications/stm32/stm32cubeide_1.11.2/stm32cubeide/plugins/com.st.stm32cube.ide.mcu.externaltools.gnu-tools-for-stm32.10.3-2021.10.win32_1.0.100.202210260954/tools/bin/../lib/gcc/arm-none-eabi/10.3.1/thumb/v7e-m+fp/hard\libgcc.a(_arm_cmpdf2.o)
                0x0000000008000a1c                __gtdf2
                0x0000000008000a1c                __gedf2
                0x0000000008000a24                __ltdf2
                0x0000000008000a24                __ledf2
                0x0000000008000a2c                __nedf2
                0x0000000008000a2c                __eqdf2
                0x0000000008000a2c                __cmpdf2
                0x0000000008000aa8                __aeabi_cdrcmple
                0x0000000008000ab8                __aeabi_cdcmpeq
                0x0000000008000ab8                __aeabi_cdcmple
                0x0000000008000ac8                __aeabi_dcmpeq
                0x0000000008000adc                __aeabi_dcmplt
                0x0000000008000af0                __aeabi_dcmple
                0x0000000008000b04                __aeabi_dcmpge
                0x0000000008000b18                __aeabi_dcmpgt
 .text          0x0000000008000b2c       0x2c c:/work/hardware/applications/stm32/stm32cubeide_1.11.2/stm32cubeide/plugins/com.st.stm32cube.ide.mcu.externaltools.gnu-tools-for-stm32.10.3-2021.10.win32_1.0.100.202210260954/tools/bin/../lib/gcc/arm-none-eabi/10.3.1/thumb/v7e-m+fp/hard\libgcc.a(_arm_unorddf2.o)
                0x0000000008000b2c                __unorddf2
                0x0000000008000b2c                __aeabi_dcmpun
 .text          0x0000000008000b58       0x50 c:/work/hardware/applications/stm32/stm32cubeide_1.11.2/stm32cubeide/plugins/com.st.stm32cube.ide.mcu.externaltools.gnu-tools-for-stm32.10.3-2021.10.win32_1.0.100.202210260954/tools/bin/../lib/gcc/arm-none-eabi/10.3.1/thumb/v7e-m+fp/hard\libgcc.a(_arm_fixdfsi.o)
                0x0000000008000b58                __aeabi_d2iz
                0x0000000008000b58                __fixdfsi
 .text          0x0000000008000ba8       0x30 c:/work/hardware/applications/stm32/stm32cubeide_1.11.2/stm32cubeide/plugins/com.st.stm32cube.ide.mcu.externaltools.gnu-tools-for-stm32.10.3-2021.10.win32_1.0.100.202210260954/tools/bin/../lib/gcc/arm-none-eabi/10.3.1/thumb/v7e-m+fp/hard\libgcc.a(_aeabi_uldivmod.o)
                0x0000000008000ba8                __aeabi_uldivmod
 .text          0x0000000008000bd8      0x2d0 c:/work/hardware/applications/stm32/stm32cubeide_1.11.2/stm32cubeide/plugins/com.st.stm32cube.ide.mcu.externaltools.gnu-tools-for-stm32.10.3-2021.10.win32_1.0.100.202210260954/tools/bin/../lib/gcc/arm-none-eabi/10.3.1/thumb/v7e-m+fp/hard\libgcc.a(_udivmoddi4.o)
                0x0000000008000bd8                __udivmoddi4
 .text          0x0000000008000ea8        0x4 c:/work/hardware/applications/stm32/stm32cubeide_1.11.2/stm32cubeide/plugins/com.st.stm32cube.ide.mcu.externaltools.gnu-tools-for-stm32.10.3-2021.10.win32_1.0.100.202210260954/tools/bin/../lib/gcc/arm-none-eabi/10.3.1/thumb/v7e-m+fp/hard\libgcc.a(_dvmd_tls.o)
                0x0000000008000ea8                __aeabi_idiv0
                0x0000000008000ea8                __aeabi_ldiv0
 *(.text*)
 .text.decodeMeasurementData
                0x0000000008000eac      0x176 ./Core/Src/DataHandling.o
                0x0000000008000eac                decodeMeasurementData
 .text.deviceDataDecompression
                0x0000000008001022       0x7a ./Core/Src/DataHandling.o
                0x0000000008001022                deviceDataDecompression
 .text.Flash_Erase_Data
                0x000000000800109c       0x98 ./Core/Src/FlashMemoryAccess.o
                0x000000000800109c                Flash_Erase_Data
 .text.Flash_Write_Data
                0x0000000008001134       0xdc ./Core/Src/FlashMemoryAccess.o
                0x0000000008001134                Flash_Write_Data
 .text.Flash_Read_Data
                0x0000000008001210       0x42 ./Core/Src/FlashMemoryAccess.o
                0x0000000008001210                Flash_Read_Data
 *fill*         0x0000000008001252        0x2 
 .text.addDeviceDataToSD
                0x0000000008001254      0x4b8 ./Core/Src/ManagementMother.o
                0x0000000008001254                addDeviceDataToSD
 .text.requestRFData
                0x000000000800170c      0x334 ./Core/Src/ManagementMother.o
                0x000000000800170c                requestRFData
 .text.scanDeviceForData
                0x0000000008001a40      0x850 ./Core/Src/ManagementMother.o
                0x0000000008001a40                scanDeviceForData
 .text.scanConfirmation
                0x0000000008002290       0xe2 ./Core/Src/ManagementMother.o
                0x0000000008002290                scanConfirmation
 *fill*         0x0000000008002372        0x2 
 .text.checkForNewDevices
                0x0000000008002374      0x124 ./Core/Src/ManagementMother.o
                0x0000000008002374                checkForNewDevices
 .text.acknowledgeDevice
                0x0000000008002498       0xe0 ./Core/Src/ManagementMother.o
                0x0000000008002498                acknowledgeDevice
 .text.removeDevices
                0x0000000008002578      0x4d4 ./Core/Src/ManagementMother.o
                0x0000000008002578                removeDevices
 .text.addNewDevices
                0x0000000008002a4c      0x61c ./Core/Src/ManagementMother.o
                0x0000000008002a4c                addNewDevices
 .text.setupSDcard
                0x0000000008003068      0x1ac ./Core/Src/ManagementMother.o
                0x0000000008003068                setupSDcard
 .text.addBrokenDeviceToSD
                0x0000000008003214       0x44 ./Core/Src/ManagementMother.o
                0x0000000008003214                addBrokenDeviceToSD
 .text.addLowBatteryDeviceToSD
                0x0000000008003258       0x44 ./Core/Src/ManagementMother.o
                0x0000000008003258                addLowBatteryDeviceToSD
 .text.getDevices
                0x000000000800329c      0x14c ./Core/Src/ManagementMother.o
                0x000000000800329c                getDevices
 .text.checkForRemote
                0x00000000080033e8       0xec ./Core/Src/ManagementMother.o
                0x00000000080033e8                checkForRemote
 .text.sentDataToRemote
                0x00000000080034d4      0x798 ./Core/Src/ManagementMother.o
                0x00000000080034d4                sentDataToRemote
 .text.memorySetup
                0x0000000008003c6c       0x64 ./Core/Src/ManagementMother.o
                0x0000000008003c6c                memorySetup
 .text.mainSetup
                0x0000000008003cd0       0x88 ./Core/Src/ManagementMother.o
                0x0000000008003cd0                mainSetup
 .text.remoteAccessHandling
                0x0000000008003d58       0x64 ./Core/Src/ManagementMother.o
                0x0000000008003d58                remoteAccessHandling
 .text.IDhandling
                0x0000000008003dbc      0x104 ./Core/Src/ManagementMother.o
                0x0000000008003dbc                IDhandling
 .text.setShutdownMode
                0x0000000008003ec0       0x1c ./Core/Src/ManagementMother.o
                0x0000000008003ec0                setShutdownMode
 .text.mainOperation
                0x0000000008003edc       0xfc ./Core/Src/ManagementMother.o
                0x0000000008003edc                mainOperation
 .text.main     0x0000000008003fd8       0xd8 ./Core/Src/main.o
                0x0000000008003fd8                main
 .text.SystemClock_Config
                0x00000000080040b0       0xb8 ./Core/Src/main.o
                0x00000000080040b0                SystemClock_Config
 .text.MX_ADC1_Init
                0x0000000008004168       0xec ./Core/Src/main.o
 .text.MX_LPUART1_UART_Init
                0x0000000008004254       0x58 ./Core/Src/main.o
 .text.MX_USART3_UART_Init
                0x00000000080042ac       0x60 ./Core/Src/main.o
 .text.MX_RNG_Init
                0x000000000800430c       0x28 ./Core/Src/main.o
 .text.MX_RTC_Init
                0x0000000008004334      0x1a0 ./Core/Src/main.o
 .text.MX_SPI2_Init
                0x00000000080044d4       0x7c ./Core/Src/main.o
 .text.MX_GPIO_Init
                0x0000000008004550      0x128 ./Core/Src/main.o
 .text.HAL_UART_RxCpltCallback
                0x0000000008004678       0x6c ./Core/Src/main.o
                0x0000000008004678                HAL_UART_RxCpltCallback
 .text.Error_Handler
                0x00000000080046e4        0xa ./Core/Src/main.o
                0x00000000080046e4                Error_Handler
 *fill*         0x00000000080046ee        0x2 
 .text.RetargetInit
                0x00000000080046f0       0x30 ./Core/Src/retarget.o
                0x00000000080046f0                RetargetInit
 .text._isatty  0x0000000008004720       0x2c ./Core/Src/retarget.o
                0x0000000008004720                _isatty
 .text._write   0x000000000800474c       0x58 ./Core/Src/retarget.o
                0x000000000800474c                _write
 .text._close   0x00000000080047a4       0x2e ./Core/Src/retarget.o
                0x00000000080047a4                _close
 .text._lseek   0x00000000080047d2       0x22 ./Core/Src/retarget.o
                0x00000000080047d2                _lseek
 .text._read    0x00000000080047f4       0x50 ./Core/Src/retarget.o
                0x00000000080047f4                _read
 .text._fstat   0x0000000008004844       0x36 ./Core/Src/retarget.o
                0x0000000008004844                _fstat
 *fill*         0x000000000800487a        0x2 
 .text.HAL_MspInit
                0x000000000800487c       0x48 ./Core/Src/stm32l4xx_hal_msp.o
                0x000000000800487c                HAL_MspInit
 .text.HAL_ADC_MspInit
                0x00000000080048c4       0x7c ./Core/Src/stm32l4xx_hal_msp.o
                0x00000000080048c4                HAL_ADC_MspInit
 .text.HAL_UART_MspInit
                0x0000000008004940      0x140 ./Core/Src/stm32l4xx_hal_msp.o
                0x0000000008004940                HAL_UART_MspInit
 .text.HAL_RNG_MspInit
                0x0000000008004a80       0x68 ./Core/Src/stm32l4xx_hal_msp.o
                0x0000000008004a80                HAL_RNG_MspInit
 .text.HAL_RTC_MspInit
                0x0000000008004ae8       0xa8 ./Core/Src/stm32l4xx_hal_msp.o
                0x0000000008004ae8                HAL_RTC_MspInit
 .text.HAL_SPI_MspInit
                0x0000000008004b90       0x88 ./Core/Src/stm32l4xx_hal_msp.o
                0x0000000008004b90                HAL_SPI_MspInit
 .text.SDTimer_Handler
                0x0000000008004c18       0x48 ./Core/Src/stm32l4xx_it.o
                0x0000000008004c18                SDTimer_Handler
 .text.NMI_Handler
                0x0000000008004c60        0x6 ./Core/Src/stm32l4xx_it.o
                0x0000000008004c60                NMI_Handler
 .text.HardFault_Handler
                0x0000000008004c66        0x6 ./Core/Src/stm32l4xx_it.o
                0x0000000008004c66                HardFault_Handler
 .text.MemManage_Handler
                0x0000000008004c6c        0x6 ./Core/Src/stm32l4xx_it.o
                0x0000000008004c6c                MemManage_Handler
 .text.BusFault_Handler
                0x0000000008004c72        0x6 ./Core/Src/stm32l4xx_it.o
                0x0000000008004c72                BusFault_Handler
 .text.UsageFault_Handler
                0x0000000008004c78        0x6 ./Core/Src/stm32l4xx_it.o
                0x0000000008004c78                UsageFault_Handler
 .text.SVC_Handler
                0x0000000008004c7e        0xe ./Core/Src/stm32l4xx_it.o
                0x0000000008004c7e                SVC_Handler
 .text.DebugMon_Handler
                0x0000000008004c8c        0xe ./Core/Src/stm32l4xx_it.o
                0x0000000008004c8c                DebugMon_Handler
 .text.PendSV_Handler
                0x0000000008004c9a        0xe ./Core/Src/stm32l4xx_it.o
                0x0000000008004c9a                PendSV_Handler
 .text.SysTick_Handler
                0x0000000008004ca8       0x34 ./Core/Src/stm32l4xx_it.o
                0x0000000008004ca8                SysTick_Handler
 .text.RTC_Alarm_IRQHandler
                0x0000000008004cdc       0x14 ./Core/Src/stm32l4xx_it.o
                0x0000000008004cdc                RTC_Alarm_IRQHandler
 .text.LPUART1_IRQHandler
                0x0000000008004cf0       0x14 ./Core/Src/stm32l4xx_it.o
                0x0000000008004cf0                LPUART1_IRQHandler
 .text._sbrk    0x0000000008004d04       0x6c ./Core/Src/sysmem.o
                0x0000000008004d04                _sbrk
 .text.SystemInit
                0x0000000008004d70       0x24 ./Core/Src/system_stm32l4xx.o
                0x0000000008004d70                SystemInit
 .text.init_comms
                0x0000000008004d94       0x9c ./Core/Src/RF/comms.o
                0x0000000008004d94                init_comms
 .text.Comms_Handler
                0x0000000008004e30      0x4f6 ./Core/Src/RF/comms.o
                0x0000000008004e30                Comms_Handler
 .text.Discovery_Handler
                0x0000000008005326       0x38 ./Core/Src/RF/comms.o
                0x0000000008005326                Discovery_Handler
 .text.Message_Handler
                0x000000000800535e       0x2e ./Core/Src/RF/comms.o
                0x000000000800535e                Message_Handler
 .text.Message_Forwarder
                0x000000000800538c      0x31c ./Core/Src/RF/comms.o
                0x000000000800538c                Message_Forwarder
 .text.Im_Here  0x00000000080056a8       0x90 ./Core/Src/RF/comms.o
                0x00000000080056a8                Im_Here
 .text.Send     0x0000000008005738       0xa0 ./Core/Src/RF/comms.o
                0x0000000008005738                Send
 .text.random_delay
                0x00000000080057d8       0x3c ./Core/Src/RF/comms.o
                0x00000000080057d8                random_delay
 .text.create_queue
                0x0000000008005814       0x2c ./Core/Src/RF/comms.o
                0x0000000008005814                create_queue
 .text.is_full  0x0000000008005840       0x24 ./Core/Src/RF/comms.o
                0x0000000008005840                is_full
 .text.is_empty
                0x0000000008005864       0x24 ./Core/Src/RF/comms.o
                0x0000000008005864                is_empty
 .text.enqueue  0x0000000008005888       0x64 ./Core/Src/RF/comms.o
                0x0000000008005888                enqueue
 .text.dequeue  0x00000000080058ec       0x68 ./Core/Src/RF/comms.o
                0x00000000080058ec                dequeue
 .text.sendSD   0x0000000008005954       0xa8 ./Core/Src/SDcard/SDcommunication.o
                0x0000000008005954                sendSD
 .text.setupCard
                0x00000000080059fc       0x38 ./Core/Src/SDcard/SDcommunication.o
                0x00000000080059fc                setupCard
 .text.stopCard
                0x0000000008005a34       0x30 ./Core/Src/SDcard/SDcommunication.o
                0x0000000008005a34                stopCard
 .text.getSD    0x0000000008005a64       0x70 ./Core/Src/SDcard/SDcommunication.o
                0x0000000008005a64                getSD
 .text.SELECT   0x0000000008005ad4       0x1c ./Core/Src/SDcard/fatfsSD.o
 .text.DESELECT
                0x0000000008005af0       0x1c ./Core/Src/SDcard/fatfsSD.o
 .text.SPI_TxByte
                0x0000000008005b0c       0x34 ./Core/Src/SDcard/fatfsSD.o
 .text.SPI_TxBuffer
                0x0000000008005b40       0x34 ./Core/Src/SDcard/fatfsSD.o
 .text.SPI_RxByte
                0x0000000008005b74       0x38 ./Core/Src/SDcard/fatfsSD.o
 .text.SPI_RxBytePtr
                0x0000000008005bac       0x1c ./Core/Src/SDcard/fatfsSD.o
 .text.SD_ReadyWait
                0x0000000008005bc8       0x34 ./Core/Src/SDcard/fatfsSD.o
 .text.SD_PowerOn
                0x0000000008005bfc       0x84 ./Core/Src/SDcard/fatfsSD.o
 .text.SD_PowerOff
                0x0000000008005c80       0x18 ./Core/Src/SDcard/fatfsSD.o
 .text.SD_CheckPower
                0x0000000008005c98       0x18 ./Core/Src/SDcard/fatfsSD.o
 .text.SD_RxDataBlock
                0x0000000008005cb0       0x60 ./Core/Src/SDcard/fatfsSD.o
 .text.SD_TxDataBlock
                0x0000000008005d10       0x86 ./Core/Src/SDcard/fatfsSD.o
 .text.SD_SendCmd
                0x0000000008005d96       0xa8 ./Core/Src/SDcard/fatfsSD.o
 *fill*         0x0000000008005e3e        0x2 
 .text.SD_disk_initialize
                0x0000000008005e40      0x1d8 ./Core/Src/SDcard/fatfsSD.o
                0x0000000008005e40                SD_disk_initialize
 .text.SD_disk_status
                0x0000000008006018       0x2c ./Core/Src/SDcard/fatfsSD.o
                0x0000000008006018                SD_disk_status
 .text.SD_disk_read
                0x0000000008006044       0xd4 ./Core/Src/SDcard/fatfsSD.o
                0x0000000008006044                SD_disk_read
 .text.SD_disk_write
                0x0000000008006118      0x108 ./Core/Src/SDcard/fatfsSD.o
                0x0000000008006118                SD_disk_write
 .text.SD_disk_ioctl
                0x0000000008006220      0x258 ./Core/Src/SDcard/fatfsSD.o
                0x0000000008006220                SD_disk_ioctl
 .text.Reset_Handler
                0x0000000008006478       0x50 ./Core/Startup/startup_stm32l412rbtxp.o
                0x0000000008006478                Reset_Handler
 .text.Default_Handler
                0x00000000080064c8        0x2 ./Core/Startup/startup_stm32l412rbtxp.o
                0x00000000080064c8                EXTI2_IRQHandler
                0x00000000080064c8                TIM1_CC_IRQHandler
                0x00000000080064c8                TSC_IRQHandler
                0x00000000080064c8                TIM6_IRQHandler
                0x00000000080064c8                TAMP_STAMP_IRQHandler
                0x00000000080064c8                EXTI3_IRQHandler
                0x00000000080064c8                LPTIM2_IRQHandler
                0x00000000080064c8                I2C3_ER_IRQHandler
                0x00000000080064c8                EXTI0_IRQHandler
                0x00000000080064c8                I2C2_EV_IRQHandler
                0x00000000080064c8                FPU_IRQHandler
                0x00000000080064c8                TIM1_UP_TIM16_IRQHandler
                0x00000000080064c8                ADC1_2_IRQHandler
                0x00000000080064c8                SPI1_IRQHandler
                0x00000000080064c8                DMA2_Channel2_IRQHandler
                0x00000000080064c8                DMA1_Channel4_IRQHandler
                0x00000000080064c8                USART3_IRQHandler
                0x00000000080064c8                DMA1_Channel7_IRQHandler
                0x00000000080064c8                DMA2_Channel1_IRQHandler
                0x00000000080064c8                QUADSPI_IRQHandler
                0x00000000080064c8                I2C1_EV_IRQHandler
                0x00000000080064c8                DMA1_Channel6_IRQHandler
                0x00000000080064c8                DMA2_Channel4_IRQHandler
                0x00000000080064c8                RCC_IRQHandler
                0x00000000080064c8                TIM1_TRG_COM_IRQHandler
                0x00000000080064c8                DMA1_Channel1_IRQHandler
                0x00000000080064c8                Default_Handler
                0x00000000080064c8                DMA2_Channel7_IRQHandler
                0x00000000080064c8                EXTI15_10_IRQHandler
                0x00000000080064c8                I2C3_EV_IRQHandler
                0x00000000080064c8                USB_IRQHandler
                0x00000000080064c8                EXTI9_5_IRQHandler
                0x00000000080064c8                RTC_WKUP_IRQHandler
                0x00000000080064c8                PVD_PVM_IRQHandler
                0x00000000080064c8                SPI2_IRQHandler
                0x00000000080064c8                DMA2_Channel5_IRQHandler
                0x00000000080064c8                CRS_IRQHandler
                0x00000000080064c8                DMA1_Channel5_IRQHandler
                0x00000000080064c8                EXTI4_IRQHandler
                0x00000000080064c8                RNG_IRQHandler
                0x00000000080064c8                DMA1_Channel3_IRQHandler
                0x00000000080064c8                COMP_IRQHandler
                0x00000000080064c8                WWDG_IRQHandler
                0x00000000080064c8                DMA2_Channel6_IRQHandler
                0x00000000080064c8                TIM2_IRQHandler
                0x00000000080064c8                EXTI1_IRQHandler
                0x00000000080064c8                USART2_IRQHandler
                0x00000000080064c8                I2C2_ER_IRQHandler
                0x00000000080064c8                DMA1_Channel2_IRQHandler
                0x00000000080064c8                FLASH_IRQHandler
                0x00000000080064c8                USART1_IRQHandler
                0x00000000080064c8                I2C1_ER_IRQHandler
                0x00000000080064c8                LPTIM1_IRQHandler
                0x00000000080064c8                DMA2_Channel3_IRQHandler
                0x00000000080064c8                TIM1_BRK_TIM15_IRQHandler
 .text.HAL_Init
                0x00000000080064ca       0x30 ./Drivers/STM32L4xx_HAL_Driver/Src/stm32l4xx_hal.o
                0x00000000080064ca                HAL_Init
 *fill*         0x00000000080064fa        0x2 
 .text.HAL_InitTick
                0x00000000080064fc       0x78 ./Drivers/STM32L4xx_HAL_Driver/Src/stm32l4xx_hal.o
                0x00000000080064fc                HAL_InitTick
 .text.HAL_IncTick
                0x0000000008006574       0x28 ./Drivers/STM32L4xx_HAL_Driver/Src/stm32l4xx_hal.o
                0x0000000008006574                HAL_IncTick
 .text.HAL_GetTick
                0x000000000800659c       0x18 ./Drivers/STM32L4xx_HAL_Driver/Src/stm32l4xx_hal.o
                0x000000000800659c                HAL_GetTick
 .text.HAL_Delay
                0x00000000080065b4       0x48 ./Drivers/STM32L4xx_HAL_Driver/Src/stm32l4xx_hal.o
                0x00000000080065b4                HAL_Delay
 .text.HAL_SuspendTick
                0x00000000080065fc       0x20 ./Drivers/STM32L4xx_HAL_Driver/Src/stm32l4xx_hal.o
                0x00000000080065fc                HAL_SuspendTick
 .text.LL_ADC_SetCommonClock
                0x000000000800661c       0x26 ./Drivers/STM32L4xx_HAL_Driver/Src/stm32l4xx_hal_adc.o
 .text.LL_ADC_SetCommonPathInternalCh
                0x0000000008006642       0x26 ./Drivers/STM32L4xx_HAL_Driver/Src/stm32l4xx_hal_adc.o
 .text.LL_ADC_GetCommonPathInternalCh
                0x0000000008006668       0x1c ./Drivers/STM32L4xx_HAL_Driver/Src/stm32l4xx_hal_adc.o
 .text.LL_ADC_SetOffset
                0x0000000008006684       0x48 ./Drivers/STM32L4xx_HAL_Driver/Src/stm32l4xx_hal_adc.o
 .text.LL_ADC_GetOffsetChannel
                0x00000000080066cc       0x2c ./Drivers/STM32L4xx_HAL_Driver/Src/stm32l4xx_hal_adc.o
 .text.LL_ADC_SetOffsetState
                0x00000000080066f8       0x36 ./Drivers/STM32L4xx_HAL_Driver/Src/stm32l4xx_hal_adc.o
 .text.LL_ADC_SetSamplingTimeCommonConfig
                0x000000000800672e       0x26 ./Drivers/STM32L4xx_HAL_Driver/Src/stm32l4xx_hal_adc.o
 .text.LL_ADC_REG_SetSequencerRanks
                0x0000000008006754       0x58 ./Drivers/STM32L4xx_HAL_Driver/Src/stm32l4xx_hal_adc.o
 .text.LL_ADC_SetChannelSamplingTime
                0x00000000080067ac       0x56 ./Drivers/STM32L4xx_HAL_Driver/Src/stm32l4xx_hal_adc.o
 *fill*         0x0000000008006802        0x2 
 .text.LL_ADC_SetChannelSingleDiff
                0x0000000008006804       0x48 ./Drivers/STM32L4xx_HAL_Driver/Src/stm32l4xx_hal_adc.o
 .text.LL_ADC_DisableDeepPowerDown
                0x000000000800684c       0x24 ./Drivers/STM32L4xx_HAL_Driver/Src/stm32l4xx_hal_adc.o
 .text.LL_ADC_IsDeepPowerDownEnabled
                0x0000000008006870       0x28 ./Drivers/STM32L4xx_HAL_Driver/Src/stm32l4xx_hal_adc.o
 .text.LL_ADC_EnableInternalRegulator
                0x0000000008006898       0x28 ./Drivers/STM32L4xx_HAL_Driver/Src/stm32l4xx_hal_adc.o
 .text.LL_ADC_IsInternalRegulatorEnabled
                0x00000000080068c0       0x28 ./Drivers/STM32L4xx_HAL_Driver/Src/stm32l4xx_hal_adc.o
 .text.LL_ADC_IsEnabled
                0x00000000080068e8       0x26 ./Drivers/STM32L4xx_HAL_Driver/Src/stm32l4xx_hal_adc.o
 .text.LL_ADC_REG_IsConversionOngoing
                0x000000000800690e       0x26 ./Drivers/STM32L4xx_HAL_Driver/Src/stm32l4xx_hal_adc.o
 .text.LL_ADC_INJ_IsConversionOngoing
                0x0000000008006934       0x26 ./Drivers/STM32L4xx_HAL_Driver/Src/stm32l4xx_hal_adc.o
 *fill*         0x000000000800695a        0x2 
 .text.HAL_ADC_Init
                0x000000000800695c      0x2a0 ./Drivers/STM32L4xx_HAL_Driver/Src/stm32l4xx_hal_adc.o
                0x000000000800695c                HAL_ADC_Init
 .text.HAL_ADC_ConfigChannel
                0x0000000008006bfc      0x7f8 ./Drivers/STM32L4xx_HAL_Driver/Src/stm32l4xx_hal_adc.o
                0x0000000008006bfc                HAL_ADC_ConfigChannel
 .text.LL_ADC_IsEnabled
                0x00000000080073f4       0x26 ./Drivers/STM32L4xx_HAL_Driver/Src/stm32l4xx_hal_adc_ex.o
 .text.LL_ADC_REG_IsConversionOngoing
                0x000000000800741a       0x26 ./Drivers/STM32L4xx_HAL_Driver/Src/stm32l4xx_hal_adc_ex.o
 .text.HAL_ADCEx_MultiModeConfigChannel
                0x0000000008007440      0x148 ./Drivers/STM32L4xx_HAL_Driver/Src/stm32l4xx_hal_adc_ex.o
                0x0000000008007440                HAL_ADCEx_MultiModeConfigChannel
 .text.__NVIC_SetPriorityGrouping
                0x0000000008007588       0x48 ./Drivers/STM32L4xx_HAL_Driver/Src/stm32l4xx_hal_cortex.o
 .text.__NVIC_GetPriorityGrouping
                0x00000000080075d0       0x1c ./Drivers/STM32L4xx_HAL_Driver/Src/stm32l4xx_hal_cortex.o
 .text.__NVIC_EnableIRQ
                0x00000000080075ec       0x3c ./Drivers/STM32L4xx_HAL_Driver/Src/stm32l4xx_hal_cortex.o
 .text.__NVIC_SetPriority
                0x0000000008007628       0x54 ./Drivers/STM32L4xx_HAL_Driver/Src/stm32l4xx_hal_cortex.o
 .text.NVIC_EncodePriority
                0x000000000800767c       0x66 ./Drivers/STM32L4xx_HAL_Driver/Src/stm32l4xx_hal_cortex.o
 *fill*         0x00000000080076e2        0x2 
 .text.SysTick_Config
                0x00000000080076e4       0x44 ./Drivers/STM32L4xx_HAL_Driver/Src/stm32l4xx_hal_cortex.o
 .text.HAL_NVIC_SetPriorityGrouping
                0x0000000008007728       0x16 ./Drivers/STM32L4xx_HAL_Driver/Src/stm32l4xx_hal_cortex.o
                0x0000000008007728                HAL_NVIC_SetPriorityGrouping
 .text.HAL_NVIC_SetPriority
                0x000000000800773e       0x38 ./Drivers/STM32L4xx_HAL_Driver/Src/stm32l4xx_hal_cortex.o
                0x000000000800773e                HAL_NVIC_SetPriority
 .text.HAL_NVIC_EnableIRQ
                0x0000000008007776       0x1c ./Drivers/STM32L4xx_HAL_Driver/Src/stm32l4xx_hal_cortex.o
                0x0000000008007776                HAL_NVIC_EnableIRQ
 .text.HAL_SYSTICK_Config
                0x0000000008007792       0x18 ./Drivers/STM32L4xx_HAL_Driver/Src/stm32l4xx_hal_cortex.o
                0x0000000008007792                HAL_SYSTICK_Config
 .text.HAL_DMA_Abort
                0x00000000080077aa       0x7c ./Drivers/STM32L4xx_HAL_Driver/Src/stm32l4xx_hal_dma.o
                0x00000000080077aa                HAL_DMA_Abort
 .text.HAL_DMA_Abort_IT
                0x0000000008007826       0x82 ./Drivers/STM32L4xx_HAL_Driver/Src/stm32l4xx_hal_dma.o
                0x0000000008007826                HAL_DMA_Abort_IT
 .text.HAL_FLASH_Program
                0x00000000080078a8       0xd8 ./Drivers/STM32L4xx_HAL_Driver/Src/stm32l4xx_hal_flash.o
                0x00000000080078a8                HAL_FLASH_Program
 .text.HAL_FLASH_Unlock
                0x0000000008007980       0x44 ./Drivers/STM32L4xx_HAL_Driver/Src/stm32l4xx_hal_flash.o
                0x0000000008007980                HAL_FLASH_Unlock
 .text.HAL_FLASH_Lock
                0x00000000080079c4       0x20 ./Drivers/STM32L4xx_HAL_Driver/Src/stm32l4xx_hal_flash.o
                0x00000000080079c4                HAL_FLASH_Lock
 .text.HAL_FLASH_GetError
                0x00000000080079e4       0x18 ./Drivers/STM32L4xx_HAL_Driver/Src/stm32l4xx_hal_flash.o
                0x00000000080079e4                HAL_FLASH_GetError
 .text.FLASH_WaitForLastOperation
                0x00000000080079fc       0xb0 ./Drivers/STM32L4xx_HAL_Driver/Src/stm32l4xx_hal_flash.o
                0x00000000080079fc                FLASH_WaitForLastOperation
 .text.FLASH_Program_DoubleWord
                0x0000000008007aac       0x4c ./Drivers/STM32L4xx_HAL_Driver/Src/stm32l4xx_hal_flash.o
 .text.FLASH_Program_Fast
                0x0000000008007af8       0x6c ./Drivers/STM32L4xx_HAL_Driver/Src/stm32l4xx_hal_flash.o
 .text.HAL_FLASHEx_Erase
                0x0000000008007b64      0x130 ./Drivers/STM32L4xx_HAL_Driver/Src/stm32l4xx_hal_flash_ex.o
                0x0000000008007b64                HAL_FLASHEx_Erase
 .text.FLASH_MassErase
                0x0000000008007c94       0x3c ./Drivers/STM32L4xx_HAL_Driver/Src/stm32l4xx_hal_flash_ex.o
 .text.FLASH_PageErase
                0x0000000008007cd0       0x48 ./Drivers/STM32L4xx_HAL_Driver/Src/stm32l4xx_hal_flash_ex.o
                0x0000000008007cd0                FLASH_PageErase
 .text.FLASH_FlushCaches
                0x0000000008007d18       0x94 ./Drivers/STM32L4xx_HAL_Driver/Src/stm32l4xx_hal_flash_ex.o
                0x0000000008007d18                FLASH_FlushCaches
 .text.HAL_GPIO_Init
                0x0000000008007dac      0x2e4 ./Drivers/STM32L4xx_HAL_Driver/Src/stm32l4xx_hal_gpio.o
                0x0000000008007dac                HAL_GPIO_Init
 .text.HAL_GPIO_ReadPin
                0x0000000008008090       0x30 ./Drivers/STM32L4xx_HAL_Driver/Src/stm32l4xx_hal_gpio.o
                0x0000000008008090                HAL_GPIO_ReadPin
 .text.HAL_GPIO_WritePin
                0x00000000080080c0       0x30 ./Drivers/STM32L4xx_HAL_Driver/Src/stm32l4xx_hal_gpio.o
                0x00000000080080c0                HAL_GPIO_WritePin
 .text.HAL_PWR_EnableBkUpAccess
                0x00000000080080f0       0x20 ./Drivers/STM32L4xx_HAL_Driver/Src/stm32l4xx_hal_pwr.o
                0x00000000080080f0                HAL_PWR_EnableBkUpAccess
 .text.HAL_PWREx_GetVoltageRange
                0x0000000008008110       0x1c ./Drivers/STM32L4xx_HAL_Driver/Src/stm32l4xx_hal_pwr_ex.o
                0x0000000008008110                HAL_PWREx_GetVoltageRange
 .text.HAL_PWREx_ControlVoltageScaling
                0x000000000800812c       0xac ./Drivers/STM32L4xx_HAL_Driver/Src/stm32l4xx_hal_pwr_ex.o
                0x000000000800812c                HAL_PWREx_ControlVoltageScaling
 .text.HAL_PWREx_EnterSHUTDOWNMode
                0x00000000080081d8       0x34 ./Drivers/STM32L4xx_HAL_Driver/Src/stm32l4xx_hal_pwr_ex.o
                0x00000000080081d8                HAL_PWREx_EnterSHUTDOWNMode
 .text.HAL_RCC_OscConfig
                0x000000000800820c      0x8c4 ./Drivers/STM32L4xx_HAL_Driver/Src/stm32l4xx_hal_rcc.o
                0x000000000800820c                HAL_RCC_OscConfig
 .text.HAL_RCC_ClockConfig
                0x0000000008008ad0      0x200 ./Drivers/STM32L4xx_HAL_Driver/Src/stm32l4xx_hal_rcc.o
                0x0000000008008ad0                HAL_RCC_ClockConfig
 .text.HAL_RCC_GetSysClockFreq
                0x0000000008008cd0      0x118 ./Drivers/STM32L4xx_HAL_Driver/Src/stm32l4xx_hal_rcc.o
                0x0000000008008cd0                HAL_RCC_GetSysClockFreq
 .text.HAL_RCC_GetHCLKFreq
                0x0000000008008de8       0x18 ./Drivers/STM32L4xx_HAL_Driver/Src/stm32l4xx_hal_rcc.o
                0x0000000008008de8                HAL_RCC_GetHCLKFreq
 .text.HAL_RCC_GetPCLK1Freq
                0x0000000008008e00       0x2c ./Drivers/STM32L4xx_HAL_Driver/Src/stm32l4xx_hal_rcc.o
                0x0000000008008e00                HAL_RCC_GetPCLK1Freq
 .text.HAL_RCC_GetPCLK2Freq
                0x0000000008008e2c       0x2c ./Drivers/STM32L4xx_HAL_Driver/Src/stm32l4xx_hal_rcc.o
                0x0000000008008e2c                HAL_RCC_GetPCLK2Freq
 .text.RCC_SetFlashLatencyFromMSIRange
                0x0000000008008e58       0xc0 ./Drivers/STM32L4xx_HAL_Driver/Src/stm32l4xx_hal_rcc.o
 .text.HAL_RCCEx_PeriphCLKConfig
                0x0000000008008f18      0x30c ./Drivers/STM32L4xx_HAL_Driver/Src/stm32l4xx_hal_rcc_ex.o
                0x0000000008008f18                HAL_RCCEx_PeriphCLKConfig
 .text.HAL_RCCEx_EnableMSIPLLMode
                0x0000000008009224       0x20 ./Drivers/STM32L4xx_HAL_Driver/Src/stm32l4xx_hal_rcc_ex.o
                0x0000000008009224                HAL_RCCEx_EnableMSIPLLMode
 .text.HAL_RNG_Init
                0x0000000008009244       0xae ./Drivers/STM32L4xx_HAL_Driver/Src/stm32l4xx_hal_rng.o
                0x0000000008009244                HAL_RNG_Init
 .text.HAL_RNG_GenerateRandomNumber
                0x00000000080092f2       0x9e ./Drivers/STM32L4xx_HAL_Driver/Src/stm32l4xx_hal_rng.o
                0x00000000080092f2                HAL_RNG_GenerateRandomNumber
 .text.HAL_RTC_Init
                0x0000000008009390      0x104 ./Drivers/STM32L4xx_HAL_Driver/Src/stm32l4xx_hal_rtc.o
                0x0000000008009390                HAL_RTC_Init
 .text.HAL_RTC_SetTime
                0x0000000008009494      0x13a ./Drivers/STM32L4xx_HAL_Driver/Src/stm32l4xx_hal_rtc.o
                0x0000000008009494                HAL_RTC_SetTime
 .text.HAL_RTC_GetTime
                0x00000000080095ce       0xb8 ./Drivers/STM32L4xx_HAL_Driver/Src/stm32l4xx_hal_rtc.o
                0x00000000080095ce                HAL_RTC_GetTime
 .text.HAL_RTC_SetDate
                0x0000000008009686      0x10e ./Drivers/STM32L4xx_HAL_Driver/Src/stm32l4xx_hal_rtc.o
                0x0000000008009686                HAL_RTC_SetDate
 .text.HAL_RTC_GetDate
                0x0000000008009794       0x9a ./Drivers/STM32L4xx_HAL_Driver/Src/stm32l4xx_hal_rtc.o
                0x0000000008009794                HAL_RTC_GetDate
 *fill*         0x000000000800982e        0x2 
 .text.HAL_RTC_SetAlarm_IT
                0x0000000008009830      0x1e0 ./Drivers/STM32L4xx_HAL_Driver/Src/stm32l4xx_hal_rtc.o
                0x0000000008009830                HAL_RTC_SetAlarm_IT
 .text.HAL_RTC_AlarmIRQHandler
                0x0000000008009a10       0x5c ./Drivers/STM32L4xx_HAL_Driver/Src/stm32l4xx_hal_rtc.o
                0x0000000008009a10                HAL_RTC_AlarmIRQHandler
 .text.HAL_RTC_AlarmAEventCallback
                0x0000000008009a6c       0x14 ./Drivers/STM32L4xx_HAL_Driver/Src/stm32l4xx_hal_rtc.o
                0x0000000008009a6c                HAL_RTC_AlarmAEventCallback
 .text.HAL_RTC_WaitForSynchro
                0x0000000008009a80       0x4c ./Drivers/STM32L4xx_HAL_Driver/Src/stm32l4xx_hal_rtc.o
                0x0000000008009a80                HAL_RTC_WaitForSynchro
 .text.RTC_EnterInitMode
                0x0000000008009acc       0x6c ./Drivers/STM32L4xx_HAL_Driver/Src/stm32l4xx_hal_rtc.o
                0x0000000008009acc                RTC_EnterInitMode
 .text.RTC_ExitInitMode
                0x0000000008009b38       0x7c ./Drivers/STM32L4xx_HAL_Driver/Src/stm32l4xx_hal_rtc.o
                0x0000000008009b38                RTC_ExitInitMode
 .text.RTC_ByteToBcd2
                0x0000000008009bb4       0x40 ./Drivers/STM32L4xx_HAL_Driver/Src/stm32l4xx_hal_rtc.o
                0x0000000008009bb4                RTC_ByteToBcd2
 .text.RTC_Bcd2ToByte
                0x0000000008009bf4       0x34 ./Drivers/STM32L4xx_HAL_Driver/Src/stm32l4xx_hal_rtc.o
                0x0000000008009bf4                RTC_Bcd2ToByte
 .text.HAL_RTCEx_SetCalibrationOutPut
                0x0000000008009c28       0x8e ./Drivers/STM32L4xx_HAL_Driver/Src/stm32l4xx_hal_rtc_ex.o
                0x0000000008009c28                HAL_RTCEx_SetCalibrationOutPut
 .text.HAL_RTCEx_AlarmBEventCallback
                0x0000000008009cb6       0x14 ./Drivers/STM32L4xx_HAL_Driver/Src/stm32l4xx_hal_rtc_ex.o
                0x0000000008009cb6                HAL_RTCEx_AlarmBEventCallback
 .text.HAL_RTCEx_BKUPWrite
                0x0000000008009cca       0x40 ./Drivers/STM32L4xx_HAL_Driver/Src/stm32l4xx_hal_rtc_ex.o
                0x0000000008009cca                HAL_RTCEx_BKUPWrite
 .text.HAL_RTCEx_BKUPRead
                0x0000000008009d0a       0x3a ./Drivers/STM32L4xx_HAL_Driver/Src/stm32l4xx_hal_rtc_ex.o
                0x0000000008009d0a                HAL_RTCEx_BKUPRead
 .text.HAL_SPI_Init
                0x0000000008009d44      0x146 ./Drivers/STM32L4xx_HAL_Driver/Src/stm32l4xx_hal_spi.o
                0x0000000008009d44                HAL_SPI_Init
 .text.HAL_SPI_Transmit
                0x0000000008009e8a      0x2dc ./Drivers/STM32L4xx_HAL_Driver/Src/stm32l4xx_hal_spi.o
                0x0000000008009e8a                HAL_SPI_Transmit
 .text.HAL_SPI_TransmitReceive
                0x000000000800a166      0x426 ./Drivers/STM32L4xx_HAL_Driver/Src/stm32l4xx_hal_spi.o
                0x000000000800a166                HAL_SPI_TransmitReceive
 .text.SPI_WaitFlagStateUntilTimeout
                0x000000000800a58c      0x110 ./Drivers/STM32L4xx_HAL_Driver/Src/stm32l4xx_hal_spi.o
 .text.SPI_WaitFifoStateUntilTimeout
                0x000000000800a69c      0x12c ./Drivers/STM32L4xx_HAL_Driver/Src/stm32l4xx_hal_spi.o
 .text.SPI_EndRxTxTransaction
                0x000000000800a7c8       0x8c ./Drivers/STM32L4xx_HAL_Driver/Src/stm32l4xx_hal_spi.o
 .text.HAL_UART_Init
                0x000000000800a854       0x9c ./Drivers/STM32L4xx_HAL_Driver/Src/stm32l4xx_hal_uart.o
                0x000000000800a854                HAL_UART_Init
 .text.HAL_UART_Transmit
                0x000000000800a8f0      0x128 ./Drivers/STM32L4xx_HAL_Driver/Src/stm32l4xx_hal_uart.o
                0x000000000800a8f0                HAL_UART_Transmit
 .text.HAL_UART_Receive
                0x000000000800aa18      0x1a2 ./Drivers/STM32L4xx_HAL_Driver/Src/stm32l4xx_hal_uart.o
                0x000000000800aa18                HAL_UART_Receive
 *fill*         0x000000000800abba        0x2 
 .text.HAL_UART_Transmit_IT
                0x000000000800abbc       0xdc ./Drivers/STM32L4xx_HAL_Driver/Src/stm32l4xx_hal_uart.o
                0x000000000800abbc                HAL_UART_Transmit_IT
 .text.HAL_UART_Receive_IT
                0x000000000800ac98       0xac ./Drivers/STM32L4xx_HAL_Driver/Src/stm32l4xx_hal_uart.o
                0x000000000800ac98                HAL_UART_Receive_IT
 .text.HAL_UART_Abort_IT
                0x000000000800ad44      0x250 ./Drivers/STM32L4xx_HAL_Driver/Src/stm32l4xx_hal_uart.o
                0x000000000800ad44                HAL_UART_Abort_IT
 .text.HAL_UART_IRQHandler
                0x000000000800af94      0x5c4 ./Drivers/STM32L4xx_HAL_Driver/Src/stm32l4xx_hal_uart.o
                0x000000000800af94                HAL_UART_IRQHandler
 .text.HAL_UART_TxCpltCallback
                0x000000000800b558       0x14 ./Drivers/STM32L4xx_HAL_Driver/Src/stm32l4xx_hal_uart.o
                0x000000000800b558                HAL_UART_TxCpltCallback
 .text.HAL_UART_ErrorCallback
                0x000000000800b56c       0x14 ./Drivers/STM32L4xx_HAL_Driver/Src/stm32l4xx_hal_uart.o
                0x000000000800b56c                HAL_UART_ErrorCallback
 .text.HAL_UART_AbortCpltCallback
                0x000000000800b580       0x14 ./Drivers/STM32L4xx_HAL_Driver/Src/stm32l4xx_hal_uart.o
                0x000000000800b580                HAL_UART_AbortCpltCallback
 .text.HAL_UARTEx_RxEventCallback
                0x000000000800b594       0x18 ./Drivers/STM32L4xx_HAL_Driver/Src/stm32l4xx_hal_uart.o
                0x000000000800b594                HAL_UARTEx_RxEventCallback
 .text.UART_SetConfig
                0x000000000800b5ac      0x4b4 ./Drivers/STM32L4xx_HAL_Driver/Src/stm32l4xx_hal_uart.o
                0x000000000800b5ac                UART_SetConfig
 .text.UART_AdvFeatureConfig
                0x000000000800ba60      0x144 ./Drivers/STM32L4xx_HAL_Driver/Src/stm32l4xx_hal_uart.o
                0x000000000800ba60                UART_AdvFeatureConfig
 .text.UART_CheckIdleState
                0x000000000800bba4       0x92 ./Drivers/STM32L4xx_HAL_Driver/Src/stm32l4xx_hal_uart.o
                0x000000000800bba4                UART_CheckIdleState
 .text.UART_WaitOnFlagUntilTimeout
                0x000000000800bc36      0x188 ./Drivers/STM32L4xx_HAL_Driver/Src/stm32l4xx_hal_uart.o
                0x000000000800bc36                UART_WaitOnFlagUntilTimeout
 *fill*         0x000000000800bdbe        0x2 
 .text.UART_Start_Receive_IT
                0x000000000800bdc0      0x194 ./Drivers/STM32L4xx_HAL_Driver/Src/stm32l4xx_hal_uart.o
                0x000000000800bdc0                UART_Start_Receive_IT
 .text.UART_EndRxTransfer
                0x000000000800bf54       0xc6 ./Drivers/STM32L4xx_HAL_Driver/Src/stm32l4xx_hal_uart.o
 .text.UART_DMAAbortOnError
                0x000000000800c01a       0x2c ./Drivers/STM32L4xx_HAL_Driver/Src/stm32l4xx_hal_uart.o
 .text.UART_DMATxAbortCallback
                0x000000000800c046       0x6a ./Drivers/STM32L4xx_HAL_Driver/Src/stm32l4xx_hal_uart.o
 .text.UART_DMARxAbortCallback
                0x000000000800c0b0       0x7e ./Drivers/STM32L4xx_HAL_Driver/Src/stm32l4xx_hal_uart.o
 .text.UART_TxISR_8BIT
                0x000000000800c12e       0xb8 ./Drivers/STM32L4xx_HAL_Driver/Src/stm32l4xx_hal_uart.o
 .text.UART_TxISR_16BIT
                0x000000000800c1e6       0xc0 ./Drivers/STM32L4xx_HAL_Driver/Src/stm32l4xx_hal_uart.o
 .text.UART_EndTransmit_IT
                0x000000000800c2a6       0x54 ./Drivers/STM32L4xx_HAL_Driver/Src/stm32l4xx_hal_uart.o
 .text.UART_RxISR_8BIT
                0x000000000800c2fa      0x160 ./Drivers/STM32L4xx_HAL_Driver/Src/stm32l4xx_hal_uart.o
 .text.UART_RxISR_16BIT
                0x000000000800c45a      0x160 ./Drivers/STM32L4xx_HAL_Driver/Src/stm32l4xx_hal_uart.o
 .text.HAL_UARTEx_WakeupCallback
                0x000000000800c5ba       0x14 ./Drivers/STM32L4xx_HAL_Driver/Src/stm32l4xx_hal_uart_ex.o
                0x000000000800c5ba                HAL_UARTEx_WakeupCallback
 *fill*         0x000000000800c5ce        0x2 
 .text.MX_FATFS_Init
                0x000000000800c5d0       0x24 ./FATFS/App/fatfs.o
                0x000000000800c5d0                MX_FATFS_Init
 .text.get_fattime
                0x000000000800c5f4       0x10 ./FATFS/App/fatfs.o
                0x000000000800c5f4                get_fattime
 .text.USER_initialize
                0x000000000800c604       0x1c ./FATFS/Target/user_diskio.o
                0x000000000800c604                USER_initialize
 .text.USER_status
                0x000000000800c620       0x1c ./FATFS/Target/user_diskio.o
                0x000000000800c620                USER_status
 .text.USER_read
                0x000000000800c63c       0x26 ./FATFS/Target/user_diskio.o
                0x000000000800c63c                USER_read
 .text.USER_write
                0x000000000800c662       0x26 ./FATFS/Target/user_diskio.o
                0x000000000800c662                USER_write
 .text.USER_ioctl
                0x000000000800c688       0x26 ./FATFS/Target/user_diskio.o
                0x000000000800c688                USER_ioctl
 *fill*         0x000000000800c6ae        0x2 
 .text.disk_status
                0x000000000800c6b0       0x34 ./Middlewares/Third_Party/FatFs/src/diskio.o
                0x000000000800c6b0                disk_status
 .text.disk_initialize
                0x000000000800c6e4       0x4c ./Middlewares/Third_Party/FatFs/src/diskio.o
                0x000000000800c6e4                disk_initialize
 .text.disk_read
                0x000000000800c730       0x40 ./Middlewares/Third_Party/FatFs/src/diskio.o
                0x000000000800c730                disk_read
 .text.disk_write
                0x000000000800c770       0x40 ./Middlewares/Third_Party/FatFs/src/diskio.o
                0x000000000800c770                disk_write
 .text.disk_ioctl
                0x000000000800c7b0       0x3c ./Middlewares/Third_Party/FatFs/src/diskio.o
                0x000000000800c7b0                disk_ioctl
 .text.ld_word  0x000000000800c7ec       0x30 ./Middlewares/Third_Party/FatFs/src/ff.o
 .text.ld_dword
                0x000000000800c81c       0x46 ./Middlewares/Third_Party/FatFs/src/ff.o
 .text.st_word  0x000000000800c862       0x36 ./Middlewares/Third_Party/FatFs/src/ff.o
 .text.st_dword
                0x000000000800c898       0x58 ./Middlewares/Third_Party/FatFs/src/ff.o
 .text.mem_cpy  0x000000000800c8f0       0x42 ./Middlewares/Third_Party/FatFs/src/ff.o
 .text.mem_set  0x000000000800c932       0x36 ./Middlewares/Third_Party/FatFs/src/ff.o
 .text.mem_cmp  0x000000000800c968       0x4e ./Middlewares/Third_Party/FatFs/src/ff.o
 .text.chk_chr  0x000000000800c9b6       0x36 ./Middlewares/Third_Party/FatFs/src/ff.o
 .text.chk_lock
                0x000000000800c9ec       0xb8 ./Middlewares/Third_Party/FatFs/src/ff.o
 .text.enq_lock
                0x000000000800caa4       0x44 ./Middlewares/Third_Party/FatFs/src/ff.o
 .text.inc_lock
                0x000000000800cae8      0x11c ./Middlewares/Third_Party/FatFs/src/ff.o
 .text.dec_lock
                0x000000000800cc04       0x78 ./Middlewares/Third_Party/FatFs/src/ff.o
 .text.clear_lock
                0x000000000800cc7c       0x48 ./Middlewares/Third_Party/FatFs/src/ff.o
 .text.sync_window
                0x000000000800ccc4       0x88 ./Middlewares/Third_Party/FatFs/src/ff.o
 .text.move_window
                0x000000000800cd4c       0x5a ./Middlewares/Third_Party/FatFs/src/ff.o
 *fill*         0x000000000800cda6        0x2 
 .text.sync_fs  0x000000000800cda8       0xe0 ./Middlewares/Third_Party/FatFs/src/ff.o
 .text.clust2sect
                0x000000000800ce88       0x3e ./Middlewares/Third_Party/FatFs/src/ff.o
 .text.get_fat  0x000000000800cec6      0x1a8 ./Middlewares/Third_Party/FatFs/src/ff.o
 .text.put_fat  0x000000000800d06e      0x238 ./Middlewares/Third_Party/FatFs/src/ff.o
 .text.remove_chain
                0x000000000800d2a6       0xca ./Middlewares/Third_Party/FatFs/src/ff.o
 .text.create_chain
                0x000000000800d370      0x130 ./Middlewares/Third_Party/FatFs/src/ff.o
 .text.clmt_clust
                0x000000000800d4a0       0x70 ./Middlewares/Third_Party/FatFs/src/ff.o
 .text.dir_sdi  0x000000000800d510      0x112 ./Middlewares/Third_Party/FatFs/src/ff.o
 .text.dir_next
                0x000000000800d622      0x1ac ./Middlewares/Third_Party/FatFs/src/ff.o
 .text.dir_alloc
                0x000000000800d7ce       0x8e ./Middlewares/Third_Party/FatFs/src/ff.o
 .text.ld_clust
                0x000000000800d85c       0x3e ./Middlewares/Third_Party/FatFs/src/ff.o
 .text.st_clust
                0x000000000800d89a       0x40 ./Middlewares/Third_Party/FatFs/src/ff.o
 *fill*         0x000000000800d8da        0x2 
 .text.cmp_lfn  0x000000000800d8dc       0xe0 ./Middlewares/Third_Party/FatFs/src/ff.o
 .text.put_lfn  0x000000000800d9bc       0xd0 ./Middlewares/Third_Party/FatFs/src/ff.o
 .text.gen_numname
                0x000000000800da8c      0x11c ./Middlewares/Third_Party/FatFs/src/ff.o
 .text.sum_sfn  0x000000000800dba8       0x42 ./Middlewares/Third_Party/FatFs/src/ff.o
 .text.dir_find
                0x000000000800dbea      0x180 ./Middlewares/Third_Party/FatFs/src/ff.o
 *fill*         0x000000000800dd6a        0x2 
 .text.dir_register
                0x000000000800dd6c      0x1f0 ./Middlewares/Third_Party/FatFs/src/ff.o
 .text.create_name
                0x000000000800df5c      0x370 ./Middlewares/Third_Party/FatFs/src/ff.o
 .text.follow_path
                0x000000000800e2cc       0xec ./Middlewares/Third_Party/FatFs/src/ff.o
 .text.get_ldnumber
                0x000000000800e3b8       0x88 ./Middlewares/Third_Party/FatFs/src/ff.o
 .text.check_fs
                0x000000000800e440       0xac ./Middlewares/Third_Party/FatFs/src/ff.o
 .text.find_volume
                0x000000000800e4ec      0x50c ./Middlewares/Third_Party/FatFs/src/ff.o
 .text.validate
                0x000000000800e9f8       0x6a ./Middlewares/Third_Party/FatFs/src/ff.o
 *fill*         0x000000000800ea62        0x2 
 .text.f_mount  0x000000000800ea64       0x8c ./Middlewares/Third_Party/FatFs/src/ff.o
                0x000000000800ea64                f_mount
 .text.f_open   0x000000000800eaf0      0x398 ./Middlewares/Third_Party/FatFs/src/ff.o
                0x000000000800eaf0                f_open
 .text.f_read   0x000000000800ee88      0x2be ./Middlewares/Third_Party/FatFs/src/ff.o
                0x000000000800ee88                f_read
 .text.f_write  0x000000000800f146      0x328 ./Middlewares/Third_Party/FatFs/src/ff.o
                0x000000000800f146                f_write
 .text.f_sync   0x000000000800f46e       0xfc ./Middlewares/Third_Party/FatFs/src/ff.o
                0x000000000800f46e                f_sync
 .text.f_close  0x000000000800f56a       0x54 ./Middlewares/Third_Party/FatFs/src/ff.o
                0x000000000800f56a                f_close
 .text.f_lseek  0x000000000800f5be      0x448 ./Middlewares/Third_Party/FatFs/src/ff.o
                0x000000000800f5be                f_lseek
 .text.f_mkdir  0x000000000800fa06      0x21a ./Middlewares/Third_Party/FatFs/src/ff.o
                0x000000000800fa06                f_mkdir
 .text.putc_bfd
                0x000000000800fc20       0x7a ./Middlewares/Third_Party/FatFs/src/ff.o
 .text.putc_flush
                0x000000000800fc9a       0x4a ./Middlewares/Third_Party/FatFs/src/ff.o
 .text.putc_init
                0x000000000800fce4       0x2a ./Middlewares/Third_Party/FatFs/src/ff.o
 .text.f_puts   0x000000000800fd0e       0x48 ./Middlewares/Third_Party/FatFs/src/ff.o
                0x000000000800fd0e                f_puts
 *fill*         0x000000000800fd56        0x2 
 .text.FATFS_LinkDriverEx
                0x000000000800fd58       0x98 ./Middlewares/Third_Party/FatFs/src/ff_gen_drv.o
                0x000000000800fd58                FATFS_LinkDriverEx
 .text.FATFS_LinkDriver
                0x000000000800fdf0       0x1e ./Middlewares/Third_Party/FatFs/src/ff_gen_drv.o
                0x000000000800fdf0                FATFS_LinkDriver
 *fill*         0x000000000800fe0e        0x2 
 .text.ff_convert
                0x000000000800fe10       0x78 ./Middlewares/Third_Party/FatFs/src/option/ccsbcs.o
                0x000000000800fe10                ff_convert
 .text.ff_wtoupper
                0x000000000800fe88      0x114 ./Middlewares/Third_Party/FatFs/src/option/ccsbcs.o
                0x000000000800fe88                ff_wtoupper
 .text.__errno  0x000000000800ff9c        0xc c:/work/hardware/applications/stm32/stm32cubeide_1.11.2/stm32cubeide/plugins/com.st.stm32cube.ide.mcu.externaltools.gnu-tools-for-stm32.10.3-2021.10.win32_1.0.100.202210260954/tools/bin/../lib/gcc/arm-none-eabi/10.3.1/../../../../arm-none-eabi/lib/thumb/v7e-m+fp/hard\libc_nano.a(lib_a-errno.o)
                0x000000000800ff9c                __errno
 .text.__libc_init_array
                0x000000000800ffa8       0x48 c:/work/hardware/applications/stm32/stm32cubeide_1.11.2/stm32cubeide/plugins/com.st.stm32cube.ide.mcu.externaltools.gnu-tools-for-stm32.10.3-2021.10.win32_1.0.100.202210260954/tools/bin/../lib/gcc/arm-none-eabi/10.3.1/../../../../arm-none-eabi/lib/thumb/v7e-m+fp/hard\libc_nano.a(lib_a-init.o)
                0x000000000800ffa8                __libc_init_array
 .text.malloc   0x000000000800fff0       0x10 c:/work/hardware/applications/stm32/stm32cubeide_1.11.2/stm32cubeide/plugins/com.st.stm32cube.ide.mcu.externaltools.gnu-tools-for-stm32.10.3-2021.10.win32_1.0.100.202210260954/tools/bin/../lib/gcc/arm-none-eabi/10.3.1/../../../../arm-none-eabi/lib/thumb/v7e-m+fp/hard\libc_nano.a(lib_a-malloc.o)
                0x000000000800fff0                malloc
 .text.memcpy   0x0000000008010000       0x1c c:/work/hardware/applications/stm32/stm32cubeide_1.11.2/stm32cubeide/plugins/com.st.stm32cube.ide.mcu.externaltools.gnu-tools-for-stm32.10.3-2021.10.win32_1.0.100.202210260954/tools/bin/../lib/gcc/arm-none-eabi/10.3.1/../../../../arm-none-eabi/lib/thumb/v7e-m+fp/hard\libc_nano.a(lib_a-memcpy-stub.o)
                0x0000000008010000                memcpy
 .text.memset   0x000000000801001c       0x10 c:/work/hardware/applications/stm32/stm32cubeide_1.11.2/stm32cubeide/plugins/com.st.stm32cube.ide.mcu.externaltools.gnu-tools-for-stm32.10.3-2021.10.win32_1.0.100.202210260954/tools/bin/../lib/gcc/arm-none-eabi/10.3.1/../../../../arm-none-eabi/lib/thumb/v7e-m+fp/hard\libc_nano.a(lib_a-memset.o)
                0x000000000801001c                memset
 .text._free_r  0x000000000801002c       0x98 c:/work/hardware/applications/stm32/stm32cubeide_1.11.2/stm32cubeide/plugins/com.st.stm32cube.ide.mcu.externaltools.gnu-tools-for-stm32.10.3-2021.10.win32_1.0.100.202210260954/tools/bin/../lib/gcc/arm-none-eabi/10.3.1/../../../../arm-none-eabi/lib/thumb/v7e-m+fp/hard\libc_nano.a(lib_a-nano-freer.o)
                0x000000000801002c                _free_r
 .text.sbrk_aligned
                0x00000000080100c4       0x40 c:/work/hardware/applications/stm32/stm32cubeide_1.11.2/stm32cubeide/plugins/com.st.stm32cube.ide.mcu.externaltools.gnu-tools-for-stm32.10.3-2021.10.win32_1.0.100.202210260954/tools/bin/../lib/gcc/arm-none-eabi/10.3.1/../../../../arm-none-eabi/lib/thumb/v7e-m+fp/hard\libc_nano.a(lib_a-nano-mallocr.o)
 .text._malloc_r
                0x0000000008010104       0xe8 c:/work/hardware/applications/stm32/stm32cubeide_1.11.2/stm32cubeide/plugins/com.st.stm32cube.ide.mcu.externaltools.gnu-tools-for-stm32.10.3-2021.10.win32_1.0.100.202210260954/tools/bin/../lib/gcc/arm-none-eabi/10.3.1/../../../../arm-none-eabi/lib/thumb/v7e-m+fp/hard\libc_nano.a(lib_a-nano-mallocr.o)
                0x0000000008010104                _malloc_r
 .text.__cvt    0x00000000080101ec       0xc4 c:/work/hardware/applications/stm32/stm32cubeide_1.11.2/stm32cubeide/plugins/com.st.stm32cube.ide.mcu.externaltools.gnu-tools-for-stm32.10.3-2021.10.win32_1.0.100.202210260954/tools/bin/../lib/gcc/arm-none-eabi/10.3.1/../../../../arm-none-eabi/lib/thumb/v7e-m+fp/hard\libc_nano.a(lib_a-nano-vfprintf_float.o)
                0x00000000080101ec                __cvt
 .text.__exponent
                0x00000000080102b0       0x7c c:/work/hardware/applications/stm32/stm32cubeide_1.11.2/stm32cubeide/plugins/com.st.stm32cube.ide.mcu.externaltools.gnu-tools-for-stm32.10.3-2021.10.win32_1.0.100.202210260954/tools/bin/../lib/gcc/arm-none-eabi/10.3.1/../../../../arm-none-eabi/lib/thumb/v7e-m+fp/hard\libc_nano.a(lib_a-nano-vfprintf_float.o)
                0x00000000080102b0                __exponent
 .text._printf_float
                0x000000000801032c      0x46c c:/work/hardware/applications/stm32/stm32cubeide_1.11.2/stm32cubeide/plugins/com.st.stm32cube.ide.mcu.externaltools.gnu-tools-for-stm32.10.3-2021.10.win32_1.0.100.202210260954/tools/bin/../lib/gcc/arm-none-eabi/10.3.1/../../../../arm-none-eabi/lib/thumb/v7e-m+fp/hard\libc_nano.a(lib_a-nano-vfprintf_float.o)
                0x000000000801032c                _printf_float
 .text._printf_common
                0x0000000008010798       0xda c:/work/hardware/applications/stm32/stm32cubeide_1.11.2/stm32cubeide/plugins/com.st.stm32cube.ide.mcu.externaltools.gnu-tools-for-stm32.10.3-2021.10.win32_1.0.100.202210260954/tools/bin/../lib/gcc/arm-none-eabi/10.3.1/../../../../arm-none-eabi/lib/thumb/v7e-m+fp/hard\libc_nano.a(lib_a-nano-vfprintf_i.o)
                0x0000000008010798                _printf_common
 *fill*         0x0000000008010872        0x2 
 .text._printf_i
                0x0000000008010874      0x24c c:/work/hardware/applications/stm32/stm32cubeide_1.11.2/stm32cubeide/plugins/com.st.stm32cube.ide.mcu.externaltools.gnu-tools-for-stm32.10.3-2021.10.win32_1.0.100.202210260954/tools/bin/../lib/gcc/arm-none-eabi/10.3.1/../../../../arm-none-eabi/lib/thumb/v7e-m+fp/hard\libc_nano.a(lib_a-nano-vfprintf_i.o)
                0x0000000008010874                _printf_i
 .text.printf   0x0000000008010ac0       0x30 c:/work/hardware/applications/stm32/stm32cubeide_1.11.2/stm32cubeide/plugins/com.st.stm32cube.ide.mcu.externaltools.gnu-tools-for-stm32.10.3-2021.10.win32_1.0.100.202210260954/tools/bin/../lib/gcc/arm-none-eabi/10.3.1/../../../../arm-none-eabi/lib/thumb/v7e-m+fp/hard\libc_nano.a(lib_a-printf.o)
                0x0000000008010ac0                iprintf
                0x0000000008010ac0                printf
 .text._sbrk_r  0x0000000008010af0       0x20 c:/work/hardware/applications/stm32/stm32cubeide_1.11.2/stm32cubeide/plugins/com.st.stm32cube.ide.mcu.externaltools.gnu-tools-for-stm32.10.3-2021.10.win32_1.0.100.202210260954/tools/bin/../lib/gcc/arm-none-eabi/10.3.1/../../../../arm-none-eabi/lib/thumb/v7e-m+fp/hard\libc_nano.a(lib_a-sbrkr.o)
                0x0000000008010af0                _sbrk_r
 .text.scanf    0x0000000008010b10       0x30 c:/work/hardware/applications/stm32/stm32cubeide_1.11.2/stm32cubeide/plugins/com.st.stm32cube.ide.mcu.externaltools.gnu-tools-for-stm32.10.3-2021.10.win32_1.0.100.202210260954/tools/bin/../lib/gcc/arm-none-eabi/10.3.1/../../../../arm-none-eabi/lib/thumb/v7e-m+fp/hard\libc_nano.a(lib_a-scanf.o)
                0x0000000008010b10                scanf
                0x0000000008010b10                iscanf
 .text.setvbuf  0x0000000008010b40      0x18c c:/work/hardware/applications/stm32/stm32cubeide_1.11.2/stm32cubeide/plugins/com.st.stm32cube.ide.mcu.externaltools.gnu-tools-for-stm32.10.3-2021.10.win32_1.0.100.202210260954/tools/bin/../lib/gcc/arm-none-eabi/10.3.1/../../../../arm-none-eabi/lib/thumb/v7e-m+fp/hard\libc_nano.a(lib_a-setvbuf.o)
                0x0000000008010b40                setvbuf
 .text.sprintf  0x0000000008010ccc       0x40 c:/work/hardware/applications/stm32/stm32cubeide_1.11.2/stm32cubeide/plugins/com.st.stm32cube.ide.mcu.externaltools.gnu-tools-for-stm32.10.3-2021.10.win32_1.0.100.202210260954/tools/bin/../lib/gcc/arm-none-eabi/10.3.1/../../../../arm-none-eabi/lib/thumb/v7e-m+fp/hard\libc_nano.a(lib_a-sprintf.o)
                0x0000000008010ccc                siprintf
                0x0000000008010ccc                sprintf
 .text.__swbuf_r
                0x0000000008010d0c       0xa4 c:/work/hardware/applications/stm32/stm32cubeide_1.11.2/stm32cubeide/plugins/com.st.stm32cube.ide.mcu.externaltools.gnu-tools-for-stm32.10.3-2021.10.win32_1.0.100.202210260954/tools/bin/../lib/gcc/arm-none-eabi/10.3.1/../../../../arm-none-eabi/lib/thumb/v7e-m+fp/hard\libc_nano.a(lib_a-wbuf.o)
                0x0000000008010d0c                __swbuf_r
 .text.__swsetup_r
                0x0000000008010db0       0xdc c:/work/hardware/applications/stm32/stm32cubeide_1.11.2/stm32cubeide/plugins/com.st.stm32cube.ide.mcu.externaltools.gnu-tools-for-stm32.10.3-2021.10.win32_1.0.100.202210260954/tools/bin/../lib/gcc/arm-none-eabi/10.3.1/../../../../arm-none-eabi/lib/thumb/v7e-m+fp/hard\libc_nano.a(lib_a-wsetup.o)
                0x0000000008010db0                __swsetup_r
 .text.quorem   0x0000000008010e8c      0x116 c:/work/hardware/applications/stm32/stm32cubeide_1.11.2/stm32cubeide/plugins/com.st.stm32cube.ide.mcu.externaltools.gnu-tools-for-stm32.10.3-2021.10.win32_1.0.100.202210260954/tools/bin/../lib/gcc/arm-none-eabi/10.3.1/../../../../arm-none-eabi/lib/thumb/v7e-m+fp/hard\libc_nano.a(lib_a-dtoa.o)
 *fill*         0x0000000008010fa2        0x6 
 .text._dtoa_r  0x0000000008010fa8      0xbdc c:/work/hardware/applications/stm32/stm32cubeide_1.11.2/stm32cubeide/plugins/com.st.stm32cube.ide.mcu.externaltools.gnu-tools-for-stm32.10.3-2021.10.win32_1.0.100.202210260954/tools/bin/../lib/gcc/arm-none-eabi/10.3.1/../../../../arm-none-eabi/lib/thumb/v7e-m+fp/hard\libc_nano.a(lib_a-dtoa.o)
                0x0000000008010fa8                _dtoa_r
 .text.__sflush_r
                0x0000000008011b84      0x10c c:/work/hardware/applications/stm32/stm32cubeide_1.11.2/stm32cubeide/plugins/com.st.stm32cube.ide.mcu.externaltools.gnu-tools-for-stm32.10.3-2021.10.win32_1.0.100.202210260954/tools/bin/../lib/gcc/arm-none-eabi/10.3.1/../../../../arm-none-eabi/lib/thumb/v7e-m+fp/hard\libc_nano.a(lib_a-fflush.o)
                0x0000000008011b84                __sflush_r
 .text._fflush_r
                0x0000000008011c90       0x78 c:/work/hardware/applications/stm32/stm32cubeide_1.11.2/stm32cubeide/plugins/com.st.stm32cube.ide.mcu.externaltools.gnu-tools-for-stm32.10.3-2021.10.win32_1.0.100.202210260954/tools/bin/../lib/gcc/arm-none-eabi/10.3.1/../../../../arm-none-eabi/lib/thumb/v7e-m+fp/hard\libc_nano.a(lib_a-fflush.o)
                0x0000000008011c90                _fflush_r
 .text.fflush   0x0000000008011d08       0x24 c:/work/hardware/applications/stm32/stm32cubeide_1.11.2/stm32cubeide/plugins/com.st.stm32cube.ide.mcu.externaltools.gnu-tools-for-stm32.10.3-2021.10.win32_1.0.100.202210260954/tools/bin/../lib/gcc/arm-none-eabi/10.3.1/../../../../arm-none-eabi/lib/thumb/v7e-m+fp/hard\libc_nano.a(lib_a-fflush.o)
                0x0000000008011d08                fflush
 .text.std      0x0000000008011d2c       0x48 c:/work/hardware/applications/stm32/stm32cubeide_1.11.2/stm32cubeide/plugins/com.st.stm32cube.ide.mcu.externaltools.gnu-tools-for-stm32.10.3-2021.10.win32_1.0.100.202210260954/tools/bin/../lib/gcc/arm-none-eabi/10.3.1/../../../../arm-none-eabi/lib/thumb/v7e-m+fp/hard\libc_nano.a(lib_a-findfp.o)
 .text._cleanup_r
                0x0000000008011d74        0xc c:/work/hardware/applications/stm32/stm32cubeide_1.11.2/stm32cubeide/plugins/com.st.stm32cube.ide.mcu.externaltools.gnu-tools-for-stm32.10.3-2021.10.win32_1.0.100.202210260954/tools/bin/../lib/gcc/arm-none-eabi/10.3.1/../../../../arm-none-eabi/lib/thumb/v7e-m+fp/hard\libc_nano.a(lib_a-findfp.o)
                0x0000000008011d74                _cleanup_r
 .text.__sfmoreglue
                0x0000000008011d80       0x2c c:/work/hardware/applications/stm32/stm32cubeide_1.11.2/stm32cubeide/plugins/com.st.stm32cube.ide.mcu.externaltools.gnu-tools-for-stm32.10.3-2021.10.win32_1.0.100.202210260954/tools/bin/../lib/gcc/arm-none-eabi/10.3.1/../../../../arm-none-eabi/lib/thumb/v7e-m+fp/hard\libc_nano.a(lib_a-findfp.o)
                0x0000000008011d80                __sfmoreglue
 .text.__sfp_lock_acquire
                0x0000000008011dac        0xc c:/work/hardware/applications/stm32/stm32cubeide_1.11.2/stm32cubeide/plugins/com.st.stm32cube.ide.mcu.externaltools.gnu-tools-for-stm32.10.3-2021.10.win32_1.0.100.202210260954/tools/bin/../lib/gcc/arm-none-eabi/10.3.1/../../../../arm-none-eabi/lib/thumb/v7e-m+fp/hard\libc_nano.a(lib_a-findfp.o)
                0x0000000008011dac                __sfp_lock_acquire
 .text.__sfp_lock_release
                0x0000000008011db8        0xc c:/work/hardware/applications/stm32/stm32cubeide_1.11.2/stm32cubeide/plugins/com.st.stm32cube.ide.mcu.externaltools.gnu-tools-for-stm32.10.3-2021.10.win32_1.0.100.202210260954/tools/bin/../lib/gcc/arm-none-eabi/10.3.1/../../../../arm-none-eabi/lib/thumb/v7e-m+fp/hard\libc_nano.a(lib_a-findfp.o)
                0x0000000008011db8                __sfp_lock_release
 .text.__sinit_lock_acquire
                0x0000000008011dc4        0xc c:/work/hardware/applications/stm32/stm32cubeide_1.11.2/stm32cubeide/plugins/com.st.stm32cube.ide.mcu.externaltools.gnu-tools-for-stm32.10.3-2021.10.win32_1.0.100.202210260954/tools/bin/../lib/gcc/arm-none-eabi/10.3.1/../../../../arm-none-eabi/lib/thumb/v7e-m+fp/hard\libc_nano.a(lib_a-findfp.o)
                0x0000000008011dc4                __sinit_lock_acquire
 .text.__sinit_lock_release
                0x0000000008011dd0        0xc c:/work/hardware/applications/stm32/stm32cubeide_1.11.2/stm32cubeide/plugins/com.st.stm32cube.ide.mcu.externaltools.gnu-tools-for-stm32.10.3-2021.10.win32_1.0.100.202210260954/tools/bin/../lib/gcc/arm-none-eabi/10.3.1/../../../../arm-none-eabi/lib/thumb/v7e-m+fp/hard\libc_nano.a(lib_a-findfp.o)
                0x0000000008011dd0                __sinit_lock_release
 .text.__sinit  0x0000000008011ddc       0x70 c:/work/hardware/applications/stm32/stm32cubeide_1.11.2/stm32cubeide/plugins/com.st.stm32cube.ide.mcu.externaltools.gnu-tools-for-stm32.10.3-2021.10.win32_1.0.100.202210260954/tools/bin/../lib/gcc/arm-none-eabi/10.3.1/../../../../arm-none-eabi/lib/thumb/v7e-m+fp/hard\libc_nano.a(lib_a-findfp.o)
                0x0000000008011ddc                __sinit
 .text.__sfp    0x0000000008011e4c       0x8c c:/work/hardware/applications/stm32/stm32cubeide_1.11.2/stm32cubeide/plugins/com.st.stm32cube.ide.mcu.externaltools.gnu-tools-for-stm32.10.3-2021.10.win32_1.0.100.202210260954/tools/bin/../lib/gcc/arm-none-eabi/10.3.1/../../../../arm-none-eabi/lib/thumb/v7e-m+fp/hard\libc_nano.a(lib_a-findfp.o)
                0x0000000008011e4c                __sfp
 .text._fwalk   0x0000000008011ed8       0x3a c:/work/hardware/applications/stm32/stm32cubeide_1.11.2/stm32cubeide/plugins/com.st.stm32cube.ide.mcu.externaltools.gnu-tools-for-stm32.10.3-2021.10.win32_1.0.100.202210260954/tools/bin/../lib/gcc/arm-none-eabi/10.3.1/../../../../arm-none-eabi/lib/thumb/v7e-m+fp/hard\libc_nano.a(lib_a-fwalk.o)
                0x0000000008011ed8                _fwalk
 .text._fwalk_reent
                0x0000000008011f12       0x3e c:/work/hardware/applications/stm32/stm32cubeide_1.11.2/stm32cubeide/plugins/com.st.stm32cube.ide.mcu.externaltools.gnu-tools-for-stm32.10.3-2021.10.win32_1.0.100.202210260954/tools/bin/../lib/gcc/arm-none-eabi/10.3.1/../../../../arm-none-eabi/lib/thumb/v7e-m+fp/hard\libc_nano.a(lib_a-fwalk.o)
                0x0000000008011f12                _fwalk_reent
 .text._localeconv_r
                0x0000000008011f50        0x8 c:/work/hardware/applications/stm32/stm32cubeide_1.11.2/stm32cubeide/plugins/com.st.stm32cube.ide.mcu.externaltools.gnu-tools-for-stm32.10.3-2021.10.win32_1.0.100.202210260954/tools/bin/../lib/gcc/arm-none-eabi/10.3.1/../../../../arm-none-eabi/lib/thumb/v7e-m+fp/hard\libc_nano.a(lib_a-localeconv.o)
                0x0000000008011f50                _localeconv_r
 .text.__retarget_lock_init_recursive
                0x0000000008011f58        0x2 c:/work/hardware/applications/stm32/stm32cubeide_1.11.2/stm32cubeide/plugins/com.st.stm32cube.ide.mcu.externaltools.gnu-tools-for-stm32.10.3-2021.10.win32_1.0.100.202210260954/tools/bin/../lib/gcc/arm-none-eabi/10.3.1/../../../../arm-none-eabi/lib/thumb/v7e-m+fp/hard\libc_nano.a(lib_a-lock.o)
                0x0000000008011f58                __retarget_lock_init_recursive
 .text.__retarget_lock_acquire_recursive
                0x0000000008011f5a        0x2 c:/work/hardware/applications/stm32/stm32cubeide_1.11.2/stm32cubeide/plugins/com.st.stm32cube.ide.mcu.externaltools.gnu-tools-for-stm32.10.3-2021.10.win32_1.0.100.202210260954/tools/bin/../lib/gcc/arm-none-eabi/10.3.1/../../../../arm-none-eabi/lib/thumb/v7e-m+fp/hard\libc_nano.a(lib_a-lock.o)
                0x0000000008011f5a                __retarget_lock_acquire_recursive
 .text.__retarget_lock_release_recursive
                0x0000000008011f5c        0x2 c:/work/hardware/applications/stm32/stm32cubeide_1.11.2/stm32cubeide/plugins/com.st.stm32cube.ide.mcu.externaltools.gnu-tools-for-stm32.10.3-2021.10.win32_1.0.100.202210260954/tools/bin/../lib/gcc/arm-none-eabi/10.3.1/../../../../arm-none-eabi/lib/thumb/v7e-m+fp/hard\libc_nano.a(lib_a-lock.o)
                0x0000000008011f5c                __retarget_lock_release_recursive
 .text.__swhatbuf_r
                0x0000000008011f5e       0x4a c:/work/hardware/applications/stm32/stm32cubeide_1.11.2/stm32cubeide/plugins/com.st.stm32cube.ide.mcu.externaltools.gnu-tools-for-stm32.10.3-2021.10.win32_1.0.100.202210260954/tools/bin/../lib/gcc/arm-none-eabi/10.3.1/../../../../arm-none-eabi/lib/thumb/v7e-m+fp/hard\libc_nano.a(lib_a-makebuf.o)
                0x0000000008011f5e                __swhatbuf_r
 .text.__smakebuf_r
                0x0000000008011fa8       0x80 c:/work/hardware/applications/stm32/stm32cubeide_1.11.2/stm32cubeide/plugins/com.st.stm32cube.ide.mcu.externaltools.gnu-tools-for-stm32.10.3-2021.10.win32_1.0.100.202210260954/tools/bin/../lib/gcc/arm-none-eabi/10.3.1/../../../../arm-none-eabi/lib/thumb/v7e-m+fp/hard\libc_nano.a(lib_a-makebuf.o)
                0x0000000008011fa8                __smakebuf_r
 .text.__malloc_lock
                0x0000000008012028        0xc c:/work/hardware/applications/stm32/stm32cubeide_1.11.2/stm32cubeide/plugins/com.st.stm32cube.ide.mcu.externaltools.gnu-tools-for-stm32.10.3-2021.10.win32_1.0.100.202210260954/tools/bin/../lib/gcc/arm-none-eabi/10.3.1/../../../../arm-none-eabi/lib/thumb/v7e-m+fp/hard\libc_nano.a(lib_a-mlock.o)
                0x0000000008012028                __malloc_lock
 .text.__malloc_unlock
                0x0000000008012034        0xc c:/work/hardware/applications/stm32/stm32cubeide_1.11.2/stm32cubeide/plugins/com.st.stm32cube.ide.mcu.externaltools.gnu-tools-for-stm32.10.3-2021.10.win32_1.0.100.202210260954/tools/bin/../lib/gcc/arm-none-eabi/10.3.1/../../../../arm-none-eabi/lib/thumb/v7e-m+fp/hard\libc_nano.a(lib_a-mlock.o)
                0x0000000008012034                __malloc_unlock
 .text._Balloc  0x0000000008012040       0x80 c:/work/hardware/applications/stm32/stm32cubeide_1.11.2/stm32cubeide/plugins/com.st.stm32cube.ide.mcu.externaltools.gnu-tools-for-stm32.10.3-2021.10.win32_1.0.100.202210260954/tools/bin/../lib/gcc/arm-none-eabi/10.3.1/../../../../arm-none-eabi/lib/thumb/v7e-m+fp/hard\libc_nano.a(lib_a-mprec.o)
                0x0000000008012040                _Balloc
 .text._Bfree   0x00000000080120c0       0x44 c:/work/hardware/applications/stm32/stm32cubeide_1.11.2/stm32cubeide/plugins/com.st.stm32cube.ide.mcu.externaltools.gnu-tools-for-stm32.10.3-2021.10.win32_1.0.100.202210260954/tools/bin/../lib/gcc/arm-none-eabi/10.3.1/../../../../arm-none-eabi/lib/thumb/v7e-m+fp/hard\libc_nano.a(lib_a-mprec.o)
                0x00000000080120c0                _Bfree
 .text.__multadd
                0x0000000008012104       0x8c c:/work/hardware/applications/stm32/stm32cubeide_1.11.2/stm32cubeide/plugins/com.st.stm32cube.ide.mcu.externaltools.gnu-tools-for-stm32.10.3-2021.10.win32_1.0.100.202210260954/tools/bin/../lib/gcc/arm-none-eabi/10.3.1/../../../../arm-none-eabi/lib/thumb/v7e-m+fp/hard\libc_nano.a(lib_a-mprec.o)
                0x0000000008012104                __multadd
 .text.__hi0bits
                0x0000000008012190       0x40 c:/work/hardware/applications/stm32/stm32cubeide_1.11.2/stm32cubeide/plugins/com.st.stm32cube.ide.mcu.externaltools.gnu-tools-for-stm32.10.3-2021.10.win32_1.0.100.202210260954/tools/bin/../lib/gcc/arm-none-eabi/10.3.1/../../../../arm-none-eabi/lib/thumb/v7e-m+fp/hard\libc_nano.a(lib_a-mprec.o)
                0x0000000008012190                __hi0bits
 .text.__lo0bits
                0x00000000080121d0       0x5e c:/work/hardware/applications/stm32/stm32cubeide_1.11.2/stm32cubeide/plugins/com.st.stm32cube.ide.mcu.externaltools.gnu-tools-for-stm32.10.3-2021.10.win32_1.0.100.202210260954/tools/bin/../lib/gcc/arm-none-eabi/10.3.1/../../../../arm-none-eabi/lib/thumb/v7e-m+fp/hard\libc_nano.a(lib_a-mprec.o)
                0x00000000080121d0                __lo0bits
 *fill*         0x000000000801222e        0x2 
 .text.__i2b    0x0000000008012230       0x2c c:/work/hardware/applications/stm32/stm32cubeide_1.11.2/stm32cubeide/plugins/com.st.stm32cube.ide.mcu.externaltools.gnu-tools-for-stm32.10.3-2021.10.win32_1.0.100.202210260954/tools/bin/../lib/gcc/arm-none-eabi/10.3.1/../../../../arm-none-eabi/lib/thumb/v7e-m+fp/hard\libc_nano.a(lib_a-mprec.o)
                0x0000000008012230                __i2b
 .text.__multiply
                0x000000000801225c      0x154 c:/work/hardware/applications/stm32/stm32cubeide_1.11.2/stm32cubeide/plugins/com.st.stm32cube.ide.mcu.externaltools.gnu-tools-for-stm32.10.3-2021.10.win32_1.0.100.202210260954/tools/bin/../lib/gcc/arm-none-eabi/10.3.1/../../../../arm-none-eabi/lib/thumb/v7e-m+fp/hard\libc_nano.a(lib_a-mprec.o)
                0x000000000801225c                __multiply
 .text.__pow5mult
                0x00000000080123b0       0xb4 c:/work/hardware/applications/stm32/stm32cubeide_1.11.2/stm32cubeide/plugins/com.st.stm32cube.ide.mcu.externaltools.gnu-tools-for-stm32.10.3-2021.10.win32_1.0.100.202210260954/tools/bin/../lib/gcc/arm-none-eabi/10.3.1/../../../../arm-none-eabi/lib/thumb/v7e-m+fp/hard\libc_nano.a(lib_a-mprec.o)
                0x00000000080123b0                __pow5mult
 .text.__lshift
                0x0000000008012464       0xe0 c:/work/hardware/applications/stm32/stm32cubeide_1.11.2/stm32cubeide/plugins/com.st.stm32cube.ide.mcu.externaltools.gnu-tools-for-stm32.10.3-2021.10.win32_1.0.100.202210260954/tools/bin/../lib/gcc/arm-none-eabi/10.3.1/../../../../arm-none-eabi/lib/thumb/v7e-m+fp/hard\libc_nano.a(lib_a-mprec.o)
                0x0000000008012464                __lshift
 .text.__mcmp   0x0000000008012544       0x38 c:/work/hardware/applications/stm32/stm32cubeide_1.11.2/stm32cubeide/plugins/com.st.stm32cube.ide.mcu.externaltools.gnu-tools-for-stm32.10.3-2021.10.win32_1.0.100.202210260954/tools/bin/../lib/gcc/arm-none-eabi/10.3.1/../../../../arm-none-eabi/lib/thumb/v7e-m+fp/hard\libc_nano.a(lib_a-mprec.o)
                0x0000000008012544                __mcmp
 .text.__mdiff  0x000000000801257c      0x114 c:/work/hardware/applications/stm32/stm32cubeide_1.11.2/stm32cubeide/plugins/com.st.stm32cube.ide.mcu.externaltools.gnu-tools-for-stm32.10.3-2021.10.win32_1.0.100.202210260954/tools/bin/../lib/gcc/arm-none-eabi/10.3.1/../../../../arm-none-eabi/lib/thumb/v7e-m+fp/hard\libc_nano.a(lib_a-mprec.o)
                0x000000000801257c                __mdiff
 .text.__d2b    0x0000000008012690       0xb8 c:/work/hardware/applications/stm32/stm32cubeide_1.11.2/stm32cubeide/plugins/com.st.stm32cube.ide.mcu.externaltools.gnu-tools-for-stm32.10.3-2021.10.win32_1.0.100.202210260954/tools/bin/../lib/gcc/arm-none-eabi/10.3.1/../../../../arm-none-eabi/lib/thumb/v7e-m+fp/hard\libc_nano.a(lib_a-mprec.o)
                0x0000000008012690                __d2b
 .text._calloc_r
                0x0000000008012748       0x2c c:/work/hardware/applications/stm32/stm32cubeide_1.11.2/stm32cubeide/plugins/com.st.stm32cube.ide.mcu.externaltools.gnu-tools-for-stm32.10.3-2021.10.win32_1.0.100.202210260954/tools/bin/../lib/gcc/arm-none-eabi/10.3.1/../../../../arm-none-eabi/lib/thumb/v7e-m+fp/hard\libc_nano.a(lib_a-nano-callocr.o)
                0x0000000008012748                _calloc_r
 .text.__ssputs_r
                0x0000000008012774       0xb6 c:/work/hardware/applications/stm32/stm32cubeide_1.11.2/stm32cubeide/plugins/com.st.stm32cube.ide.mcu.externaltools.gnu-tools-for-stm32.10.3-2021.10.win32_1.0.100.202210260954/tools/bin/../lib/gcc/arm-none-eabi/10.3.1/../../../../arm-none-eabi/lib/thumb/v7e-m+fp/hard\libc_nano.a(lib_a-nano-svfprintf.o)
                0x0000000008012774                __ssputs_r
 *fill*         0x000000000801282a        0x2 
 .text._svfprintf_r
                0x000000000801282c      0x200 c:/work/hardware/applications/stm32/stm32cubeide_1.11.2/stm32cubeide/plugins/com.st.stm32cube.ide.mcu.externaltools.gnu-tools-for-stm32.10.3-2021.10.win32_1.0.100.202210260954/tools/bin/../lib/gcc/arm-none-eabi/10.3.1/../../../../arm-none-eabi/lib/thumb/v7e-m+fp/hard\libc_nano.a(lib_a-nano-svfprintf.o)
                0x000000000801282c                _svfiprintf_r
                0x000000000801282c                _svfprintf_r
 .text.__sfputc_r
                0x0000000008012a2c       0x2e c:/work/hardware/applications/stm32/stm32cubeide_1.11.2/stm32cubeide/plugins/com.st.stm32cube.ide.mcu.externaltools.gnu-tools-for-stm32.10.3-2021.10.win32_1.0.100.202210260954/tools/bin/../lib/gcc/arm-none-eabi/10.3.1/../../../../arm-none-eabi/lib/thumb/v7e-m+fp/hard\libc_nano.a(lib_a-nano-vfprintf.o)
 .text.__sfputs_r
                0x0000000008012a5a       0x24 c:/work/hardware/applications/stm32/stm32cubeide_1.11.2/stm32cubeide/plugins/com.st.stm32cube.ide.mcu.externaltools.gnu-tools-for-stm32.10.3-2021.10.win32_1.0.100.202210260954/tools/bin/../lib/gcc/arm-none-eabi/10.3.1/../../../../arm-none-eabi/lib/thumb/v7e-m+fp/hard\libc_nano.a(lib_a-nano-vfprintf.o)
                0x0000000008012a5a                __sfputs_r
 *fill*         0x0000000008012a7e        0x2 
 .text._vfprintf_r
                0x0000000008012a80      0x260 c:/work/hardware/applications/stm32/stm32cubeide_1.11.2/stm32cubeide/plugins/com.st.stm32cube.ide.mcu.externaltools.gnu-tools-for-stm32.10.3-2021.10.win32_1.0.100.202210260954/tools/bin/../lib/gcc/arm-none-eabi/10.3.1/../../../../arm-none-eabi/lib/thumb/v7e-m+fp/hard\libc_nano.a(lib_a-nano-vfprintf.o)
                0x0000000008012a80                _vfprintf_r
                0x0000000008012a80                _vfiprintf_r
 .text.__svfscanf_r
                0x0000000008012ce0      0x34c c:/work/hardware/applications/stm32/stm32cubeide_1.11.2/stm32cubeide/plugins/com.st.stm32cube.ide.mcu.externaltools.gnu-tools-for-stm32.10.3-2021.10.win32_1.0.100.202210260954/tools/bin/../lib/gcc/arm-none-eabi/10.3.1/../../../../arm-none-eabi/lib/thumb/v7e-m+fp/hard\libc_nano.a(lib_a-nano-vfscanf.o)
                0x0000000008012ce0                __svfscanf_r
                0x0000000008012ce0                __svfiscanf_r
 .text._vfscanf_r
                0x000000000801302c       0x50 c:/work/hardware/applications/stm32/stm32cubeide_1.11.2/stm32cubeide/plugins/com.st.stm32cube.ide.mcu.externaltools.gnu-tools-for-stm32.10.3-2021.10.win32_1.0.100.202210260954/tools/bin/../lib/gcc/arm-none-eabi/10.3.1/../../../../arm-none-eabi/lib/thumb/v7e-m+fp/hard\libc_nano.a(lib_a-nano-vfscanf.o)
                0x000000000801302c                _vfscanf_r
                0x000000000801302c                _vfiscanf_r
 .text._scanf_chars
                0x000000000801307c       0xb4 c:/work/hardware/applications/stm32/stm32cubeide_1.11.2/stm32cubeide/plugins/com.st.stm32cube.ide.mcu.externaltools.gnu-tools-for-stm32.10.3-2021.10.win32_1.0.100.202210260954/tools/bin/../lib/gcc/arm-none-eabi/10.3.1/../../../../arm-none-eabi/lib/thumb/v7e-m+fp/hard\libc_nano.a(lib_a-nano-vfscanf_i.o)
                0x000000000801307c                _scanf_chars
 .text._scanf_i
                0x0000000008013130      0x1f0 c:/work/hardware/applications/stm32/stm32cubeide_1.11.2/stm32cubeide/plugins/com.st.stm32cube.ide.mcu.externaltools.gnu-tools-for-stm32.10.3-2021.10.win32_1.0.100.202210260954/tools/bin/../lib/gcc/arm-none-eabi/10.3.1/../../../../arm-none-eabi/lib/thumb/v7e-m+fp/hard\libc_nano.a(lib_a-nano-vfscanf_i.o)
                0x0000000008013130                _scanf_i
 .text.lflush   0x0000000008013320       0x12 c:/work/hardware/applications/stm32/stm32cubeide_1.11.2/stm32cubeide/plugins/com.st.stm32cube.ide.mcu.externaltools.gnu-tools-for-stm32.10.3-2021.10.win32_1.0.100.202210260954/tools/bin/../lib/gcc/arm-none-eabi/10.3.1/../../../../arm-none-eabi/lib/thumb/v7e-m+fp/hard\libc_nano.a(lib_a-refill.o)
 *fill*         0x0000000008013332        0x2 
 .text.__srefill_r
                0x0000000008013334      0x114 c:/work/hardware/applications/stm32/stm32cubeide_1.11.2/stm32cubeide/plugins/com.st.stm32cube.ide.mcu.externaltools.gnu-tools-for-stm32.10.3-2021.10.win32_1.0.100.202210260954/tools/bin/../lib/gcc/arm-none-eabi/10.3.1/../../../../arm-none-eabi/lib/thumb/v7e-m+fp/hard\libc_nano.a(lib_a-refill.o)
                0x0000000008013334                __srefill_r
 .text.__sccl   0x0000000008013448       0x70 c:/work/hardware/applications/stm32/stm32cubeide_1.11.2/stm32cubeide/plugins/com.st.stm32cube.ide.mcu.externaltools.gnu-tools-for-stm32.10.3-2021.10.win32_1.0.100.202210260954/tools/bin/../lib/gcc/arm-none-eabi/10.3.1/../../../../arm-none-eabi/lib/thumb/v7e-m+fp/hard\libc_nano.a(lib_a-sccl.o)
                0x0000000008013448                __sccl
 .text.__sread  0x00000000080134b8       0x22 c:/work/hardware/applications/stm32/stm32cubeide_1.11.2/stm32cubeide/plugins/com.st.stm32cube.ide.mcu.externaltools.gnu-tools-for-stm32.10.3-2021.10.win32_1.0.100.202210260954/tools/bin/../lib/gcc/arm-none-eabi/10.3.1/../../../../arm-none-eabi/lib/thumb/v7e-m+fp/hard\libc_nano.a(lib_a-stdio.o)
                0x00000000080134b8                __sread
 .text.__swrite
                0x00000000080134da       0x38 c:/work/hardware/applications/stm32/stm32cubeide_1.11.2/stm32cubeide/plugins/com.st.stm32cube.ide.mcu.externaltools.gnu-tools-for-stm32.10.3-2021.10.win32_1.0.100.202210260954/tools/bin/../lib/gcc/arm-none-eabi/10.3.1/../../../../arm-none-eabi/lib/thumb/v7e-m+fp/hard\libc_nano.a(lib_a-stdio.o)
                0x00000000080134da                __swrite
 .text.__sseek  0x0000000008013512       0x24 c:/work/hardware/applications/stm32/stm32cubeide_1.11.2/stm32cubeide/plugins/com.st.stm32cube.ide.mcu.externaltools.gnu-tools-for-stm32.10.3-2021.10.win32_1.0.100.202210260954/tools/bin/../lib/gcc/arm-none-eabi/10.3.1/../../../../arm-none-eabi/lib/thumb/v7e-m+fp/hard\libc_nano.a(lib_a-stdio.o)
                0x0000000008013512                __sseek
 .text.__sclose
                0x0000000008013536        0x8 c:/work/hardware/applications/stm32/stm32cubeide_1.11.2/stm32cubeide/plugins/com.st.stm32cube.ide.mcu.externaltools.gnu-tools-for-stm32.10.3-2021.10.win32_1.0.100.202210260954/tools/bin/../lib/gcc/arm-none-eabi/10.3.1/../../../../arm-none-eabi/lib/thumb/v7e-m+fp/hard\libc_nano.a(lib_a-stdio.o)
                0x0000000008013536                __sclose
 *fill*         0x000000000801353e        0x2 
 .text._strtol_l.constprop.0
                0x0000000008013540      0x104 c:/work/hardware/applications/stm32/stm32cubeide_1.11.2/stm32cubeide/plugins/com.st.stm32cube.ide.mcu.externaltools.gnu-tools-for-stm32.10.3-2021.10.win32_1.0.100.202210260954/tools/bin/../lib/gcc/arm-none-eabi/10.3.1/../../../../arm-none-eabi/lib/thumb/v7e-m+fp/hard\libc_nano.a(lib_a-strtol.o)
 .text._strtol_r
                0x0000000008013644        0x4 c:/work/hardware/applications/stm32/stm32cubeide_1.11.2/stm32cubeide/plugins/com.st.stm32cube.ide.mcu.externaltools.gnu-tools-for-stm32.10.3-2021.10.win32_1.0.100.202210260954/tools/bin/../lib/gcc/arm-none-eabi/10.3.1/../../../../arm-none-eabi/lib/thumb/v7e-m+fp/hard\libc_nano.a(lib_a-strtol.o)
                0x0000000008013644                _strtol_r
 .text._strtoul_l.constprop.0
                0x0000000008013648       0xe4 c:/work/hardware/applications/stm32/stm32cubeide_1.11.2/stm32cubeide/plugins/com.st.stm32cube.ide.mcu.externaltools.gnu-tools-for-stm32.10.3-2021.10.win32_1.0.100.202210260954/tools/bin/../lib/gcc/arm-none-eabi/10.3.1/../../../../arm-none-eabi/lib/thumb/v7e-m+fp/hard\libc_nano.a(lib_a-strtoul.o)
 .text._strtoul_r
                0x000000000801372c        0x4 c:/work/hardware/applications/stm32/stm32cubeide_1.11.2/stm32cubeide/plugins/com.st.stm32cube.ide.mcu.externaltools.gnu-tools-for-stm32.10.3-2021.10.win32_1.0.100.202210260954/tools/bin/../lib/gcc/arm-none-eabi/10.3.1/../../../../arm-none-eabi/lib/thumb/v7e-m+fp/hard\libc_nano.a(lib_a-strtoul.o)
                0x000000000801372c                _strtoul_r
 .text.__submore
                0x0000000008013730       0x74 c:/work/hardware/applications/stm32/stm32cubeide_1.11.2/stm32cubeide/plugins/com.st.stm32cube.ide.mcu.externaltools.gnu-tools-for-stm32.10.3-2021.10.win32_1.0.100.202210260954/tools/bin/../lib/gcc/arm-none-eabi/10.3.1/../../../../arm-none-eabi/lib/thumb/v7e-m+fp/hard\libc_nano.a(lib_a-ungetc.o)
                0x0000000008013730                __submore
 .text._ungetc_r
                0x00000000080137a4      0x130 c:/work/hardware/applications/stm32/stm32cubeide_1.11.2/stm32cubeide/plugins/com.st.stm32cube.ide.mcu.externaltools.gnu-tools-for-stm32.10.3-2021.10.win32_1.0.100.202210260954/tools/bin/../lib/gcc/arm-none-eabi/10.3.1/../../../../arm-none-eabi/lib/thumb/v7e-m+fp/hard\libc_nano.a(lib_a-ungetc.o)
                0x00000000080137a4                _ungetc_r
 .text._write_r