../Core/Src/LCD/lcd16x2_i2c.c:52:13:lcd16x2_i2c_sendCommand	32	static
../Core/Src/LCD/lcd16x2_i2c.c:66:13:lcd16x2_i2c_sendData	32	static
../Core/Src/LCD/lcd16x2_i2c.c:85:6:lcd16x2_i2c_init	16	static
../Core/Src/LCD/lcd16x2_i2c.c:136:6:lcd16x2_i2c_setCursor	24	static
../Core/Src/LCD/lcd16x2_i2c.c:155:6:lcd16x2_i2c_1stLine	8	static
../Core/Src/LCD/lcd16x2_i2c.c:162:6:lcd16x2_i2c_2ndLine	8	static
../Core/Src/LCD/lcd16x2_i2c.c:170:6:lcd16x2_i2c_TwoLines	8	static
../Core/Src/LCD/lcd16x2_i2c.c:174:6:lcd16x2_i2c_OneLine	8	static
../Core/Src/LCD/lcd16x2_i2c.c:182:6:lcd16x2_i2c_cursorShow	16	static
../Core/Src/LCD/lcd16x2_i2c.c:197:6:lcd16x2_i2c_clear	8	static
../Core/Src/LCD/lcd16x2_i2c.c:206:6:lcd16x2_i2c_display	16	static
../Core/Src/LCD/lcd16x2_i2c.c:221:6:lcd16x2_i2c_shiftRight	24	static
../Core/Src/LCD/lcd16x2_i2c.c:232:6:lcd16x2_i2c_shiftLeft	24	static
../Core/Src/LCD/lcd16x2_i2c.c:243:6:lcd16x2_i2c_printf	48	static
