Archive member included to satisfy reference by file (symbol)

c:/work/hardware/applications/stm32/stm32cubeide_1.11.2/stm32cubeide/plugins/com.st.stm32cube.ide.mcu.externaltools.gnu-tools-for-stm32.10.3-2021.10.win32_1.0.100.202210260954/tools/bin/../lib/gcc/arm-none-eabi/10.3.1/../../../../arm-none-eabi/lib/thumb/v7e-m+fp/hard\libc_nano.a(lib_a-errno.o)
                              ./Core/Src/retarget.o (__errno)
c:/work/hardware/applications/stm32/stm32cubeide_1.11.2/stm32cubeide/plugins/com.st.stm32cube.ide.mcu.externaltools.gnu-tools-for-stm32.10.3-2021.10.win32_1.0.100.202210260954/tools/bin/../lib/gcc/arm-none-eabi/10.3.1/../../../../arm-none-eabi/lib/thumb/v7e-m+fp/hard\libc_nano.a(lib_a-exit.o)
                              c:/work/hardware/applications/stm32/stm32cubeide_1.11.2/stm32cubeide/plugins/com.st.stm32cube.ide.mcu.externaltools.gnu-tools-for-stm32.10.3-2021.10.win32_1.0.100.202210260954/tools/bin/../lib/gcc/arm-none-eabi/10.3.1/../../../../arm-none-eabi/lib/thumb/v7e-m+fp/hard/crt0.o (exit)
c:/work/hardware/applications/stm32/stm32cubeide_1.11.2/stm32cubeide/plugins/com.st.stm32cube.ide.mcu.externaltools.gnu-tools-for-stm32.10.3-2021.10.win32_1.0.100.202210260954/tools/bin/../lib/gcc/arm-none-eabi/10.3.1/../../../../arm-none-eabi/lib/thumb/v7e-m+fp/hard\libc_nano.a(lib_a-impure.o)
                              c:/work/hardware/applications/stm32/stm32cubeide_1.11.2/stm32cubeide/plugins/com.st.stm32cube.ide.mcu.externaltools.gnu-tools-for-stm32.10.3-2021.10.win32_1.0.100.202210260954/tools/bin/../lib/gcc/arm-none-eabi/10.3.1/../../../../arm-none-eabi/lib/thumb/v7e-m+fp/hard\libc_nano.a(lib_a-exit.o) (_global_impure_ptr)
c:/work/hardware/applications/stm32/stm32cubeide_1.11.2/stm32cubeide/plugins/com.st.stm32cube.ide.mcu.externaltools.gnu-tools-for-stm32.10.3-2021.10.win32_1.0.100.202210260954/tools/bin/../lib/gcc/arm-none-eabi/10.3.1/../../../../arm-none-eabi/lib/thumb/v7e-m+fp/hard\libc_nano.a(lib_a-init.o)
                              c:/work/hardware/applications/stm32/stm32cubeide_1.11.2/stm32cubeide/plugins/com.st.stm32cube.ide.mcu.externaltools.gnu-tools-for-stm32.10.3-2021.10.win32_1.0.100.202210260954/tools/bin/../lib/gcc/arm-none-eabi/10.3.1/../../../../arm-none-eabi/lib/thumb/v7e-m+fp/hard/crt0.o (__libc_init_array)
c:/work/hardware/applications/stm32/stm32cubeide_1.11.2/stm32cubeide/plugins/com.st.stm32cube.ide.mcu.externaltools.gnu-tools-for-stm32.10.3-2021.10.win32_1.0.100.202210260954/tools/bin/../lib/gcc/arm-none-eabi/10.3.1/../../../../arm-none-eabi/lib/thumb/v7e-m+fp/hard\libc_nano.a(lib_a-malloc.o)
                              ./Core/Src/RF/comms.o (free)
c:/work/hardware/applications/stm32/stm32cubeide_1.11.2/stm32cubeide/plugins/com.st.stm32cube.ide.mcu.externaltools.gnu-tools-for-stm32.10.3-2021.10.win32_1.0.100.202210260954/tools/bin/../lib/gcc/arm-none-eabi/10.3.1/../../../../arm-none-eabi/lib/thumb/v7e-m+fp/hard\libc_nano.a(lib_a-memset.o)
                              c:/work/hardware/applications/stm32/stm32cubeide_1.11.2/stm32cubeide/plugins/com.st.stm32cube.ide.mcu.externaltools.gnu-tools-for-stm32.10.3-2021.10.win32_1.0.100.202210260954/tools/bin/../lib/gcc/arm-none-eabi/10.3.1/../../../../arm-none-eabi/lib/thumb/v7e-m+fp/hard/crt0.o (memset)
c:/work/hardware/applications/stm32/stm32cubeide_1.11.2/stm32cubeide/plugins/com.st.stm32cube.ide.mcu.externaltools.gnu-tools-for-stm32.10.3-2021.10.win32_1.0.100.202210260954/tools/bin/../lib/gcc/arm-none-eabi/10.3.1/../../../../arm-none-eabi/lib/thumb/v7e-m+fp/hard\libc_nano.a(lib_a-nano-freer.o)
                              c:/work/hardware/applications/stm32/stm32cubeide_1.11.2/stm32cubeide/plugins/com.st.stm32cube.ide.mcu.externaltools.gnu-tools-for-stm32.10.3-2021.10.win32_1.0.100.202210260954/tools/bin/../lib/gcc/arm-none-eabi/10.3.1/../../../../arm-none-eabi/lib/thumb/v7e-m+fp/hard\libc_nano.a(lib_a-malloc.o) (_free_r)
c:/work/hardware/applications/stm32/stm32cubeide_1.11.2/stm32cubeide/plugins/com.st.stm32cube.ide.mcu.externaltools.gnu-tools-for-stm32.10.3-2021.10.win32_1.0.100.202210260954/tools/bin/../lib/gcc/arm-none-eabi/10.3.1/../../../../arm-none-eabi/lib/thumb/v7e-m+fp/hard\libc_nano.a(lib_a-nano-mallocr.o)
                              c:/work/hardware/applications/stm32/stm32cubeide_1.11.2/stm32cubeide/plugins/com.st.stm32cube.ide.mcu.externaltools.gnu-tools-for-stm32.10.3-2021.10.win32_1.0.100.202210260954/tools/bin/../lib/gcc/arm-none-eabi/10.3.1/../../../../arm-none-eabi/lib/thumb/v7e-m+fp/hard\libc_nano.a(lib_a-malloc.o) (_malloc_r)
c:/work/hardware/applications/stm32/stm32cubeide_1.11.2/stm32cubeide/plugins/com.st.stm32cube.ide.mcu.externaltools.gnu-tools-for-stm32.10.3-2021.10.win32_1.0.100.202210260954/tools/bin/../lib/gcc/arm-none-eabi/10.3.1/../../../../arm-none-eabi/lib/thumb/v7e-m+fp/hard\libc_nano.a(lib_a-printf.o)
                              ./Core/Src/ManagementRemote.o (printf)
[...]
Memory Configuration

Name             Origin             Length             Attributes
RAM              0x0000000020000000 0x000000000000a000 xrw
RAM2             0x0000000010000000 0x0000000000002000 xrw
FLASH            0x0000000008000000 0x0000000000020000 xr
*default*        0x0000000000000000 0xffffffffffffffff

Linker script and memory map

LOAD c:/work/hardware/applications/stm32/stm32cubeide_1.11.2/stm32cubeide/plugins/com.st.stm32cube.ide.mcu.externaltools.gnu-tools-for-stm32.10.3-2021.10.win32_1.0.100.202210260954/tools/bin/../lib/gcc/arm-none-eabi/10.3.1/thumb/v7e-m+fp/hard/crti.o
LOAD c:/work/hardware/applications/stm32/stm32cubeide_1.11.2/stm32cubeide/plugins/com.st.stm32cube.ide.mcu.externaltools.gnu-tools-for-stm32.10.3-2021.10.win32_1.0.100.202210260954/tools/bin/../lib/gcc/arm-none-eabi/10.3.1/thumb/v7e-m+fp/hard/crtbegin.o
LOAD c:/work/hardware/applications/stm32/stm32cubeide_1.11.2/stm32cubeide/plugins/com.st.stm32cube.ide.mcu.externaltools.gnu-tools-for-stm32.10.3-2021.10.win32_1.0.100.202210260954/tools/bin/../lib/gcc/arm-none-eabi/10.3.1/../../../../arm-none-eabi/lib/thumb/v7e-m+fp/hard/crt0.o
LOAD ./Core/Src/DataHandling.o
LOAD ./Core/Src/FlashMemoryAccess.o
LOAD ./Core/Src/ManagementRemote.o
LOAD ./Core/Src/main.o
LOAD ./Core/Src/retarget.o
LOAD ./Core/Src/stm32l4xx_hal_msp.o
LOAD ./Core/Src/stm32l4xx_it.o
LOAD ./Core/Src/sysmem.o
LOAD ./Core/Src/system_stm32l4xx.o
LOAD ./Core/Src/RF/comms.o
LOAD ./Core/Src/SDcard/SDcommunication.o
LOAD ./Core/Src/SDcard/fatfsSD.o
LOAD ./Core/Src/UnitTest/UniTests.o
LOAD ./Core/Startup/startup_stm32l412rbtxp.o
LOAD ./Drivers/STM32L4xx_HAL_Driver/Src/stm32l4xx_hal.o
LOAD ./Drivers/STM32L4xx_HAL_Driver/Src/stm32l4xx_hal_cortex.o
LOAD ./Drivers/STM32L4xx_HAL_Driver/Src/stm32l4xx_hal_dma.o
LOAD ./Drivers/STM32L4xx_HAL_Driver/Src/stm32l4xx_hal_dma_ex.o
LOAD ./Drivers/STM32L4xx_HAL_Driver/Src/stm32l4xx_hal_exti.o
LOAD ./Drivers/STM32L4xx_HAL_Driver/Src/stm32l4xx_hal_flash.o
LOAD ./Drivers/STM32L4xx_HAL_Driver/Src/stm32l4xx_hal_flash_ex.o
LOAD ./Drivers/STM32L4xx_HAL_Driver/Src/stm32l4xx_hal_flash_ramfunc.o
LOAD ./Drivers/STM32L4xx_HAL_Driver/Src/stm32l4xx_hal_gpio.o
LOAD ./Drivers/STM32L4xx_HAL_Driver/Src/stm32l4xx_hal_i2c.o
LOAD ./Drivers/STM32L4xx_HAL_Driver/Src/stm32l4xx_hal_i2c_ex.o
LOAD ./Drivers/STM32L4xx_HAL_Driver/Src/stm32l4xx_hal_pwr.o
LOAD ./Drivers/STM32L4xx_HAL_Driver/Src/stm32l4xx_hal_pwr_ex.o
LOAD ./Drivers/STM32L4xx_HAL_Driver/Src/stm32l4xx_hal_rcc.o
LOAD ./Drivers/STM32L4xx_HAL_Driver/Src/stm32l4xx_hal_rcc_ex.o
LOAD ./Drivers/STM32L4xx_HAL_Driver/Src/stm32l4xx_hal_rng.o
LOAD ./Drivers/STM32L4xx_HAL_Driver/Src/stm32l4xx_hal_spi.o
LOAD ./Drivers/STM32L4xx_HAL_Driver/Src/stm32l4xx_hal_spi_ex.o
LOAD ./Drivers/STM32L4xx_HAL_Driver/Src/stm32l4xx_hal_uart.o
LOAD ./Drivers/STM32L4xx_HAL_Driver/Src/stm32l4xx_hal_uart_ex.o
LOAD ./FATFS/App/fatfs.o
LOAD ./FATFS/Target/user_diskio.o
LOAD ./Middlewares/Third_Party/FatFs/src/diskio.o
LOAD ./Middlewares/Third_Party/FatFs/src/ff.o
LOAD ./Middlewares/Third_Party/FatFs/src/ff_gen_drv.o
LOAD ./Middlewares/Third_Party/FatFs/src/option/ccsbcs.o
LOAD ./Middlewares/Third_Party/FatFs/src/option/syscall.o
START GROUP
LOAD c:/work/hardware/applications/stm32/stm32cubeide_1.11.2/stm32cubeide/plugins/com.st.stm32cube.ide.mcu.externaltools.gnu-tools-for-stm32.10.3-2021.10.win32_1.0.100.202210260954/tools/bin/../lib/gcc/arm-none-eabi/10.3.1/../../../../arm-none-eabi/lib/thumb/v7e-m+fp/hard\libc_nano.a
LOAD c:/work/hardware/applications/stm32/stm32cubeide_1.11.2/stm32cubeide/plugins/com.st.stm32cube.ide.mcu.externaltools.gnu-tools-for-stm32.10.3-2021.10.win32_1.0.100.202210260954/tools/bin/../lib/gcc/arm-none-eabi/10.3.1/../../../../arm-none-eabi/lib/thumb/v7e-m+fp/hard\libm.a
END GROUP
START GROUP
LOAD c:/work/hardware/applications/stm32/stm32cubeide_1.11.2/stm32cubeide/plugins/com.st.stm32cube.ide.mcu.externaltools.gnu-tools-for-stm32.10.3-2021.10.win32_1.0.100.202210260954/tools/bin/../lib/gcc/arm-none-eabi/10.3.1/thumb/v7e-m+fp/hard\libgcc.a
LOAD c:/work/hardware/applications/stm32/stm32cubeide_1.11.2/stm32cubeide/plugins/com.st.stm32cube.ide.mcu.externaltools.gnu-tools-for-stm32.10.3-2021.10.win32_1.0.100.202210260954/tools/bin/../lib/gcc/arm-none-eabi/10.3.1/../../../../arm-none-eabi/lib/thumb/v7e-m+fp/hard\libc_nano.a
END GROUP
START GROUP
LOAD c:/work/hardware/applications/stm32/stm32cubeide_1.11.2/stm32cubeide/plugins/com.st.stm32cube.ide.mcu.externaltools.gnu-tools-for-stm32.10.3-2021.10.win32_1.0.100.202210260954/tools/bin/../lib/gcc/arm-none-eabi/10.3.1/thumb/v7e-m+fp/hard\libgcc.a
LOAD c:/work/hardware/applications/stm32/stm32cubeide_1.11.2/stm32cubeide/plugins/com.st.stm32cube.ide.mcu.externaltools.gnu-tools-for-stm32.10.3-2021.10.win32_1.0.100.202210260954/tools/bin/../lib/gcc/arm-none-eabi/10.3.1/../../../../arm-none-eabi/lib/thumb/v7e-m+fp/hard\libc_nano.a
LOAD c:/work/hardware/applications/stm32/stm32cubeide_1.11.2/stm32cubeide/plugins/com.st.stm32cube.ide.mcu.externaltools.gnu-tools-for-stm32.10.3-2021.10.win32_1.0.100.202210260954/tools/bin/../lib/gcc/arm-none-eabi/10.3.1/../../../../arm-none-eabi/lib/thumb/v7e-m+fp/hard\libnosys.a
END GROUP
START GROUP
LOAD c:/work/hardware/applications/stm32/stm32cubeide_1.11.2/stm32cubeide/plugins/com.st.stm32cube.ide.mcu.externaltools.gnu-tools-for-stm32.10.3-2021.10.win32_1.0.100.202210260954/tools/bin/../lib/gcc/arm-none-eabi/10.3.1/thumb/v7e-m+fp/hard\libgcc.a
LOAD c:/work/hardware/applications/stm32/stm32cubeide_1.11.2/stm32cubeide/plugins/com.st.stm32cube.ide.mcu.externaltools.gnu-tools-for-stm32.10.3-2021.10.win32_1.0.100.202210260954/tools/bin/../lib/gcc/arm-none-eabi/10.3.1/../../../../arm-none-eabi/lib/thumb/v7e-m+fp/hard\libc_nano.a
LOAD c:/work/hardware/applications/stm32/stm32cubeide_1.11.2/stm32cubeide/plugins/com.st.stm32cube.ide.mcu.externaltools.gnu-tools-for-stm32.10.3-2021.10.win32_1.0.100.202210260954/tools/bin/../lib/gcc/arm-none-eabi/10.3.1/../../../../arm-none-eabi/lib/thumb/v7e-m+fp/hard\libnosys.a
END GROUP
LOAD c:/work/hardware/applications/stm32/stm32cubeide_1.11.2/stm32cubeide/plugins/com.st.stm32cube.ide.mcu.externaltools.gnu-tools-for-stm32.10.3-2021.10.win32_1.0.100.202210260954/tools/bin/../lib/gcc/arm-none-eabi/10.3.1/thumb/v7e-m+fp/hard/crtend.o
LOAD c:/work/hardware/applications/stm32/stm32cubeide_1.11.2/stm32cubeide/plugins/com.st.stm32cube.ide.mcu.externaltools.gnu-tools-for-stm32.10.3-2021.10.win32_1.0.100.202210260954/tools/bin/../lib/gcc/arm-none-eabi/10.3.1/thumb/v7e-m+fp/hard/crtn.o
                0x000000002000a000                _estack = (ORIGIN (RAM) + LENGTH (RAM))
                0x0000000000000200                _Min_Heap_Size = 0x200
                0x0000000000000400                _Min_Stack_Size = 0x400

.isr_vector     0x0000000008000000      0x18c
                0x0000000008000000                . = ALIGN (0x4)
 *(.isr_vector)
 .isr_vector    0x0000000008000000      0x18c ./Core/Startup/startup_stm32l412rbtxp.o
                0x0000000008000000                g_pfnVectors
                0x000000000800018c                . = ALIGN (0x4)

.text           0x0000000008000190     0x7fd4
                0x0000000008000190                . = ALIGN (0x4)
 *(.text)
 .text          0x0000000008000190       0x40 c:/work/hardware/applications/stm32/stm32cubeide_1.11.2/stm32cubeide/plugins/com.st.stm32cube.ide.mcu.externaltools.gnu-tools-for-stm32.10.3-2021.10.win32_1.0.100.202210260954/tools/bin/../lib/gcc/arm-none-eabi/10.3.1/thumb/v7e-m+fp/hard/crtbegin.o
 .text          0x00000000080001d0       0xa0 c:/work/hardware/applications/stm32/stm32cubeide_1.11.2/stm32cubeide/plugins/com.st.stm32cube.ide.mcu.externaltools.gnu-tools-for-stm32.10.3-2021.10.win32_1.0.100.202210260954/tools/bin/../lib/gcc/arm-none-eabi/10.3.1/../../../../arm-none-eabi/lib/thumb/v7e-m+fp/hard\libc_nano.a(lib_a-memchr.o)
                0x00000000080001d0                memchr
 .text          0x0000000008000270       0x30 c:/work/hardware/applications/stm32/stm32cubeide_1.11.2/stm32cubeide/plugins/com.st.stm32cube.ide.mcu.externaltools.gnu-tools-for-stm32.10.3-2021.10.win32_1.0.100.202210260954/tools/bin/../lib/gcc/arm-none-eabi/10.3.1/thumb/v7e-m+fp/hard\libgcc.a(_aeabi_uldivmod.o)
                0x0000000008000270                __aeabi_uldivmod
 .text          0x00000000080002a0      0x2d0 c:/work/hardware/applications/stm32/stm32cubeide_1.11.2/stm32cubeide/plugins/com.st.stm32cube.ide.mcu.externaltools.gnu-tools-for-stm32.10.3-2021.10.win32_1.0.100.202210260954/tools/bin/../lib/gcc/arm-none-eabi/10.3.1/thumb/v7e-m+fp/hard\libgcc.a(_udivmoddi4.o)
                0x00000000080002a0                __udivmoddi4
 .text          0x0000000008000570        0x4 c:/work/hardware/applications/stm32/stm32cubeide_1.11.2/stm32cubeide/plugins/com.st.stm32cube.ide.mcu.externaltools.gnu-tools-for-stm32.10.3-2021.10.win32_1.0.100.202210260954/tools/bin/../lib/gcc/arm-none-eabi/10.3.1/thumb/v7e-m+fp/hard\libgcc.a(_dvmd_tls.o)
                0x0000000008000570                __aeabi_idiv0
                0x0000000008000570                __aeabi_ldiv0
 *(.text*)
 .text.decodeMeasurementData
                0x0000000008000574      0x176 ./Core/Src/DataHandling.o
                0x0000000008000574                decodeMeasurementData
 *fill*         0x00000000080006ea        0x2 
 .text.requestMeasureData
                0x00000000080006ec      0x1f4 ./Core/Src/ManagementRemote.o
                0x00000000080006ec                requestMeasureData
 .text.requestStatusData
                0x00000000080008e0      0x2b0 ./Core/Src/ManagementRemote.o
                0x00000000080008e0                requestStatusData
 .text.mainOperationRemote
                0x0000000008000b90      0x17c ./Core/Src/ManagementRemote.o
                0x0000000008000b90                mainOperationRemote
 .text.main     0x0000000008000d0c       0x98 ./Core/Src/main.o
                0x0000000008000d0c                main
 .text.SystemClock_Config
                0x0000000008000da4       0x8c ./Core/Src/main.o
                0x0000000008000da4                SystemClock_Config
 .text.MX_LPUART1_UART_Init
                0x0000000008000e30       0x58 ./Core/Src/main.o
 .text.MX_USART3_UART_Init
                0x0000000008000e88       0x60 ./Core/Src/main.o
 .text.MX_RNG_Init
                0x0000000008000ee8       0x28 ./Core/Src/main.o
 .text.MX_SPI2_Init
                0x0000000008000f10       0x7c ./Core/Src/main.o
 .text.MX_GPIO_Init
                0x0000000008000f8c      0x10c ./Core/Src/main.o
 .text.HAL_UART_RxCpltCallback
                0x0000000008001098       0x78 ./Core/Src/main.o
                0x0000000008001098                HAL_UART_RxCpltCallback
 .text.Error_Handler
                0x0000000008001110        0xa ./Core/Src/main.o
                0x0000000008001110                Error_Handler
 *fill*         0x000000000800111a        0x2 
 .text.RetargetInit
                0x000000000800111c       0x30 ./Core/Src/retarget.o
                0x000000000800111c                RetargetInit
 .text._isatty  0x000000000800114c       0x2c ./Core/Src/retarget.o
                0x000000000800114c                _isatty
 .text._write   0x0000000008001178       0x58 ./Core/Src/retarget.o
                0x0000000008001178                _write
 .text._close   0x00000000080011d0       0x2e ./Core/Src/retarget.o
                0x00000000080011d0                _close
 .text._lseek   0x00000000080011fe       0x22 ./Core/Src/retarget.o
                0x00000000080011fe                _lseek
 .text._read    0x0000000008001220       0x50 ./Core/Src/retarget.o
                0x0000000008001220                _read
 .text._fstat   0x0000000008001270       0x36 ./Core/Src/retarget.o
                0x0000000008001270                _fstat
 *fill*         0x00000000080012a6        0x2 
 .text.HAL_MspInit
                0x00000000080012a8       0x48 ./Core/Src/stm32l4xx_hal_msp.o
                0x00000000080012a8                HAL_MspInit
 .text.HAL_UART_MspInit
                0x00000000080012f0      0x17c ./Core/Src/stm32l4xx_hal_msp.o
                0x00000000080012f0                HAL_UART_MspInit
 .text.HAL_RNG_MspInit
                0x000000000800146c       0x68 ./Core/Src/stm32l4xx_hal_msp.o
                0x000000000800146c                HAL_RNG_MspInit
 .text.HAL_SPI_MspInit
                0x00000000080014d4       0x88 ./Core/Src/stm32l4xx_hal_msp.o
                0x00000000080014d4                HAL_SPI_MspInit
 .text.SDTimer_Handler
                0x000000000800155c       0x48 ./Core/Src/stm32l4xx_it.o
                0x000000000800155c                SDTimer_Handler
 .text.NMI_Handler
                0x00000000080015a4        0x6 ./Core/Src/stm32l4xx_it.o
                0x00000000080015a4                NMI_Handler
 .text.HardFault_Handler
                0x00000000080015aa        0x6 ./Core/Src/stm32l4xx_it.o
                0x00000000080015aa                HardFault_Handler
 .text.MemManage_Handler
                0x00000000080015b0        0x6 ./Core/Src/stm32l4xx_it.o
                0x00000000080015b0                MemManage_Handler
 .text.BusFault_Handler
                0x00000000080015b6        0x6 ./Core/Src/stm32l4xx_it.o
                0x00000000080015b6                BusFault_Handler
 .text.UsageFault_Handler
                0x00000000080015bc        0x6 ./Core/Src/stm32l4xx_it.o
                0x00000000080015bc                UsageFault_Handler
 .text.SVC_Handler
                0x00000000080015c2        0xe ./Core/Src/stm32l4xx_it.o
                0x00000000080015c2                SVC_Handler
 .text.DebugMon_Handler
                0x00000000080015d0        0xe ./Core/Src/stm32l4xx_it.o
                0x00000000080015d0                DebugMon_Handler
 .text.PendSV_Handler
                0x00000000080015de        0xe ./Core/Src/stm32l4xx_it.o
                0x00000000080015de                PendSV_Handler
 .text.SysTick_Handler
                0x00000000080015ec       0x34 ./Core/Src/stm32l4xx_it.o
                0x00000000080015ec                SysTick_Handler
 .text.LPUART1_IRQHandler
                0x0000000008001620       0x14 ./Core/Src/stm32l4xx_it.o
                0x0000000008001620                LPUART1_IRQHandler
 .text._sbrk    0x0000000008001634       0x6c ./Core/Src/sysmem.o
                0x0000000008001634                _sbrk
 .text.SystemInit
                0x00000000080016a0       0x24 ./Core/Src/system_stm32l4xx.o
                0x00000000080016a0                SystemInit
 .text.init_comms
                0x00000000080016c4       0x96 ./Core/Src/RF/comms.o
                0x00000000080016c4                init_comms
 *fill*         0x000000000800175a        0x2 
 .text.Comms_Handler
                0x000000000800175c      0x550 ./Core/Src/RF/comms.o
                0x000000000800175c                Comms_Handler
 .text.Discovery_Handler
                0x0000000008001cac       0x38 ./Core/Src/RF/comms.o
                0x0000000008001cac                Discovery_Handler
 .text.Message_Forwarder
                0x0000000008001ce4      0x2d8 ./Core/Src/RF/comms.o
                0x0000000008001ce4                Message_Forwarder
 .text.Im_Here  0x0000000008001fbc       0x5e ./Core/Src/RF/comms.o
                0x0000000008001fbc                Im_Here
 *fill*         0x000000000800201a        0x2 
 .text.Send     0x000000000800201c       0xa0 ./Core/Src/RF/comms.o
                0x000000000800201c                Send
 .text.random_delay
                0x00000000080020bc       0x3c ./Core/Src/RF/comms.o
                0x00000000080020bc                random_delay
 .text.create_queue
                0x00000000080020f8       0x2c ./Core/Src/RF/comms.o
                0x00000000080020f8                create_queue
 .text.is_full  0x0000000008002124       0x24 ./Core/Src/RF/comms.o
                0x0000000008002124                is_full
 .text.is_empty
                0x0000000008002148       0x24 ./Core/Src/RF/comms.o
                0x0000000008002148                is_empty
 .text.enqueue  0x000000000800216c       0x64 ./Core/Src/RF/comms.o
                0x000000000800216c                enqueue
 .text.dequeue  0x00000000080021d0       0x68 ./Core/Src/RF/comms.o
                0x00000000080021d0                dequeue
 .text.SELECT   0x0000000008002238       0x1a ./Core/Src/SDcard/fatfsSD.o
 .text.DESELECT
                0x0000000008002252       0x1a ./Core/Src/SDcard/fatfsSD.o
 .text.SPI_TxByte
                0x000000000800226c       0x34 ./Core/Src/SDcard/fatfsSD.o
 .text.SPI_TxBuffer
                0x00000000080022a0       0x34 ./Core/Src/SDcard/fatfsSD.o
 .text.SPI_RxByte
                0x00000000080022d4       0x38 ./Core/Src/SDcard/fatfsSD.o
 .text.SPI_RxBytePtr
                0x000000000800230c       0x1c ./Core/Src/SDcard/fatfsSD.o
 .text.SD_ReadyWait
                0x0000000008002328       0x34 ./Core/Src/SDcard/fatfsSD.o
 .text.SD_PowerOn
                0x000000000800235c       0x84 ./Core/Src/SDcard/fatfsSD.o
 .text.SD_PowerOff
                0x00000000080023e0       0x18 ./Core/Src/SDcard/fatfsSD.o
 .text.SD_CheckPower
                0x00000000080023f8       0x18 ./Core/Src/SDcard/fatfsSD.o
 .text.SD_RxDataBlock
                0x0000000008002410       0x60 ./Core/Src/SDcard/fatfsSD.o
 .text.SD_TxDataBlock
                0x0000000008002470       0x86 ./Core/Src/SDcard/fatfsSD.o
 .text.SD_SendCmd
                0x00000000080024f6       0xa8 ./Core/Src/SDcard/fatfsSD.o
 *fill*         0x000000000800259e        0x2 
 .text.SD_disk_initialize
                0x00000000080025a0      0x208 ./Core/Src/SDcard/fatfsSD.o
                0x00000000080025a0                SD_disk_initialize
 .text.SD_disk_status
                0x00000000080027a8       0x2c ./Core/Src/SDcard/fatfsSD.o
                0x00000000080027a8                SD_disk_status
 .text.SD_disk_read
                0x00000000080027d4       0xd4 ./Core/Src/SDcard/fatfsSD.o
                0x00000000080027d4                SD_disk_read
 .text.SD_disk_write
                0x00000000080028a8      0x108 ./Core/Src/SDcard/fatfsSD.o
                0x00000000080028a8                SD_disk_write
 .text.SD_disk_ioctl
                0x00000000080029b0      0x258 ./Core/Src/SDcard/fatfsSD.o
                0x00000000080029b0                SD_disk_ioctl
 .text.Reset_Handler
                0x0000000008002c08       0x50 ./Core/Startup/startup_stm32l412rbtxp.o
                0x0000000008002c08                Reset_Handler
 .text.Default_Handler
                0x0000000008002c58        0x2 ./Core/Startup/startup_stm32l412rbtxp.o
                0x0000000008002c58                RTC_Alarm_IRQHandler
                0x0000000008002c58                EXTI2_IRQHandler
                0x0000000008002c58                TIM1_CC_IRQHandler
                0x0000000008002c58                TSC_IRQHandler
                0x0000000008002c58                TIM6_IRQHandler
                0x0000000008002c58                TAMP_STAMP_IRQHandler
                0x0000000008002c58                EXTI3_IRQHandler
                0x0000000008002c58                LPTIM2_IRQHandler
                0x0000000008002c58                I2C3_ER_IRQHandler
                0x0000000008002c58                EXTI0_IRQHandler
                0x0000000008002c58                I2C2_EV_IRQHandler
                0x0000000008002c58                FPU_IRQHandler
                0x0000000008002c58                TIM1_UP_TIM16_IRQHandler
                0x0000000008002c58                ADC1_2_IRQHandler
                0x0000000008002c58                SPI1_IRQHandler
                0x0000000008002c58                DMA2_Channel2_IRQHandler
                0x0000000008002c58                DMA1_Channel4_IRQHandler
                0x0000000008002c58                USART3_IRQHandler
                0x0000000008002c58                DMA1_Channel7_IRQHandler
                0x0000000008002c58                DMA2_Channel1_IRQHandler
                0x0000000008002c58                QUADSPI_IRQHandler
                0x0000000008002c58                I2C1_EV_IRQHandler
                0x0000000008002c58                DMA1_Channel6_IRQHandler
                0x0000000008002c58                DMA2_Channel4_IRQHandler
                0x0000000008002c58                RCC_IRQHandler
                0x0000000008002c58                TIM1_TRG_COM_IRQHandler
                0x0000000008002c58                DMA1_Channel1_IRQHandler
                0x0000000008002c58                Default_Handler
                0x0000000008002c58                DMA2_Channel7_IRQHandler
                0x0000000008002c58                EXTI15_10_IRQHandler
                0x0000000008002c58                I2C3_EV_IRQHandler
                0x0000000008002c58                USB_IRQHandler
                0x0000000008002c58                EXTI9_5_IRQHandler
                0x0000000008002c58                RTC_WKUP_IRQHandler
                0x0000000008002c58                PVD_PVM_IRQHandler
                0x0000000008002c58                SPI2_IRQHandler
                0x0000000008002c58                DMA2_Channel5_IRQHandler
                0x0000000008002c58                CRS_IRQHandler
                0x0000000008002c58                DMA1_Channel5_IRQHandler
                0x0000000008002c58                EXTI4_IRQHandler
                0x0000000008002c58                RNG_IRQHandler
                0x0000000008002c58                DMA1_Channel3_IRQHandler
                0x0000000008002c58                COMP_IRQHandler
                0x0000000008002c58                WWDG_IRQHandler
                0x0000000008002c58                DMA2_Channel6_IRQHandler
                0x0000000008002c58                TIM2_IRQHandler
                0x0000000008002c58                EXTI1_IRQHandler
                0x0000000008002c58                USART2_IRQHandler
                0x0000000008002c58                I2C2_ER_IRQHandler
                0x0000000008002c58                DMA1_Channel2_IRQHandler
                0x0000000008002c58                FLASH_IRQHandler
                0x0000000008002c58                USART1_IRQHandler
                0x0000000008002c58                I2C1_ER_IRQHandler
                0x0000000008002c58                LPTIM1_IRQHandler
                0x0000000008002c58                DMA2_Channel3_IRQHandler
                0x0000000008002c58                TIM1_BRK_TIM15_IRQHandler
 .text.HAL_Init
                0x0000000008002c5a       0x30 ./Drivers/STM32L4xx_HAL_Driver/Src/stm32l4xx_hal.o
                0x0000000008002c5a                HAL_Init
 *fill*         0x0000000008002c8a        0x2 
 .text.HAL_InitTick
                0x0000000008002c8c       0x78 ./Drivers/STM32L4xx_HAL_Driver/Src/stm32l4xx_hal.o
                0x0000000008002c8c                HAL_InitTick
 .text.HAL_IncTick
                0x0000000008002d04       0x28 ./Drivers/STM32L4xx_HAL_Driver/Src/stm32l4xx_hal.o
                0x0000000008002d04                HAL_IncTick
 .text.HAL_GetTick
                0x0000000008002d2c       0x18 ./Drivers/STM32L4xx_HAL_Driver/Src/stm32l4xx_hal.o
                0x0000000008002d2c                HAL_GetTick
 .text.HAL_Delay
                0x0000000008002d44       0x48 ./Drivers/STM32L4xx_HAL_Driver/Src/stm32l4xx_hal.o
                0x0000000008002d44                HAL_Delay
 .text.__NVIC_SetPriorityGrouping
                0x0000000008002d8c       0x48 ./Drivers/STM32L4xx_HAL_Driver/Src/stm32l4xx_hal_cortex.o
 .text.__NVIC_GetPriorityGrouping
                0x0000000008002dd4       0x1c ./Drivers/STM32L4xx_HAL_Driver/Src/stm32l4xx_hal_cortex.o
 .text.__NVIC_EnableIRQ
                0x0000000008002df0       0x3c ./Drivers/STM32L4xx_HAL_Driver/Src/stm32l4xx_hal_cortex.o
 .text.__NVIC_SetPriority
                0x0000000008002e2c       0x54 ./Drivers/STM32L4xx_HAL_Driver/Src/stm32l4xx_hal_cortex.o
 .text.NVIC_EncodePriority
                0x0000000008002e80       0x66 ./Drivers/STM32L4xx_HAL_Driver/Src/stm32l4xx_hal_cortex.o
 *fill*         0x0000000008002ee6        0x2 
 .text.SysTick_Config
                0x0000000008002ee8       0x44 ./Drivers/STM32L4xx_HAL_Driver/Src/stm32l4xx_hal_cortex.o
 .text.HAL_NVIC_SetPriorityGrouping
                0x0000000008002f2c       0x16 ./Drivers/STM32L4xx_HAL_Driver/Src/stm32l4xx_hal_cortex.o
                0x0000000008002f2c                HAL_NVIC_SetPriorityGrouping
 .text.HAL_NVIC_SetPriority
                0x0000000008002f42       0x38 ./Drivers/STM32L4xx_HAL_Driver/Src/stm32l4xx_hal_cortex.o
                0x0000000008002f42                HAL_NVIC_SetPriority
 .text.HAL_NVIC_EnableIRQ
                0x0000000008002f7a       0x1c ./Drivers/STM32L4xx_HAL_Driver/Src/stm32l4xx_hal_cortex.o
                0x0000000008002f7a                HAL_NVIC_EnableIRQ
 .text.HAL_SYSTICK_Config
                0x0000000008002f96       0x18 ./Drivers/STM32L4xx_HAL_Driver/Src/stm32l4xx_hal_cortex.o
                0x0000000008002f96                HAL_SYSTICK_Config
 .text.HAL_DMA_Abort
                0x0000000008002fae       0x7c ./Drivers/STM32L4xx_HAL_Driver/Src/stm32l4xx_hal_dma.o
                0x0000000008002fae                HAL_DMA_Abort
 .text.HAL_DMA_Abort_IT
                0x000000000800302a       0x82 ./Drivers/STM32L4xx_HAL_Driver/Src/stm32l4xx_hal_dma.o
                0x000000000800302a                HAL_DMA_Abort_IT
 .text.HAL_GPIO_Init
                0x00000000080030ac      0x2e4 ./Drivers/STM32L4xx_HAL_Driver/Src/stm32l4xx_hal_gpio.o
                0x00000000080030ac                HAL_GPIO_Init
 .text.HAL_GPIO_ReadPin
                0x0000000008003390       0x30 ./Drivers/STM32L4xx_HAL_Driver/Src/stm32l4xx_hal_gpio.o
                0x0000000008003390                HAL_GPIO_ReadPin
 .text.HAL_GPIO_WritePin
                0x00000000080033c0       0x30 ./Drivers/STM32L4xx_HAL_Driver/Src/stm32l4xx_hal_gpio.o
                0x00000000080033c0                HAL_GPIO_WritePin
 .text.HAL_PWREx_GetVoltageRange
                0x00000000080033f0       0x1c ./Drivers/STM32L4xx_HAL_Driver/Src/stm32l4xx_hal_pwr_ex.o
                0x00000000080033f0                HAL_PWREx_GetVoltageRange
 .text.HAL_PWREx_ControlVoltageScaling
                0x000000000800340c       0xac ./Drivers/STM32L4xx_HAL_Driver/Src/stm32l4xx_hal_pwr_ex.o
                0x000000000800340c                HAL_PWREx_ControlVoltageScaling
 .text.HAL_RCC_OscConfig
                0x00000000080034b8      0x8c4 ./Drivers/STM32L4xx_HAL_Driver/Src/stm32l4xx_hal_rcc.o
                0x00000000080034b8                HAL_RCC_OscConfig
 .text.HAL_RCC_ClockConfig
                0x0000000008003d7c      0x200 ./Drivers/STM32L4xx_HAL_Driver/Src/stm32l4xx_hal_rcc.o
                0x0000000008003d7c                HAL_RCC_ClockConfig
 .text.HAL_RCC_GetSysClockFreq
                0x0000000008003f7c      0x118 ./Drivers/STM32L4xx_HAL_Driver/Src/stm32l4xx_hal_rcc.o
                0x0000000008003f7c                HAL_RCC_GetSysClockFreq
 .text.HAL_RCC_GetHCLKFreq
                0x0000000008004094       0x18 ./Drivers/STM32L4xx_HAL_Driver/Src/stm32l4xx_hal_rcc.o
                0x0000000008004094                HAL_RCC_GetHCLKFreq
 .text.HAL_RCC_GetPCLK1Freq
                0x00000000080040ac       0x2c ./Drivers/STM32L4xx_HAL_Driver/Src/stm32l4xx_hal_rcc.o
                0x00000000080040ac                HAL_RCC_GetPCLK1Freq
 .text.HAL_RCC_GetPCLK2Freq
                0x00000000080040d8       0x2c ./Drivers/STM32L4xx_HAL_Driver/Src/stm32l4xx_hal_rcc.o
                0x00000000080040d8                HAL_RCC_GetPCLK2Freq
 .text.RCC_SetFlashLatencyFromMSIRange
                0x0000000008004104       0xc0 ./Drivers/STM32L4xx_HAL_Driver/Src/stm32l4xx_hal_rcc.o
 .text.HAL_RCCEx_PeriphCLKConfig
                0x00000000080041c4      0x30c ./Drivers/STM32L4xx_HAL_Driver/Src/stm32l4xx_hal_rcc_ex.o
                0x00000000080041c4                HAL_RCCEx_PeriphCLKConfig
 .text.HAL_RNG_Init
                0x00000000080044d0       0xae ./Drivers/STM32L4xx_HAL_Driver/Src/stm32l4xx_hal_rng.o
                0x00000000080044d0                HAL_RNG_Init
 .text.HAL_RNG_GenerateRandomNumber
                0x000000000800457e       0x9e ./Drivers/STM32L4xx_HAL_Driver/Src/stm32l4xx_hal_rng.o
                0x000000000800457e                HAL_RNG_GenerateRandomNumber
 .text.HAL_SPI_Init
                0x000000000800461c      0x146 ./Drivers/STM32L4xx_HAL_Driver/Src/stm32l4xx_hal_spi.o
                0x000000000800461c                HAL_SPI_Init
 .text.HAL_SPI_Transmit
                0x0000000008004762      0x2dc ./Drivers/STM32L4xx_HAL_Driver/Src/stm32l4xx_hal_spi.o
                0x0000000008004762                HAL_SPI_Transmit
 .text.HAL_SPI_TransmitReceive
                0x0000000008004a3e      0x426 ./Drivers/STM32L4xx_HAL_Driver/Src/stm32l4xx_hal_spi.o
                0x0000000008004a3e                HAL_SPI_TransmitReceive
 .text.SPI_WaitFlagStateUntilTimeout
                0x0000000008004e64      0x110 ./Drivers/STM32L4xx_HAL_Driver/Src/stm32l4xx_hal_spi.o
 .text.SPI_WaitFifoStateUntilTimeout
                0x0000000008004f74      0x12c ./Drivers/STM32L4xx_HAL_Driver/Src/stm32l4xx_hal_spi.o
 .text.SPI_EndRxTxTransaction
                0x00000000080050a0       0x8c ./Drivers/STM32L4xx_HAL_Driver/Src/stm32l4xx_hal_spi.o
 .text.HAL_UART_Init
                0x000000000800512c       0x9c ./Drivers/STM32L4xx_HAL_Driver/Src/stm32l4xx_hal_uart.o
                0x000000000800512c                HAL_UART_Init
 .text.HAL_UART_Transmit
                0x00000000080051c8      0x128 ./Drivers/STM32L4xx_HAL_Driver/Src/stm32l4xx_hal_uart.o
                0x00000000080051c8                HAL_UART_Transmit
 .text.HAL_UART_Receive
                0x00000000080052f0      0x1a2 ./Drivers/STM32L4xx_HAL_Driver/Src/stm32l4xx_hal_uart.o
                0x00000000080052f0                HAL_UART_Receive
 *fill*         0x0000000008005492        0x2 
 .text.HAL_UART_Transmit_IT
                0x0000000008005494       0xdc ./Drivers/STM32L4xx_HAL_Driver/Src/stm32l4xx_hal_uart.o
                0x0000000008005494                HAL_UART_Transmit_IT
 .text.HAL_UART_Receive_IT
                0x0000000008005570       0xac ./Drivers/STM32L4xx_HAL_Driver/Src/stm32l4xx_hal_uart.o
                0x0000000008005570                HAL_UART_Receive_IT
 .text.HAL_UART_Abort_IT
                0x000000000800561c      0x250 ./Drivers/STM32L4xx_HAL_Driver/Src/stm32l4xx_hal_uart.o
                0x000000000800561c                HAL_UART_Abort_IT
 .text.HAL_UART_IRQHandler
                0x000000000800586c      0x5c4 ./Drivers/STM32L4xx_HAL_Driver/Src/stm32l4xx_hal_uart.o
                0x000000000800586c                HAL_UART_IRQHandler
 .text.HAL_UART_TxCpltCallback
                0x0000000008005e30       0x14 ./Drivers/STM32L4xx_HAL_Driver/Src/stm32l4xx_hal_uart.o
                0x0000000008005e30                HAL_UART_TxCpltCallback
 .text.HAL_UART_ErrorCallback
                0x0000000008005e44       0x14 ./Drivers/STM32L4xx_HAL_Driver/Src/stm32l4xx_hal_uart.o
                0x0000000008005e44                HAL_UART_ErrorCallback
 .text.HAL_UART_AbortCpltCallback
                0x0000000008005e58       0x14 ./Drivers/STM32L4xx_HAL_Driver/Src/stm32l4xx_hal_uart.o
                0x0000000008005e58                HAL_UART_AbortCpltCallback
 .text.HAL_UARTEx_RxEventCallback
                0x0000000008005e6c       0x18 ./Drivers/STM32L4xx_HAL_Driver/Src/stm32l4xx_hal_uart.o
                0x0000000008005e6c                HAL_UARTEx_RxEventCallback
 .text.UART_SetConfig
                0x0000000008005e84      0x4b4 ./Drivers/STM32L4xx_HAL_Driver/Src/stm32l4xx_hal_uart.o
                0x0000000008005e84                UART_SetConfig
 .text.UART_AdvFeatureConfig
                0x0000000008006338      0x144 ./Drivers/STM32L4xx_HAL_Driver/Src/stm32l4xx_hal_uart.o
                0x0000000008006338                UART_AdvFeatureConfig
 .text.UART_CheckIdleState
                0x000000000800647c       0x92 ./Drivers/STM32L4xx_HAL_Driver/Src/stm32l4xx_hal_uart.o
                0x000000000800647c                UART_CheckIdleState
 .text.UART_WaitOnFlagUntilTimeout
                0x000000000800650e      0x188 ./Drivers/STM32L4xx_HAL_Driver/Src/stm32l4xx_hal_uart.o
                0x000000000800650e                UART_WaitOnFlagUntilTimeout
 *fill*         0x0000000008006696        0x2 
 .text.UART_Start_Receive_IT
                0x0000000008006698      0x194 ./Drivers/STM32L4xx_HAL_Driver/Src/stm32l4xx_hal_uart.o
                0x0000000008006698                UART_Start_Receive_IT
 .text.UART_EndRxTransfer
                0x000000000800682c       0xc6 ./Drivers/STM32L4xx_HAL_Driver/Src/stm32l4xx_hal_uart.o
 .text.UART_DMAAbortOnError
                0x00000000080068f2       0x2c ./Drivers/STM32L4xx_HAL_Driver/Src/stm32l4xx_hal_uart.o
 .text.UART_DMATxAbortCallback
                0x000000000800691e       0x6a ./Drivers/STM32L4xx_HAL_Driver/Src/stm32l4xx_hal_uart.o
 .text.UART_DMARxAbortCallback
                0x0000000008006988       0x7e ./Drivers/STM32L4xx_HAL_Driver/Src/stm32l4xx_hal_uart.o
 .text.UART_TxISR_8BIT
                0x0000000008006a06       0xb8 ./Drivers/STM32L4xx_HAL_Driver/Src/stm32l4xx_hal_uart.o
 .text.UART_TxISR_16BIT
                0x0000000008006abe       0xc0 ./Drivers/STM32L4xx_HAL_Driver/Src/stm32l4xx_hal_uart.o
 .text.UART_EndTransmit_IT
                0x0000000008006b7e       0x54 ./Drivers/STM32L4xx_HAL_Driver/Src/stm32l4xx_hal_uart.o
 .text.UART_RxISR_8BIT
                0x0000000008006bd2      0x160 ./Drivers/STM32L4xx_HAL_Driver/Src/stm32l4xx_hal_uart.o
 .text.UART_RxISR_16BIT
                0x0000000008006d32      0x160 ./Drivers/STM32L4xx_HAL_Driver/Src/stm32l4xx_hal_uart.o
 .text.HAL_UARTEx_WakeupCallback
                0x0000000008006e92       0x14 ./Drivers/STM32L4xx_HAL_Driver/Src/stm32l4xx_hal_uart_ex.o
                0x0000000008006e92                HAL_UARTEx_WakeupCallback
 *fill*         0x0000000008006ea6        0x2 
 .text.MX_FATFS_Init
                0x0000000008006ea8       0x24 ./FATFS/App/fatfs.o
                0x0000000008006ea8                MX_FATFS_Init
 .text.USER_initialize
                0x0000000008006ecc       0x1c ./FATFS/Target/user_diskio.o
                0x0000000008006ecc                USER_initialize
 .text.USER_status
                0x0000000008006ee8       0x1c ./FATFS/Target/user_diskio.o
                0x0000000008006ee8                USER_status
 .text.USER_read
                0x0000000008006f04       0x26 ./FATFS/Target/user_diskio.o
                0x0000000008006f04                USER_read
 .text.USER_write
                0x0000000008006f2a       0x26 ./FATFS/Target/user_diskio.o
                0x0000000008006f2a                USER_write
 .text.USER_ioctl
                0x0000000008006f50       0x26 ./FATFS/Target/user_diskio.o
                0x0000000008006f50                USER_ioctl
 *fill*         0x0000000008006f76        0x2 
 .text.FATFS_LinkDriverEx
                0x0000000008006f78       0x98 ./Middlewares/Third_Party/FatFs/src/ff_gen_drv.o
                0x0000000008006f78                FATFS_LinkDriverEx
 .text.FATFS_LinkDriver
                0x0000000008007010       0x1e ./Middlewares/Third_Party/FatFs/src/ff_gen_drv.o
                0x0000000008007010                FATFS_LinkDriver
 *fill*         0x000000000800702e        0x2 
 .text.__errno  0x0000000008007030        0xc c:/work/hardware/applications/stm32/stm32cubeide_1.11.2/stm32cubeide/plugins/com.st.stm32cube.ide.mcu.externaltools.gnu-tools-for-stm32.10.3-2021.10.win32_1.0.100.202210260954/tools/bin/../lib/gcc/arm-none-eabi/10.3.1/../../../../arm-none-eabi/lib/thumb/v7e-m+fp/hard\libc_nano.a(lib_a-errno.o)
                0x0000000008007030                __errno
 .text.__libc_init_array
                0x000000000800703c       0x48 c:/work/hardware/applications/stm32/stm32cubeide_1.11.2/stm32cubeide/plugins/com.st.stm32cube.ide.mcu.externaltools.gnu-tools-for-stm32.10.3-2021.10.win32_1.0.100.202210260954/tools/bin/../lib/gcc/arm-none-eabi/10.3.1/../../../../arm-none-eabi/lib/thumb/v7e-m+fp/hard\libc_nano.a(lib_a-init.o)
                0x000000000800703c                __libc_init_array
 .text.malloc   0x0000000008007084       0x10 c:/work/hardware/applications/stm32/stm32cubeide_1.11.2/stm32cubeide/plugins/com.st.stm32cube.ide.mcu.externaltools.gnu-tools-for-stm32.10.3-2021.10.win32_1.0.100.202210260954/tools/bin/../lib/gcc/arm-none-eabi/10.3.1/../../../../arm-none-eabi/lib/thumb/v7e-m+fp/hard\libc_nano.a(lib_a-malloc.o)
                0x0000000008007084                malloc
 .text.memset   0x0000000008007094       0x10 c:/work/hardware/applications/stm32/stm32cubeide_1.11.2/stm32cubeide/plugins/com.st.stm32cube.ide.mcu.externaltools.gnu-tools-for-stm32.10.3-2021.10.win32_1.0.100.202210260954/tools/bin/../lib/gcc/arm-none-eabi/10.3.1/../../../../arm-none-eabi/lib/thumb/v7e-m+fp/hard\libc_nano.a(lib_a-memset.o)
                0x0000000008007094                memset
 .text._free_r  0x00000000080070a4       0x98 c:/work/hardware/applications/stm32/stm32cubeide_1.11.2/stm32cubeide/plugins/com.st.stm32cube.ide.mcu.externaltools.gnu-tools-for-stm32.10.3-2021.10.win32_1.0.100.202210260954/tools/bin/../lib/gcc/arm-none-eabi/10.3.1/../../../../arm-none-eabi/lib/thumb/v7e-m+fp/hard\libc_nano.a(lib_a-nano-freer.o)
                0x00000000080070a4                _free_r
 .text.sbrk_aligned
                0x000000000800713c       0x40 c:/work/hardware/applications/stm32/stm32cubeide_1.11.2/stm32cubeide/plugins/com.st.stm32cube.ide.mcu.externaltools.gnu-tools-for-stm32.10.3-2021.10.win32_1.0.100.202210260954/tools/bin/../lib/gcc/arm-none-eabi/10.3.1/../../../../arm-none-eabi/lib/thumb/v7e-m+fp/hard\libc_nano.a(lib_a-nano-mallocr.o)
 .text._malloc_r
                0x000000000800717c       0xe8 c:/work/hardware/applications/stm32/stm32cubeide_1.11.2/stm32cubeide/plugins/com.st.stm32cube.ide.mcu.externaltools.gnu-tools-for-stm32.10.3-2021.10.win32_1.0.100.202210260954/tools/bin/../lib/gcc/arm-none-eabi/10.3.1/../../../../arm-none-eabi/lib/thumb/v7e-m+fp/hard\libc_nano.a(lib_a-nano-mallocr.o)
                0x000000000800717c                _malloc_r
 .text.printf   0x0000000008007264       0x30 c:/work/hardware/applications/stm32/stm32cubeide_1.11.2/stm32cubeide/plugins/com.st.stm32cube.ide.mcu.externaltools.gnu-tools-for-stm32.10.3-2021.10.win32_1.0.100.202210260954/tools/bin/../lib/gcc/arm-none-eabi/10.3.1/../../../../arm-none-eabi/lib/thumb/v7e-m+fp/hard\libc_nano.a(lib_a-printf.o)
                0x0000000008007264                iprintf
                0x0000000008007264                printf
 .text._sbrk_r  0x0000000008007294       0x20 c:/work/hardware/applications/stm32/stm32cubeide_1.11.2/stm32cubeide/plugins/com.st.stm32cube.ide.mcu.externaltools.gnu-tools-for-stm32.10.3-2021.10.win32_1.0.100.202210260954/tools/bin/../lib/gcc/arm-none-eabi/10.3.1/../../../../arm-none-eabi/lib/thumb/v7e-m+fp/hard\libc_nano.a(lib_a-sbrkr.o)
                0x0000000008007294                _sbrk_r
 .text.setvbuf  0x00000000080072b4      0x18c c:/work/hardware/applications/stm32/stm32cubeide_1.11.2/stm32cubeide/plugins/com.st.stm32cube.ide.mcu.externaltools.gnu-tools-for-stm32.10.3-2021.10.win32_1.0.100.202210260954/tools/bin/../lib/gcc/arm-none-eabi/10.3.1/../../../../arm-none-eabi/lib/thumb/v7e-m+fp/hard\libc_nano.a(lib_a-setvbuf.o)
                0x00000000080072b4                setvbuf
 .text.__swbuf_r
                0x0000000008007440       0xa4 c:/work/hardware/applications/stm32/stm32cubeide_1.11.2/stm32cubeide/plugins/com.st.stm32cube.ide.mcu.externaltools.gnu-tools-for-stm32.10.3-2021.10.win32_1.0.100.202210260954/tools/bin/../lib/gcc/arm-none-eabi/10.3.1/../../../../arm-none-eabi/lib/thumb/v7e-m+fp/hard\libc_nano.a(lib_a-wbuf.o)
                0x0000000008007440                __swbuf_r
 .text.__swsetup_r
                0x00000000080074e4       0xdc c:/work/hardware/applications/stm32/stm32cubeide_1.11.2/stm32cubeide/plugins/com.st.stm32cube.ide.mcu.externaltools.gnu-tools-for-stm32.10.3-2021.10.win32_1.0.100.202210260954/tools/bin/../lib/gcc/arm-none-eabi/10.3.1/../../../../arm-none-eabi/lib/thumb/v7e-m+fp/hard\libc_nano.a(lib_a-wsetup.o)
                0x00000000080074e4                __swsetup_r
 .text.__sflush_r
                0x00000000080075c0      0x10c c:/work/hardware/applications/stm32/stm32cubeide_1.11.2/stm32cubeide/plugins/com.st.stm32cube.ide.mcu.externaltools.gnu-tools-for-stm32.10.3-2021.10.win32_1.0.100.202210260954/tools/bin/../lib/gcc/arm-none-eabi/10.3.1/../../../../arm-none-eabi/lib/thumb/v7e-m+fp/hard\libc_nano.a(lib_a-fflush.o)
                0x00000000080075c0                __sflush_r
 .text._fflush_r
                0x00000000080076cc       0x78 c:/work/hardware/applications/stm32/stm32cubeide_1.11.2/stm32cubeide/plugins/com.st.stm32cube.ide.mcu.externaltools.gnu-tools-for-stm32.10.3-2021.10.win32_1.0.100.202210260954/tools/bin/../lib/gcc/arm-none-eabi/10.3.1/../../../../arm-none-eabi/lib/thumb/v7e-m+fp/hard\libc_nano.a(lib_a-fflush.o)
                0x00000000080076cc                _fflush_r
 .text.std      0x0000000008007744       0x48 c:/work/hardware/applications/stm32/stm32cubeide_1.11.2/stm32cubeide/plugins/com.st.stm32cube.ide.mcu.externaltools.gnu-tools-for-stm32.10.3-2021.10.win32_1.0.100.202210260954/tools/bin/../lib/gcc/arm-none-eabi/10.3.1/../../../../arm-none-eabi/lib/thumb/v7e-m+fp/hard\libc_nano.a(lib_a-findfp.o)
 .text._cleanup_r
                0x000000000800778c        0xc c:/work/hardware/applications/stm32/stm32cubeide_1.11.2/stm32cubeide/plugins/com.st.stm32cube.ide.mcu.externaltools.gnu-tools-for-stm32.10.3-2021.10.win32_1.0.100.202210260954/tools/bin/../lib/gcc/arm-none-eabi/10.3.1/../../../../arm-none-eabi/lib/thumb/v7e-m+fp/hard\libc_nano.a(lib_a-findfp.o)
                0x000000000800778c                _cleanup_r
 .text.__sfmoreglue
                0x0000000008007798       0x2c c:/work/hardware/applications/stm32/stm32cubeide_1.11.2/stm32cubeide/plugins/com.st.stm32cube.ide.mcu.externaltools.gnu-tools-for-stm32.10.3-2021.10.win32_1.0.100.202210260954/tools/bin/../lib/gcc/arm-none-eabi/10.3.1/../../../../arm-none-eabi/lib/thumb/v7e-m+fp/hard\libc_nano.a(lib_a-findfp.o)
                0x0000000008007798                __sfmoreglue
 .text.__sfp_lock_acquire
                0x00000000080077c4        0xc c:/work/hardware/applications/stm32/stm32cubeide_1.11.2/stm32cubeide/plugins/com.st.stm32cube.ide.mcu.externaltools.gnu-tools-for-stm32.10.3-2021.10.win32_1.0.100.202210260954/tools/bin/../lib/gcc/arm-none-eabi/10.3.1/../../../../arm-none-eabi/lib/thumb/v7e-m+fp/hard\libc_nano.a(lib_a-findfp.o)
                0x00000000080077c4                __sfp_lock_acquire
 .text.__sfp_lock_release
                0x00000000080077d0        0xc c:/work/hardware/applications/stm32/stm32cubeide_1.11.2/stm32cubeide/plugins/com.st.stm32cube.ide.mcu.externaltools.gnu-tools-for-stm32.10.3-2021.10.win32_1.0.100.202210260954/tools/bin/../lib/gcc/arm-none-eabi/10.3.1/../../../../arm-none-eabi/lib/thumb/v7e-m+fp/hard\libc_nano.a(lib_a-findfp.o)
                0x00000000080077d0                __sfp_lock_release
 .text.__sinit_lock_acquire
                0x00000000080077dc        0xc c:/work/hardware/applications/stm32/stm32cubeide_1.11.2/stm32cubeide/plugins/com.st.stm32cube.ide.mcu.externaltools.gnu-tools-for-stm32.10.3-2021.10.win32_1.0.100.202210260954/tools/bin/../lib/gcc/arm-none-eabi/10.3.1/../../../../arm-none-eabi/lib/thumb/v7e-m+fp/hard\libc_nano.a(lib_a-findfp.o)
                0x00000000080077dc                __sinit_lock_acquire
 .text.__sinit_lock_release
                0x00000000080077e8        0xc c:/work/hardware/applications/stm32/stm32cubeide_1.11.2/stm32cubeide/plugins/com.st.stm32cube.ide.mcu.externaltools.gnu-tools-for-stm32.10.3-2021.10.win32_1.0.100.202210260954/tools/bin/../lib/gcc/arm-none-eabi/10.3.1/../../../../arm-none-eabi/lib/thumb/v7e-m+fp/hard\libc_nano.a(lib_a-findfp.o)
                0x00000000080077e8                __sinit_lock_release
 .text.__sinit  0x00000000080077f4       0x70 c:/work/hardware/applications/stm32/stm32cubeide_1.11.2/stm32cubeide/plugins/com.st.stm32cube.ide.mcu.externaltools.gnu-tools-for-stm32.10.3-2021.10.win32_1.0.100.202210260954/tools/bin/../lib/gcc/arm-none-eabi/10.3.1/../../../../arm-none-eabi/lib/thumb/v7e-m+fp/hard\libc_nano.a(lib_a-findfp.o)
                0x00000000080077f4                __sinit
 .text.__sfp    0x0000000008007864       0x8c c:/work/hardware/applications/stm32/stm32cubeide_1.11.2/stm32cubeide/plugins/com.st.stm32cube.ide.mcu.externaltools.gnu-tools-for-stm32.10.3-2021.10.win32_1.0.100.202210260954/tools/bin/../lib/gcc/arm-none-eabi/10.3.1/../../../../arm-none-eabi/lib/thumb/v7e-m+fp/hard\libc_nano.a(lib_a-findfp.o)
                0x0000000008007864                __sfp
 .text._fwalk_reent
                0x00000000080078f0       0x3e c:/work/hardware/applications/stm32/stm32cubeide_1.11.2/stm32cubeide/plugins/com.st.stm32cube.ide.mcu.externaltools.gnu-tools-for-stm32.10.3-2021.10.win32_1.0.100.202210260954/tools/bin/../lib/gcc/arm-none-eabi/10.3.1/../../../../arm-none-eabi/lib/thumb/v7e-m+fp/hard\libc_nano.a(lib_a-fwalk.o)
                0x00000000080078f0                _fwalk_reent
 .text.__retarget_lock_init_recursive
                0x000000000800792e        0x2 c:/work/hardware/applications/stm32/stm32cubeide_1.11.2/stm32cubeide/plugins/com.st.stm32cube.ide.mcu.externaltools.gnu-tools-for-stm32.10.3-2021.10.win32_1.0.100.202210260954/tools/bin/../lib/gcc/arm-none-eabi/10.3.1/../../../../arm-none-eabi/lib/thumb/v7e-m+fp/hard\libc_nano.a(lib_a-lock.o)
                0x000000000800792e                __retarget_lock_init_recursive
 .text.__retarget_lock_acquire_recursive
                0x0000000008007930        0x2 c:/work/hardware/applications/stm32/stm32cubeide_1.11.2/stm32cubeide/plugins/com.st.stm32cube.ide.mcu.externaltools.gnu-tools-for-stm32.10.3-2021.10.win32_1.0.100.202210260954/tools/bin/../lib/gcc/arm-none-eabi/10.3.1/../../../../arm-none-eabi/lib/thumb/v7e-m+fp/hard\libc_nano.a(lib_a-lock.o)
                0x0000000008007930                __retarget_lock_acquire_recursive
 .text.__retarget_lock_release_recursive
                0x0000000008007932        0x2 c:/work/hardware/applications/stm32/stm32cubeide_1.11.2/stm32cubeide/plugins/com.st.stm32cube.ide.mcu.externaltools.gnu-tools-for-stm32.10.3-2021.10.win32_1.0.100.202210260954/tools/bin/../lib/gcc/arm-none-eabi/10.3.1/../../../../arm-none-eabi/lib/thumb/v7e-m+fp/hard\libc_nano.a(lib_a-lock.o)
                0x0000000008007932                __retarget_lock_release_recursive
 .text.__swhatbuf_r
                0x0000000008007934       0x4a c:/work/hardware/applications/stm32/stm32cubeide_1.11.2/stm32cubeide/plugins/com.st.stm32cube.ide.mcu.externaltools.gnu-tools-for-stm32.10.3-2021.10.win32_1.0.100.202210260954/tools/bin/../lib/gcc/arm-none-eabi/10.3.1/../../../../arm-none-eabi/lib/thumb/v7e-m+fp/hard\libc_nano.a(lib_a-makebuf.o)
                0x0000000008007934                __swhatbuf_r
 *fill*         0x000000000800797e        0x2 
 .text.__smakebuf_r
                0x0000000008007980       0x80 c:/work/hardware/applications/stm32/stm32cubeide_1.11.2/stm32cubeide/plugins/com.st.stm32cube.ide.mcu.externaltools.gnu-tools-for-stm32.10.3-2021.10.win32_1.0.100.202210260954/tools/bin/../lib/gcc/arm-none-eabi/10.3.1/../../../../arm-none-eabi/lib/thumb/v7e-m+fp/hard\libc_nano.a(lib_a-makebuf.o)
                0x0000000008007980                __smakebuf_r
 .text.__malloc_lock
                0x0000000008007a00        0xc c:/work/hardware/applications/stm32/stm32cubeide_1.11.2/stm32cubeide/plugins/com.st.stm32cube.ide.mcu.externaltools.gnu-tools-for-stm32.10.3-2021.10.win32_1.0.100.202210260954/tools/bin/../lib/gcc/arm-none-eabi/10.3.1/../../../../arm-none-eabi/lib/thumb/v7e-m+fp/hard\libc_nano.a(lib_a-mlock.o)
                0x0000000008007a00                __malloc_lock
 .text.__malloc_unlock
                0x0000000008007a0c        0xc c:/work/hardware/applications/stm32/stm32cubeide_1.11.2/stm32cubeide/plugins/com.st.stm32cube.ide.mcu.externaltools.gnu-tools-for-stm32.10.3-2021.10.win32_1.0.100.202210260954/tools/bin/../lib/gcc/arm-none-eabi/10.3.1/../../../../arm-none-eabi/lib/thumb/v7e-m+fp/hard\libc_nano.a(lib_a-mlock.o)
                0x0000000008007a0c                __malloc_unlock
 .text.__sfputc_r
                0x0000000008007a18       0x2e c:/work/hardware/applications/stm32/stm32cubeide_1.11.2/stm32cubeide/plugins/com.st.stm32cube.ide.mcu.externaltools.gnu-tools-for-stm32.10.3-2021.10.win32_1.0.100.202210260954/tools/bin/../lib/gcc/arm-none-eabi/10.3.1/../../../../arm-none-eabi/lib/thumb/v7e-m+fp/hard\libc_nano.a(lib_a-nano-vfprintf.o)
 .text.__sfputs_r
                0x0000000008007a46       0x24 c:/work/hardware/applications/stm32/stm32cubeide_1.11.2/stm32cubeide/plugins/com.st.stm32cube.ide.mcu.externaltools.gnu-tools-for-stm32.10.3-2021.10.win32_1.0.100.202210260954/tools/bin/../lib/gcc/arm-none-eabi/10.3.1/../../../../arm-none-eabi/lib/thumb/v7e-m+fp/hard\libc_nano.a(lib_a-nano-vfprintf.o)
                0x0000000008007a46                __sfputs_r
 *fill*         0x0000000008007a6a        0x2 
 .text._vfprintf_r
                0x0000000008007a6c      0x260 c:/work/hardware/applications/stm32/stm32cubeide_1.11.2/stm32cubeide/plugins/com.st.stm32cube.ide.mcu.externaltools.gnu-tools-for-stm32.10.3-2021.10.win32_1.0.100.202210260954/tools/bin/../lib/gcc/arm-none-eabi/10.3.1/../../../../arm-none-eabi/lib/thumb/v7e-m+fp/hard\libc_nano.a(lib_a-nano-vfprintf.o)
                0x0000000008007a6c                _vfprintf_r
                0x0000000008007a6c                _vfiprintf_r
 .text._printf_common
                0x0000000008007ccc       0xda c:/work/hardware/applications/stm32/stm32cubeide_1.11.2/stm32cubeide/plugins/com.st.stm32cube.ide.mcu.externaltools.gnu-tools-for-stm32.10.3-2021.10.win32_1.0.100.202210260954/tools/bin/../lib/gcc/arm-none-eabi/10.3.1/../../../../arm-none-eabi/lib/thumb/v7e-m+fp/hard\libc_nano.a(lib_a-nano-vfprintf_i.o)
                0x0000000008007ccc                _printf_common
 *fill*         0x0000000008007da6        0x2 
 .text._printf_i
                0x0000000008007da8      0x24c c:/work/hardware/applications/stm32/stm32cubeide_1.11.2/stm32cubeide/plugins/com.st.stm32cube.ide.mcu.externaltools.gnu-tools-for-stm32.10.3-2021.10.win32_1.0.100.202210260954/tools/bin/../lib/gcc/arm-none-eabi/10.3.1/../../../../arm-none-eabi/lib/thumb/v7e-m+fp/hard\libc_nano.a(lib_a-nano-vfprintf_i.o)
                0x0000000008007da8                _printf_i
 .text.__sread  0x0000000008007ff4       0x22 c:/work/hardware/applications/stm32/stm32cubeide_1.11.2/stm32cubeide/plugins/com.st.stm32cube.ide.mcu.externaltools.gnu-tools-for-stm32.10.3-2021.10.win32_1.0.100.202210260954/tools/bin/../lib/gcc/arm-none-eabi/10.3.1/../../../../arm-none-eabi/lib/thumb/v7e-m+fp/hard\libc_nano.a(lib_a-stdio.o)
                0x0000000008007ff4                __sread
 .text.__swrite
                0x0000000008008016       0x38 c:/work/hardware/applications/stm32/stm32cubeide_1.11.2/stm32cubeide/plugins/com.st.stm32cube.ide.mcu.externaltools.gnu-tools-for-stm32.10.3-2021.10.win32_1.0.100.202210260954/tools/bin/../lib/gcc/arm-none-eabi/10.3.1/../../../../arm-none-eabi/lib/thumb/v7e-m+fp/hard\libc_nano.a(lib_a-stdio.o)
                0x0000000008008016                __swrite
 .text.__sseek  0x000000000800804e       0x24 c:/work/hardware/applications/stm32/stm32cubeide_1.11.2/stm32cubeide/plugins/com.st.stm32cube.ide.mcu.externaltools.gnu-tools-for-stm32.10.3-2021.10.win32_1.0.100.202210260954/tools/bin/../lib/gcc/arm-none-eabi/10.3.1/../../../../arm-none-eabi/lib/thumb/v7e-m+fp/hard\libc_nano.a(lib_a-stdio.o)
                0x000000000800804e                __sseek
 .text.__sclose
                0x0000000008008072        0x8 c:/work/hardware/applications/stm32/stm32cubeide_1.11.2/stm32cubeide/plugins/com.st.stm32cube.ide.mcu.externaltools.gnu-tools-for-stm32.10.3-2021.10.win32_1.0.100.202210260954/tools/bin/../lib/gcc/arm-none-eabi/10.3.1/../../../../arm-none-eabi/lib/thumb/v7e-m+fp/hard\libc_nano.a(lib_a-stdio.o)
                0x0000000008008072                __sclose
 *fill*         0x000000000800807a        0x2 
 .text._write_r
                0x000000000800807c       0x24 c:/work/hardware/applications/stm32/stm32cubeide_1.11.2/stm32cubeide/plugins/com.st.stm32cube.ide.mcu.externaltools.gnu-tools-for-stm32.10.3-2021.10.win32_1.0.100.202210260954/tools/bin/../lib/gcc/arm-none-eabi/10.3.1/../../../../arm-none-eabi/lib/thumb/v7e-m+fp/hard\libc_nano.a(lib_a-writer.o)
                0x000000000800807c                _write_r
 .text._close_r
                0x00000000080080a0       0x20 c:/work/hardware/applications/stm32/stm32cubeide_1.11.2/stm32cubeide/plugins/com.st.stm32cube.ide.mcu.externaltools.gnu-tools-for-stm32.10.3-2021.10.win32_1.0.100.202210260954/tools/bin/../lib/gcc/arm-none-eabi/10.3.1/../../../../arm-none-eabi/lib/thumb/v7e-m+fp/hard\libc_nano.a(lib_a-closer.o)
                0x00000000080080a0                _close_r
 .text._fstat_r
                0x00000000080080c0       0x24 c:/work/hardware/applications/stm32/stm32cubeide_1.11.2/stm32cubeide/plugins/com.st.stm32cube.ide.mcu.externaltools.gnu-tools-for-stm32.10.3-2021.10.win32_1.0.100.202210260954/tools/bin/../lib/gcc/arm-none-eabi/10.3.1/../../../../arm-none-eabi/lib/thumb/v7e-m+fp/hard\libc_nano.a(lib_a-fstatr.o)
                0x00000000080080c0                _fstat_r
 .text._isatty_r
                0x00000000080080e4       0x20 c:/work/hardware/applications/stm32/stm32cubeide_1.11.2/stm32cubeide/plugins/com.st.stm32cube.ide.mcu.externaltools.gnu-tools-for-stm32.10.3-2021.10.win32_1.0.100.202210260954/tools/bin/../lib/gcc/arm-none-eabi/10.3.1/../../../../arm-none-eabi/lib/thumb/v7e-m+fp/hard\libc_nano.a(lib_a-isattyr.o)
                0x00000000080080e4                _isatty_r
 .text._lseek_r
                0x0000000008008104       0x24 c:/work/hardware/applications/stm32/stm32cubeide_1.11.2/stm32cubeide/plugins/com.st.stm32cube.ide.mcu.externaltools.gnu-tools-for-stm32.10.3-2021.10.win32_1.0.100.202210260954/tools/bin/../lib/gcc/arm-none-eabi/10.3.1/../../../../arm-none-eabi/lib/thumb/v7e-m+fp/hard\libc_nano.a(lib_a-lseekr.o)
                0x0000000008008104                _lseek_r
 .text._read_r  0x0000000008008128       0x24 c:/work/hardware/applications/stm32/stm32cubeide_1.11.2/stm32cubeide/plugins/com.st.stm32cube.ide.mcu.externaltools.gnu-tools-for-stm32.10.3-2021.10.win32_1.0.100.202210260954/tools/bin/../lib/gcc/arm-none-eabi/10.3.1/../../../../arm-none-eabi/lib/thumb/v7e-m+fp/hard\libc_nano.a(lib_a-readr.o)
                0x0000000008008128                _read_r
 *(.glue_7)
 .glue_7        0x000000000800814c        0x0 linker stubs
 *(.glue_7t)
 .glue_7t       0x000000000800814c        0x0 linker stubs
 *(.eh_frame)
 .eh_frame      0x000000000800814c        0x0 c:/work/hardware/applications/stm32/stm32cubeide_1.11.2/stm32cubeide/plugins/com.st.stm32cube.ide.mcu.externaltools.gnu-tools-for-stm32.10.3-2021.10.win32_1.0.100.202210260954/tools/bin/../lib/gcc/arm-none-eabi/10.3.1/thumb/v7e-m+fp/hard/crtbegin.o
 *(.init)
 .init          0x000000000800814c        0x4 c:/work/hardware/applications/stm32/stm32cubeide_1.11.2/stm32cubeide/plugins/com.st.stm32cube.ide.mcu.externaltools.gnu-tools-for-stm32.10.3-2021.10.win32_1.0.100.202210260954/tools/bin/../lib/gcc/arm-none-eabi/10.3.1/thumb/v7e-m+fp/hard/crti.o
                0x000000000800814c                _init
 .init          0x0000000008008150        0x8 c:/work/hardware/applications/stm32/stm32cubeide_1.11.2/stm32cubeide/plugins/com.st.stm32cube.ide.mcu.externaltools.gnu-tools-for-stm32.10.3-2021.10.win32_1.0.100.202210260954/tools/bin/../lib/gcc/arm-none-eabi/10.3.1/thumb/v7e-m+fp/hard/crtn.o
 *(.fini)
 .fini          0x0000000008008158        0x4 c:/work/hardware/applications/stm32/stm32cubeide_1.11.2/stm32cubeide/plugins/com.st.stm32cube.ide.mcu.externaltools.gnu-tools-for-stm32.10.3-2021.10.win32_1.0.100.202210260954/tools/bin/../lib/gcc/arm-none-eabi/10.3.1/thumb/v7e-m+fp/hard/crti.o
                0x0000000008008158                _fini
 .fini          0x000000000800815c        0x8 c:/work/hardware/applications/stm32/stm32cubeide_1.11.2/stm32cubeide/plugins/com.st.stm32cube.ide.mcu.externaltools.gnu-tools-for-stm32.10.3-2021.10.win32_1.0.100.202210260954/tools/bin/../lib/gcc/arm-none-eabi/10.3.1/thumb/v7e-m+fp/hard/crtn.o
                0x0000000008008164                . = ALIGN (0x4)
                0x0000000008008164                _etext = .

.vfp11_veneer   0x0000000008008164        0x0
 .vfp11_veneer  0x0000000008008164        0x0 linker stubs

.v4_bx          0x0000000008008164        0x0
 .v4_bx         0x0000000008008164        0x0 linker stubs

.iplt           0x0000000008008164        0x0
 .iplt          0x0000000008008164        0x0 c:/work/hardware/applications/stm32/stm32cubeide_1.11.2/stm32cubeide/plugins/com.st.stm32cube.ide.mcu.externaltools.gnu-tools-for-stm32.10.3-2021.10.win32_1.0.100.202210260954/tools/bin/../lib/gcc/arm-none-eabi/10.3.1/thumb/v7e-m+fp/hard/crtbegin.o

.rodata         0x0000000008008164      0x408
                0x0000000008008164                . = ALIGN (0x4)
 *(.rodata)
 .rodata        0x0000000008008164      0x2dd ./Core/Src/ManagementRemote.o
 *fill*         0x0000000008008441        0x3 
 .rodata        0x0000000008008444       0x1c ./Core/Src/main.o
 .rodata        0x0000000008008460       0x29 ./Core/Src/RF/comms.o
 *(.rodata*)
 *fill*         0x0000000008008489        0x3 
 .rodata.AHBPrescTable
                0x000000000800848c       0x10 ./Core/Src/system_stm32l4xx.o
                0x000000000800848c                AHBPrescTable
 .rodata.APBPrescTable
                0x000000000800849c        0x8 ./Core/Src/system_stm32l4xx.o
                0x000000000800849c                APBPrescTable
 .rodata.MSIRangeTable
                0x00000000080084a4       0x30 ./Core/Src/system_stm32l4xx.o
                0x00000000080084a4                MSIRangeTable
 .rodata._global_impure_ptr
                0x00000000080084d4        0x4 c:/work/hardware/applications/stm32/stm32cubeide_1.11.2/stm32cubeide/plugins/com.st.stm32cube.ide.mcu.externaltools.gnu-tools-for-stm32.10.3-2021.10.win32_1.0.100.202210260954/tools/bin/../lib/gcc/arm-none-eabi/10.3.1/../../../../arm-none-eabi/lib/thumb/v7e-m+fp/hard\libc_nano.a(lib_a-impure.o)
                0x00000000080084d4                _global_impure_ptr
 .rodata.__sf_fake_stderr
                0x00000000080084d8       0x20 c:/work/hardware/applications/stm32/stm32cubeide_1.11.2/stm32cubeide/plugins/com.st.stm32cube.ide.mcu.externaltools.gnu-tools-for-stm32.10.3-2021.10.win32_1.0.100.202210260954/tools/bin/../lib/gcc/arm-none-eabi/10.3.1/../../../../arm-none-eabi/lib/thumb/v7e-m+fp/hard\libc_nano.a(lib_a-findfp.o)
                0x00000000080084d8                __sf_fake_stderr
 .rodata.__sf_fake_stdin
                0x00000000080084f8       0x20 c:/work/hardware/applications/stm32/stm32cubeide_1.11.2/stm32cubeide/plugins/com.st.stm32cube.ide.mcu.externaltools.gnu-tools-for-stm32.10.3-2021.10.win32_1.0.100.202210260954/tools/bin/../lib/gcc/arm-none-eabi/10.3.1/../../../../arm-none-eabi/lib/thumb/v7e-m+fp/hard\libc_nano.a(lib_a-findfp.o)
                0x00000000080084f8                __sf_fake_stdin
 .rodata.__sf_fake_stdout
                0x0000000008008518       0x20 c:/work/hardware/applications/stm32/stm32cubeide_1.11.2/stm32cubeide/plugins/com.st.stm32cube.ide.mcu.externaltools.gnu-tools-for-stm32.10.3-2021.10.win32_1.0.100.202210260954/tools/bin/../lib/gcc/arm-none-eabi/10.3.1/../../../../arm-none-eabi/lib/thumb/v7e-m+fp/hard\libc_nano.a(lib_a-findfp.o)
                0x0000000008008518                __sf_fake_stdout
 .rodata._vfprintf_r.str1.1
                0x0000000008008538       0x11 c:/work/hardware/applications/stm32/stm32cubeide_1.11.2/stm32cubeide/plugins/com.st.stm32cube.ide.mcu.externaltools.gnu-tools-for-stm32.10.3-2021.10.win32_1.0.100.202210260954/tools/bin/../lib/gcc/arm-none-eabi/10.3.1/../../../../arm-none-eabi/lib/thumb/v7e-m+fp/hard\libc_nano.a(lib_a-nano-vfprintf.o)
 .rodata._printf_i.str1.1
                0x0000000008008549       0x22 c:/work/hardware/applications/stm32/stm32cubeide_1.11.2/stm32cubeide/plugins/com.st.stm32cube.ide.mcu.externaltools.gnu-tools-for-stm32.10.3-2021.10.win32_1.0.100.202210260954/tools/bin/../lib/gcc/arm-none-eabi/10.3.1/../../../../arm-none-eabi/lib/thumb/v7e-m+fp/hard\libc_nano.a(lib_a-nano-vfprintf_i.o)
                0x000000000800856c                . = ALIGN (0x4)
 *fill*         0x000000000800856b        0x1 

.ARM.extab      0x000000000800856c        0x0
                0x000000000800856c                . = ALIGN (0x4)
 *(.ARM.extab* .gnu.linkonce.armextab.*)
                0x000000000800856c                . = ALIGN (0x4)

.ARM            0x000000000800856c        0x8
                0x000000000800856c                . = ALIGN (0x4)
                0x000000000800856c                __exidx_start = .
 *(.ARM.exidx*)
 .ARM.exidx     0x000000000800856c        0x8 c:/work/hardware/applications/stm32/stm32cubeide_1.11.2/stm32cubeide/plugins/com.st.stm32cube.ide.mcu.externaltools.gnu-tools-for-stm32.10.3-2021.10.win32_1.0.100.202210260954/tools/bin/../lib/gcc/arm-none-eabi/10.3.1/thumb/v7e-m+fp/hard\libgcc.a(_udivmoddi4.o)
                0x0000000008008574                __exidx_end = .
                0x0000000008008574                . = ALIGN (0x4)

.rel.dyn        0x0000000008008574        0x0
 .rel.iplt      0x0000000008008574        0x0 c:/work/hardware/applications/stm32/stm32cubeide_1.11.2/stm32cubeide/plugins/com.st.stm32cube.ide.mcu.externaltools.gnu-tools-for-stm32.10.3-2021.10.win32_1.0.100.202210260954/tools/bin/../lib/gcc/arm-none-eabi/10.3.1/thumb/v7e-m+fp/hard/crtbegin.o

.preinit_array  0x0000000008008574        0x0
                0x0000000008008574                . = ALIGN (0x4)
                0x0000000008008574                PROVIDE (__preinit_array_start = .)
 *(.preinit_array*)
                0x0000000008008574                PROVIDE (__preinit_array_end = .)
                0x0000000008008574                . = ALIGN (0x4)

.init_array     0x0000000008008574        0x4
                0x0000000008008574                . = ALIGN (0x4)
                0x0000000008008574                PROVIDE (__init_array_start = .)
 *(SORT_BY_NAME(.init_array.*))
 *(.init_array*)
 .init_array    0x0000000008008574        0x4 c:/work/hardware/applications/stm32/stm32cubeide_1.11.2/stm32cubeide/plugins/com.st.stm32cube.ide.mcu.externaltools.gnu-tools-for-stm32.10.3-2021.10.win32_1.0.100.202210260954/tools/bin/../lib/gcc/arm-none-eabi/10.3.1/thumb/v7e-m+fp/hard/crtbegin.o
                0x0000000008008578                PROVIDE (__init_array_end = .)
                0x0000000008008578                . = ALIGN (0x4)

.fini_array     0x0000000008008578        0x4
                0x0000000008008578                . = ALIGN (0x4)
                [!provide]                        PROVIDE (__fini_array_start = .)
 *(SORT_BY_NAME(.fini_array.*))
 *(.fini_array*)
 .fini_array    0x0000000008008578        0x4 c:/work/hardware/applications/stm32/stm32cubeide_1.11.2/stm32cubeide/plugins/com.st.stm32cube.ide.mcu.externaltools.gnu-tools-for-stm32.10.3-2021.10.win32_1.0.100.202210260954/tools/bin/../lib/gcc/arm-none-eabi/10.3.1/thumb/v7e-m+fp/hard/crtbegin.o
                [!provide]                        PROVIDE (__fini_array_end = .)
                0x000000000800857c                . = ALIGN (0x4)
                0x000000000800857c                _sidata = LOADADDR (.data)

.data           0x0000000020000000       0x88 load address 0x000000000800857c
                0x0000000020000000                . = ALIGN (0x4)
                0x0000000020000000                _sdata = .
 *(.data)
 *(.data*)
 .data.SystemCoreClock
                0x0000000020000000        0x4 ./Core/Src/system_stm32l4xx.o
                0x0000000020000000                SystemCoreClock
 .data.Stat     0x0000000020000004        0x1 ./Core/Src/SDcard/fatfsSD.o
 *fill*         0x0000000020000005        0x3 
 .data.uwTickPrio
                0x0000000020000008        0x4 ./Drivers/STM32L4xx_HAL_Driver/Src/stm32l4xx_hal.o
                0x0000000020000008                uwTickPrio
 .data.uwTickFreq
                0x000000002000000c        0x1 ./Drivers/STM32L4xx_HAL_Driver/Src/stm32l4xx_hal.o
                0x000000002000000c                uwTickFreq
 *fill*         0x000000002000000d        0x3 
 .data.USER_Driver
                0x0000000020000010       0x14 ./FATFS/Target/user_diskio.o
                0x0000000020000010                USER_Driver
 .data._impure_ptr
                0x0000000020000024        0x4 c:/work/hardware/applications/stm32/stm32cubeide_1.11.2/stm32cubeide/plugins/com.st.stm32cube.ide.mcu.externaltools.gnu-tools-for-stm32.10.3-2021.10.win32_1.0.100.202210260954/tools/bin/../lib/gcc/arm-none-eabi/10.3.1/../../../../arm-none-eabi/lib/thumb/v7e-m+fp/hard\libc_nano.a(lib_a-impure.o)
                0x0000000020000024                _impure_ptr
 .data.impure_data
                0x0000000020000028       0x60 c:/work/hardware/applications/stm32/stm32cubeide_1.11.2/stm32cubeide/plugins/com.st.stm32cube.ide.mcu.externaltools.gnu-tools-for-stm32.10.3-2021.10.win32_1.0.100.202210260954/tools/bin/../lib/gcc/arm-none-eabi/10.3.1/../../../../arm-none-eabi/lib/thumb/v7e-m+fp/hard\libc_nano.a(lib_a-impure.o)
 *(.RamFunc)
 *(.RamFunc*)
                0x0000000020000088                . = ALIGN (0x4)
                0x0000000020000088                _edata = .

.igot.plt       0x0000000020000088        0x0 load address 0x0000000008008604
 .igot.plt      0x0000000020000088        0x0 c:/work/hardware/applications/stm32/stm32cubeide_1.11.2/stm32cubeide/plugins/com.st.stm32cube.ide.mcu.externaltools.gnu-tools-for-stm32.10.3-2021.10.win32_1.0.100.202210260954/tools/bin/../lib/gcc/arm-none-eabi/10.3.1/thumb/v7e-m+fp/hard/crtbegin.o
                0x0000000020000088                . = ALIGN (0x4)

.bss            0x0000000020000088      0x448 load address 0x0000000008008604
                0x0000000020000088                _sbss = .
                0x0000000020000088                __bss_start__ = _sbss
 *(.bss)
 .bss           0x0000000020000088       0x1c c:/work/hardware/applications/stm32/stm32cubeide_1.11.2/stm32cubeide/plugins/com.st.stm32cube.ide.mcu.externaltools.gnu-tools-for-stm32.10.3-2021.10.win32_1.0.100.202210260954/tools/bin/../lib/gcc/arm-none-eabi/10.3.1/thumb/v7e-m+fp/hard/crtbegin.o
 *(.bss*)
 .bss.hlpuart1  0x00000000200000a4       0x84 ./Core/Src/main.o
                0x00000000200000a4                hlpuart1
 .bss.huart3    0x0000000020000128       0x84 ./Core/Src/main.o
                0x0000000020000128                huart3
 .bss.hrng      0x00000000200001ac       0x10 ./Core/Src/main.o
                0x00000000200001ac                hrng
 .bss.hspi2     0x00000000200001bc       0x64 ./Core/Src/main.o
                0x00000000200001bc                hspi2
 .bss.RXFIFO    0x0000000020000220      0x264 ./Core/Src/main.o
                0x0000000020000220                RXFIFO
 .bss.UART2_rxBuffer
                0x0000000020000484       0x14 ./Core/Src/main.o
                0x0000000020000484                UART2_rxBuffer
 .bss.gHuart    0x0000000020000498        0x4 ./Core/Src/retarget.o
                0x0000000020000498                gHuart
 .bss.FatFsCnt  0x000000002000049c        0x1 ./Core/Src/stm32l4xx_it.o
                0x000000002000049c                FatFsCnt
 .bss.Timer1    0x000000002000049d        0x1 ./Core/Src/stm32l4xx_it.o
                0x000000002000049d                Timer1
 .bss.Timer2    0x000000002000049e        0x1 ./Core/Src/stm32l4xx_it.o
                0x000000002000049e                Timer2
 *fill*         0x000000002000049f        0x1 
 .bss.__sbrk_heap_end
                0x00000000200004a0        0x4 ./Core/Src/sysmem.o
 .bss.CardType  0x00000000200004a4        0x1 ./Core/Src/SDcard/fatfsSD.o
 .bss.PowerFlag
                0x00000000200004a5        0x1 ./Core/Src/SDcard/fatfsSD.o
 *fill*         0x00000000200004a6        0x2 
 .bss.uwTick    0x00000000200004a8        0x4 ./Drivers/STM32L4xx_HAL_Driver/Src/stm32l4xx_hal.o
                0x00000000200004a8                uwTick
 .bss.retUSER   0x00000000200004ac        0x1 ./FATFS/App/fatfs.o
                0x00000000200004ac                retUSER
 *fill*         0x00000000200004ad        0x3 
 .bss.USERPath  0x00000000200004b0        0x4 ./FATFS/App/fatfs.o
                0x00000000200004b0                USERPath
 .bss.disk      0x00000000200004b4        0xc ./Middlewares/Third_Party/FatFs/src/ff_gen_drv.o
                0x00000000200004b4                disk
 .bss.__malloc_free_list
                0x00000000200004c0        0x4 c:/work/hardware/applications/stm32/stm32cubeide_1.11.2/stm32cubeide/plugins/com.st.stm32cube.ide.mcu.externaltools.gnu-tools-for-stm32.10.3-2021.10.win32_1.0.100.202210260954/tools/bin/../lib/gcc/arm-none-eabi/10.3.1/../../../../arm-none-eabi/lib/thumb/v7e-m+fp/hard\libc_nano.a(lib_a-nano-mallocr.o)
                0x00000000200004c0                __malloc_free_list
 .bss.__malloc_sbrk_start
                0x00000000200004c4        0x4 c:/work/hardware/applications/stm32/stm32cubeide_1.11.2/stm32cubeide/plugins/com.st.stm32cube.ide.mcu.externaltools.gnu-tools-for-stm32.10.3-2021.10.win32_1.0.100.202210260954/tools/bin/../lib/gcc/arm-none-eabi/10.3.1/../../../../arm-none-eabi/lib/thumb/v7e-m+fp/hard\libc_nano.a(lib_a-nano-mallocr.o)
                0x00000000200004c4                __malloc_sbrk_start
 .bss.__lock___malloc_recursive_mutex
                0x00000000200004c8        0x1 c:/work/hardware/applications/stm32/stm32cubeide_1.11.2/stm32cubeide/plugins/com.st.stm32cube.ide.mcu.externaltools.gnu-tools-for-stm32.10.3-2021.10.win32_1.0.100.202210260954/tools/bin/../lib/gcc/arm-none-eabi/10.3.1/../../../../arm-none-eabi/lib/thumb/v7e-m+fp/hard\libc_nano.a(lib_a-lock.o)
                0x00000000200004c8                __lock___malloc_recursive_mutex
 .bss.__lock___sfp_recursive_mutex
                0x00000000200004c9        0x1 c:/work/hardware/applications/stm32/stm32cubeide_1.11.2/stm32cubeide/plugins/com.st.stm32cube.ide.mcu.externaltools.gnu-tools-for-stm32.10.3-2021.10.win32_1.0.100.202210260954/tools/bin/../lib/gcc/arm-none-eabi/10.3.1/../../../../arm-none-eabi/lib/thumb/v7e-m+fp/hard\libc_nano.a(lib_a-lock.o)
                0x00000000200004c9                __lock___sfp_recursive_mutex
 .bss.__lock___sinit_recursive_mutex
                0x00000000200004ca        0x1 c:/work/hardware/applications/stm32/stm32cubeide_1.11.2/stm32cubeide/plugins/com.st.stm32cube.ide.mcu.externaltools.gnu-tools-for-stm32.10.3-2021.10.win32_1.0.100.202210260954/tools/bin/../lib/gcc/arm-none-eabi/10.3.1/../../../../arm-none-eabi/lib/thumb/v7e-m+fp/hard\libc_nano.a(lib_a-lock.o)
                0x00000000200004ca                __lock___sinit_recursive_mutex
 *fill*         0x00000000200004cb        0x1 
 .bss.errno     0x00000000200004cc        0x4 c:/work/hardware/applications/stm32/stm32cubeide_1.11.2/stm32cubeide/plugins/com.st.stm32cube.ide.mcu.externaltools.gnu-tools-for-stm32.10.3-2021.10.win32_1.0.100.202210260954/tools/bin/../lib/gcc/arm-none-eabi/10.3.1/../../../../arm-none-eabi/lib/thumb/v7e-m+fp/hard\libc_nano.a(lib_a-reent.o)
                0x00000000200004cc                errno
 *(COMMON)
                0x00000000200004d0                . = ALIGN (0x4)
                0x00000000200004d0                _ebss = .
                0x00000000200004d0                __bss_end__ = _ebss

._user_heap_stack
                0x00000000200004d0      0x600 load address 0x0000000008008604
                0x00000000200004d0                . = ALIGN (0x8)
                [!provide]                        PROVIDE (end = .)
                0x00000000200004d0                PROVIDE (_end = .)
                0x00000000200006d0                . = (. + _Min_Heap_Size)
 *fill*         0x00000000200004d0      0x200 
                0x0000000020000ad0                . = (. + _Min_Stack_Size)
 *fill*         0x00000000200006d0      0x400 
                0x0000000020000ad0                . = ALIGN (0x8)

/DISCARD/
 libc.a(*)
 libm.a(*)
 libgcc.a(*)

.ARM.attributes
                0x0000000000000000       0x30
 *(.ARM.attributes)
 .ARM.attributes
                0x0000000000000000       0x1e c:/work/hardware/applications/stm32/stm32cubeide_1.11.2/stm32cubeide/plugins/com.st.stm32cube.ide.mcu.externaltools.gnu-tools-for-stm32.10.3-2021.10.win32_1.0.100.202210260954/tools/bin/../lib/gcc/arm-none-eabi/10.3.1/thumb/v7e-m+fp/hard/crti.o
 .ARM.attributes
                0x000000000000001e       0x34 c:/work/hardware/applications/stm32/stm32cubeide_1.11.2/stm32cubeide/plugins/com.st.stm32cube.ide.mcu.externaltools.gnu-tools-for-stm32.10.3-2021.10.win32_1.0.100.202210260954/tools/bin/../lib/gcc/arm-none-eabi/10.3.1/thumb/v7e-m+fp/hard/crtbegin.o
 .ARM.attributes
                0x0000000000000052       0x34 ./Core/Src/DataHandling.o
 .ARM.attributes
                0x0000000000000086       0x34 ./Core/Src/ManagementRemote.o
 .ARM.attributes
                0x00000000000000ba       0x34 ./Core/Src/main.o
 .ARM.attributes
                0x00000000000000ee       0x34 ./Core/Src/retarget.o
 .ARM.attributes
                0x0000000000000122       0x34 ./Core/Src/stm32l4xx_hal_msp.o
 .ARM.attributes
                0x0000000000000156       0x34 ./Core/Src/stm32l4xx_it.o
 .ARM.attributes
                0x000000000000018a       0x34 ./Core/Src/sysmem.o
 .ARM.attributes
                0x00000000000001be       0x34 ./Core/Src/system_stm32l4xx.o
 .ARM.attributes
                0x00000000000001f2       0x34 ./Core/Src/RF/comms.o
 .ARM.attributes
                0x0000000000000226       0x34 ./Core/Src/SDcard/fatfsSD.o
 .ARM.attributes
                0x000000000000025a       0x21 ./Core/Startup/startup_stm32l412rbtxp.o
 .ARM.attributes
                0x000000000000027b       0x34 ./Drivers/STM32L4xx_HAL_Driver/Src/stm32l4xx_hal.o
 .ARM.attributes
                0x00000000000002af       0x34 ./Drivers/STM32L4xx_HAL_Driver/Src/stm32l4xx_hal_cortex.o
 .ARM.attributes
                0x00000000000002e3       0x34 ./Drivers/STM32L4xx_HAL_Driver/Src/stm32l4xx_hal_dma.o
 .ARM.attributes
                0x0000000000000317       0x34 ./Drivers/STM32L4xx_HAL_Driver/Src/stm32l4xx_hal_gpio.o
 .ARM.attributes
                0x000000000000034b       0x34 ./Drivers/STM32L4xx_HAL_Driver/Src/stm32l4xx_hal_pwr_ex.o
 .ARM.attributes
                0x000000000000037f       0x34 ./Drivers/STM32L4xx_HAL_Driver/Src/stm32l4xx_hal_rcc.o
 .ARM.attributes
                0x00000000000003b3       0x34 ./Drivers/STM32L4xx_HAL_Driver/Src/stm32l4xx_hal_rcc_ex.o
 .ARM.attributes
                0x00000000000003e7       0x34 ./Drivers/STM32L4xx_HAL_Driver/Src/stm32l4xx_hal_rng.o
 .ARM.attributes
                0x000000000000041b       0x34 ./Drivers/STM32L4xx_HAL_Driver/Src/stm32l4xx_hal_spi.o
 .ARM.attributes
                0x000000000000044f       0x34 ./Drivers/STM32L4xx_HAL_Driver/Src/stm32l4xx_hal_uart.o
 .ARM.attributes
                0x0000000000000483       0x34 ./Drivers/STM32L4xx_HAL_Driver/Src/stm32l4xx_hal_uart_ex.o
 .ARM.attributes
                0x00000000000004b7       0x34 ./FATFS/App/fatfs.o
 .ARM.attributes
                0x00000000000004eb       0x34 ./FATFS/Target/user_diskio.o
 .ARM.attributes
                0x000000000000051f       0x34 ./Middlewares/Third_Party/FatFs/src/ff_gen_drv.o
 .ARM.attributes
                0x0000000000000553       0x34 c:/work/hardware/applications/stm32/stm32cubeide_1.11.2/stm32cubeide/plugins/com.st.stm32cube.ide.mcu.externaltools.gnu-tools-for-stm32.10.3-2021.10.win32_1.0.100.202210260954/tools/bin/../lib/gcc/arm-none-eabi/10.3.1/../../../../arm-none-eabi/lib/thumb/v7e-m+fp/hard\libc_nano.a(lib_a-errno.o)
 .ARM.attributes
                0x0000000000000587       0x34 c:/work/hardware/applications/stm32/stm32cubeide_1.11.2/stm32cubeide/plugins/com.st.stm32cube.ide.mcu.externaltools.gnu-tools-for-stm32.10.3-2021.10.win32_1.0.100.202210260954/tools/bin/../lib/gcc/arm-none-eabi/10.3.1/../../../../arm-none-eabi/lib/thumb/v7e-m+fp/hard\libc_nano.a(lib_a-impure.o)
 .ARM.attributes
                0x00000000000005bb       0x34 c:/work/hardware/applications/stm32/stm32cubeide_1.11.2/stm32cubeide/plugins/com.st.stm32cube.ide.mcu.externaltools.gnu-tools-for-stm32.10.3-2021.10.win32_1.0.100.202210260954/tools/bin/../lib/gcc/arm-none-eabi/10.3.1/../../../../arm-none-eabi/lib/thumb/v7e-m+fp/hard\libc_nano.a(lib_a-init.o)
 .ARM.attributes
                0x00000000000005ef       0x34 c:/work/hardware/applications/stm32/stm32cubeide_1.11.2/stm32cubeide/plugins/com.st.stm32cube.ide.mcu.externaltools.gnu-tools-for-stm32.10.3-2021.10.win32_1.0.100.202210260954/tools/bin/../lib/gcc/arm-none-eabi/10.3.1/../../../../arm-none-eabi/lib/thumb/v7e-m+fp/hard\libc_nano.a(lib_a-malloc.o)
 .ARM.attributes
                0x0000000000000623       0x34 c:/work/hardware/applications/stm32/stm32cubeide_1.11.2/stm32cubeide/plugins/com.st.stm32cube.ide.mcu.externaltools.gnu-tools-for-stm32.10.3-2021.10.win32_1.0.100.202210260954/tools/bin/../lib/gcc/arm-none-eabi/10.3.1/../../../../arm-none-eabi/lib/thumb/v7e-m+fp/hard\libc_nano.a(lib_a-memset.o)
 .ARM.attributes
                0x0000000000000657       0x34 c:/work/hardware/applications/stm32/stm32cubeide_1.11.2/stm32cubeide/plugins/com.st.stm32cube.ide.mcu.externaltools.gnu-tools-for-stm32.10.3-2021.10.win32_1.0.100.202210260954/tools/bin/../lib/gcc/arm-none-eabi/10.3.1/../../../../arm-none-eabi/lib/thumb/v7e-m+fp/hard\libc_nano.a(lib_a-nano-freer.o)
 .ARM.attributes
                0x000000000000068b       0x34 c:/work/hardware/applications/stm32/stm32cubeide_1.11.2/stm32cubeide/plugins/com.st.stm32cube.ide.mcu.externaltools.gnu-tools-for-stm32.10.3-2021.10.win32_1.0.100.202210260954/tools/bin/../lib/gcc/arm-none-eabi/10.3.1/../../../../arm-none-eabi/lib/thumb/v7e-m+fp/hard\libc_nano.a(lib_a-nano-mallocr.o)
 .ARM.attributes
                0x00000000000006bf       0x34 c:/work/hardware/applications/stm32/stm32cubeide_1.11.2/stm32cubeide/plugins/com.st.stm32cube.ide.mcu.externaltools.gnu-tools-for-stm32.10.3-2021.10.win32_1.0.100.202210260954/tools/bin/../lib/gcc/arm-none-eabi/10.3.1/../../../../arm-none-eabi/lib/thumb/v7e-m+fp/hard\libc_nano.a(lib_a-printf.o)
 .ARM.attributes
                0x00000000000006f3       0x34 c:/work/hardware/applications/stm32/stm32cubeide_1.11.2/stm32cubeide/plugins/com.st.stm32cube.ide.mcu.externaltools.gnu-tools-for-stm32.10.3-2021.10.win32_1.0.100.202210260954/tools/bin/../lib/gcc/arm-none-eabi/10.3.1/../../../../arm-none-eabi/lib/thumb/v7e-m+fp/hard\libc_nano.a(lib_a-sbrkr.o)
 .ARM.attributes
                0x0000000000000727       0x34 c:/work/hardware/applications/stm32/stm32cubeide_1.11.2/stm32cubeide/plugins/com.st.stm32cube.ide.mcu.externaltools.gnu-tools-for-stm32.10.3-2021.10.win32_1.0.100.202210260954/tools/bin/../lib/gcc/arm-none-eabi/10.3.1/../../../../arm-none-eabi/lib/thumb/v7e-m+fp/hard\libc_nano.a(lib_a-setvbuf.o)
 .ARM.attributes
                0x000000000000075b       0x34 c:/work/hardware/applications/stm32/stm32cubeide_1.11.2/stm32cubeide/plugins/com.st.stm32cube.ide.mcu.externaltools.gnu-tools-for-stm32.10.3-2021.10.win32_1.0.100.202210260954/tools/bin/../lib/gcc/arm-none-eabi/10.3.1/../../../../arm-none-eabi/lib/thumb/v7e-m+fp/hard\libc_nano.a(lib_a-wbuf.o)
 .ARM.attributes
                0x000000000000078f       0x34 c:/work/hardware/applications/stm32/stm32cubeide_1.11.2/stm32cubeide/plugins/com.st.stm32cube.ide.mcu.externaltools.gnu-tools-for-stm32.10.3-2021.10.win32_1.0.100.202210260954/tools/bin/../lib/gcc/arm-none-eabi/10.3.1/../../../../arm-none-eabi/lib/thumb/v7e-m+fp/hard\libc_nano.a(lib_a-wsetup.o)
 .ARM.attributes
                0x00000000000007c3       0x34 c:/work/hardware/applications/stm32/stm32cubeide_1.11.2/stm32cubeide/plugins/com.st.stm32cube.ide.mcu.externaltools.gnu-tools-for-stm32.10.3-2021.10.win32_1.0.100.202210260954/tools/bin/../lib/gcc/arm-none-eabi/10.3.1/../../../../arm-none-eabi/lib/thumb/v7e-m+fp/hard\libc_nano.a(lib_a-fflush.o)
 .ARM.attributes
                0x00000000000007f7       0x34 c:/work/hardware/applications/stm32/stm32cubeide_1.11.2/stm32cubeide/plugins/com.st.stm32cube.ide.mcu.externaltools.gnu-tools-for-stm32.10.3-2021.10.win32_1.0.100.202210260954/tools/bin/../lib/gcc/arm-none-eabi/10.3.1/../../../../arm-none-eabi/lib/thumb/v7e-m+fp/hard\libc_nano.a(lib_a-findfp.o)
 .ARM.attributes
                0x000000000000082b       0x34 c:/work/hardware/applications/stm32/stm32cubeide_1.11.2/stm32cubeide/plugins/com.st.stm32cube.ide.mcu.externaltools.gnu-tools-for-stm32.10.3-2021.10.win32_1.0.100.202210260954/tools/bin/../lib/gcc/arm-none-eabi/10.3.1/../../../../arm-none-eabi/lib/thumb/v7e-m+fp/hard\libc_nano.a(lib_a-fwalk.o)
 .ARM.attributes
                0x000000000000085f       0x34 c:/work/hardware/applications/stm32/stm32cubeide_1.11.2/stm32cubeide/plugins/com.st.stm32cube.ide.mcu.externaltools.gnu-tools-for-stm32.10.3-2021.10.win32_1.0.100.202210260954/tools/bin/../lib/gcc/arm-none-eabi/10.3.1/../../../../arm-none-eabi/lib/thumb/v7e-m+fp/hard\libc_nano.a(lib_a-lock.o)
 .ARM.attributes
                0x0000000000000893       0x34 c:/work/hardware/applications/stm32/stm32cubeide_1.11.2/stm32cubeide/plugins/com.st.stm32cube.ide.mcu.externaltools.gnu-tools-for-stm32.10.3-2021.10.win32_1.0.100.202210260954/tools/bin/../lib/gcc/arm-none-eabi/10.3.1/../../../../arm-none-eabi/lib/thumb/v7e-m+fp/hard\libc_nano.a(lib_a-makebuf.o)
 .ARM.attributes
                0x00000000000008c7       0x34 c:/work/hardware/applications/stm32/stm32cubeide_1.11.2/stm32cubeide/plugins/com.st.stm32cube.ide.mcu.externaltools.gnu-tools-for-stm32.10.3-2021.10.win32_1.0.100.202210260954/tools/bin/../lib/gcc/arm-none-eabi/10.3.1/../../../../arm-none-eabi/lib/thumb/v7e-m+fp/hard\libc_nano.a(lib_a-mlock.o)
 .ARM.attributes
                0x00000000000008fb       0x34 c:/work/hardware/applications/stm32/stm32cubeide_1.11.2/stm32cubeide/plugins/com.st.stm32cube.ide.mcu.externaltools.gnu-tools-for-stm32.10.3-2021.10.win32_1.0.100.202210260954/tools/bin/../lib/gcc/arm-none-eabi/10.3.1/../../../../arm-none-eabi/lib/thumb/v7e-m+fp/hard\libc_nano.a(lib_a-nano-vfprintf.o)
 .ARM.attributes
                0x000000000000092f       0x34 c:/work/hardware/applications/stm32/stm32cubeide_1.11.2/stm32cubeide/plugins/com.st.stm32cube.ide.mcu.externaltools.gnu-tools-for-stm32.10.3-2021.10.win32_1.0.100.202210260954/tools/bin/../lib/gcc/arm-none-eabi/10.3.1/../../../../arm-none-eabi/lib/thumb/v7e-m+fp/hard\libc_nano.a(lib_a-nano-vfprintf_i.o)
 .ARM.attributes
                0x0000000000000963       0x34 c:/work/hardware/applications/stm32/stm32cubeide_1.11.2/stm32cubeide/plugins/com.st.stm32cube.ide.mcu.externaltools.gnu-tools-for-stm32.10.3-2021.10.win32_1.0.100.202210260954/tools/bin/../lib/gcc/arm-none-eabi/10.3.1/../../../../arm-none-eabi/lib/thumb/v7e-m+fp/hard\libc_nano.a(lib_a-reent.o)
 .ARM.attributes
                0x0000000000000997       0x34 c:/work/hardware/applications/stm32/stm32cubeide_1.11.2/stm32cubeide/plugins/com.st.stm32cube.ide.mcu.externaltools.gnu-tools-for-stm32.10.3-2021.10.win32_1.0.100.202210260954/tools/bin/../lib/gcc/arm-none-eabi/10.3.1/../../../../arm-none-eabi/lib/thumb/v7e-m+fp/hard\libc_nano.a(lib_a-stdio.o)
 .ARM.attributes
                0x00000000000009cb       0x34 c:/work/hardware/applications/stm32/stm32cubeide_1.11.2/stm32cubeide/plugins/com.st.stm32cube.ide.mcu.externaltools.gnu-tools-for-stm32.10.3-2021.10.win32_1.0.100.202210260954/tools/bin/../lib/gcc/arm-none-eabi/10.3.1/../../../../arm-none-eabi/lib/thumb/v7e-m+fp/hard\libc_nano.a(lib_a-writer.o)
 .ARM.attributes
                0x00000000000009ff       0x34 c:/work/hardware/applications/stm32/stm32cubeide_1.11.2/stm32cubeide/plugins/com.st.stm32cube.ide.mcu.externaltools.gnu-tools-for-stm32.10.3-2021.10.win32_1.0.100.202210260954/tools/bin/../lib/gcc/arm-none-eabi/10.3.1/../../../../arm-none-eabi/lib/thumb/v7e-m+fp/hard\libc_nano.a(lib_a-closer.o)
 .ARM.attributes
                0x0000000000000a33       0x34 c:/work/hardware/applications/stm32/stm32cubeide_1.11.2/stm32cubeide/plugins/com.st.stm32cube.ide.mcu.externaltools.gnu-tools-for-stm32.10.3-2021.10.win32_1.0.100.202210260954/tools/bin/../lib/gcc/arm-none-eabi/10.3.1/../../../../arm-none-eabi/lib/thumb/v7e-m+fp/hard\libc_nano.a(lib_a-fstatr.o)
 .ARM.attributes
                0x0000000000000a67       0x34 c:/work/hardware/applications/stm32/stm32cubeide_1.11.2/stm32cubeide/plugins/com.st.stm32cube.ide.mcu.externaltools.gnu-tools-for-stm32.10.3-2021.10.win32_1.0.100.202210260954/tools/bin/../lib/gcc/arm-none-eabi/10.3.1/../../../../arm-none-eabi/lib/thumb/v7e-m+fp/hard\libc_nano.a(lib_a-isattyr.o)
 .ARM.attributes
                0x0000000000000a9b       0x34 c:/work/hardware/applications/stm32/stm32cubeide_1.11.2/stm32cubeide/plugins/com.st.stm32cube.ide.mcu.externaltools.gnu-tools-for-stm32.10.3-2021.10.win32_1.0.100.202210260954/tools/bin/../lib/gcc/arm-none-eabi/10.3.1/../../../../arm-none-eabi/lib/thumb/v7e-m+fp/hard\libc_nano.a(lib_a-lseekr.o)
 .ARM.attributes
                0x0000000000000acf       0x1c c:/work/hardware/applications/stm32/stm32cubeide_1.11.2/stm32cubeide/plugins/com.st.stm32cube.ide.mcu.externaltools.gnu-tools-for-stm32.10.3-2021.10.win32_1.0.100.202210260954/tools/bin/../lib/gcc/arm-none-eabi/10.3.1/../../../../arm-none-eabi/lib/thumb/v7e-m+fp/hard\libc_nano.a(lib_a-memchr.o)
 .ARM.attributes
                0x0000000000000aeb       0x34 c:/work/hardware/applications/stm32/stm32cubeide_1.11.2/stm32cubeide/plugins/com.st.stm32cube.ide.mcu.externaltools.gnu-tools-for-stm32.10.3-2021.10.win32_1.0.100.202210260954/tools/bin/../lib/gcc/arm-none-eabi/10.3.1/../../../../arm-none-eabi/lib/thumb/v7e-m+fp/hard\libc_nano.a(lib_a-readr.o)
 .ARM.attributes
                0x0000000000000b1f       0x1e c:/work/hardware/applications/stm32/stm32cubeide_1.11.2/stm32cubeide/plugins/com.st.stm32cube.ide.mcu.externaltools.gnu-tools-for-stm32.10.3-2021.10.win32_1.0.100.202210260954/tools/bin/../lib/gcc/arm-none-eabi/10.3.1/thumb/v7e-m+fp/hard\libgcc.a(_aeabi_uldivmod.o)
 .ARM.attributes
                0x0000000000000b3d       0x34 c:/work/hardware/applications/stm32/stm32cubeide_1.11.2/stm32cubeide/plugins/com.st.stm32cube.ide.mcu.externaltools.gnu-tools-for-stm32.10.3-2021.10.win32_1.0.100.202210260954/tools/bin/../lib/gcc/arm-none-eabi/10.3.1/thumb/v7e-m+fp/hard\libgcc.a(_udivmoddi4.o)
 .ARM.attributes
                0x0000000000000b71       0x1e c:/work/hardware/applications/stm32/stm32cubeide_1.11.2/stm32cubeide/plugins/com.st.stm32cube.ide.mcu.externaltools.gnu-tools-for-stm32.10.3-2021.10.win32_1.0.100.202210260954/tools/bin/../lib/gcc/arm-none-eabi/10.3.1/thumb/v7e-m+fp/hard\libgcc.a(_dvmd_tls.o)
 .ARM.attributes
                0x0000000000000b8f       0x1e c:/work/hardware/applications/stm32/stm32cubeide_1.11.2/stm32cubeide/plugins/com.st.stm32cube.ide.mcu.externaltools.gnu-tools-for-stm32.10.3-2021.10.win32_1.0.100.202210260954/tools/bin/../lib/gcc/arm-none-eabi/10.3.1/thumb/v7e-m+fp/hard/crtn.o
OUTPUT(stmRemote.elf elf32-littlearm)
LOAD linker stubs
LOAD c:/work/hardware/applications/stm32/stm32cubeide_1.11.2/stm32cubeide/plugins/com.st.stm32cube.ide.mcu.externaltools.gnu-tools-for-stm32.10.3-2021.10.win32_1.0.100.202210260954/tools/bin/../lib/gcc/arm-none-eabi/10.3.1/../../../../arm-none-eabi/lib/thumb/v7e-m+fp/hard\libc.a
LOAD c:/work/hardware/applications/stm32/stm32cubeide_1.11.2/stm32cubeide/plugins/com.st.stm32cube.ide.mcu.externaltools.gnu-tools-for-stm32.10.3-2021.10.win32_1.0.100.202210260954/tools/bin/../lib/gcc/arm-none-eabi/10.3.1/../../../../arm-none-eabi/lib/thumb/v7e-m+fp/hard\libm.a
LOAD c:/work/hardware/applications/stm32/stm32cubeide_1.11.2/stm32cubeide/plugins/com.st.stm32cube.ide.mcu.externaltools.gnu-tools-for-stm32.10.3-2021.10.win32_1.0.100.202210260954/tools/bin/../lib/gcc/arm-none-eabi/10.3.1/thumb/v7e-m+fp/hard\libgcc.a

.debug_info     0x0000000000000000    0x1394a
 .debug_info    0x0000000000000000      0x29f ./Core/Src/DataHandling.o
 .debug_info    0x000000000000029f     0x13b9 ./Core/Src/ManagementRemote.o
 .debug_info    0x0000000000001658     0x151b ./Core/Src/main.o
 .debug_info    0x0000000000002b73     0x121d ./Core/Src/retarget.o
 .debug_info    0x0000000000003d90     0x12c1 ./Core/Src/stm32l4xx_hal_msp.o
 .debug_info    0x0000000000005051      0x79e ./Core/Src/stm32l4xx_it.o
 .debug_info    0x00000000000057ef      0x171 ./Core/Src/sysmem.o
 .debug_info    0x0000000000005960      0x5d4 ./Core/Src/system_stm32l4xx.o
 .debug_info    0x0000000000005f34      0xe71 ./Core/Src/RF/comms.o
 .debug_info    0x0000000000006da5      0xcaf ./Core/Src/SDcard/fatfsSD.o
 .debug_info    0x0000000000007a54       0x22 ./Core/Startup/startup_stm32l412rbtxp.o
 .debug_info    0x0000000000007a76      0x9bf ./Drivers/STM32L4xx_HAL_Driver/Src/stm32l4xx_hal.o
 .debug_info    0x0000000000008435      0xd8b ./Drivers/STM32L4xx_HAL_Driver/Src/stm32l4xx_hal_cortex.o
 .debug_info    0x00000000000091c0      0x76a ./Drivers/STM32L4xx_HAL_Driver/Src/stm32l4xx_hal_dma.o
 .debug_info    0x000000000000992a      0x821 ./Drivers/STM32L4xx_HAL_Driver/Src/stm32l4xx_hal_gpio.o
 .debug_info    0x000000000000a14b      0x9b7 ./Drivers/STM32L4xx_HAL_Driver/Src/stm32l4xx_hal_pwr_ex.o
 .debug_info    0x000000000000ab02      0xcb5 ./Drivers/STM32L4xx_HAL_Driver/Src/stm32l4xx_hal_rcc.o
 .debug_info    0x000000000000b7b7      0xd54 ./Drivers/STM32L4xx_HAL_Driver/Src/stm32l4xx_hal_rcc_ex.o
 .debug_info    0x000000000000c50b      0x4c9 ./Drivers/STM32L4xx_HAL_Driver/Src/stm32l4xx_hal_rng.o
 .debug_info    0x000000000000c9d4     0x1782 ./Drivers/STM32L4xx_HAL_Driver/Src/stm32l4xx_hal_spi.o
 .debug_info    0x000000000000e156     0x3d1c ./Drivers/STM32L4xx_HAL_Driver/Src/stm32l4xx_hal_uart.o
 .debug_info    0x0000000000011e72      0xe37 ./Drivers/STM32L4xx_HAL_Driver/Src/stm32l4xx_hal_uart_ex.o
 .debug_info    0x0000000000012ca9      0x526 ./FATFS/App/fatfs.o
 .debug_info    0x00000000000131cf      0x3d2 ./FATFS/Target/user_diskio.o
 .debug_info    0x00000000000135a1      0x3a9 ./Middlewares/Third_Party/FatFs/src/ff_gen_drv.o

.debug_abbrev   0x0000000000000000     0x31d9
 .debug_abbrev  0x0000000000000000       0xd9 ./Core/Src/DataHandling.o
 .debug_abbrev  0x00000000000000d9      0x2b7 ./Core/Src/ManagementRemote.o
 .debug_abbrev  0x0000000000000390      0x339 ./Core/Src/main.o
 .debug_abbrev  0x00000000000006c9      0x238 ./Core/Src/retarget.o
 .debug_abbrev  0x0000000000000901      0x228 ./Core/Src/stm32l4xx_hal_msp.o
 .debug_abbrev  0x0000000000000b29      0x179 ./Core/Src/stm32l4xx_it.o
 .debug_abbrev  0x0000000000000ca2       0xbb ./Core/Src/sysmem.o
 .debug_abbrev  0x0000000000000d5d      0x116 ./Core/Src/system_stm32l4xx.o
 .debug_abbrev  0x0000000000000e73      0x2ea ./Core/Src/RF/comms.o
 .debug_abbrev  0x000000000000115d      0x2c4 ./Core/Src/SDcard/fatfsSD.o
 .debug_abbrev  0x0000000000001421       0x12 ./Core/Startup/startup_stm32l412rbtxp.o
 .debug_abbrev  0x0000000000001433      0x24f ./Drivers/STM32L4xx_HAL_Driver/Src/stm32l4xx_hal.o
 .debug_abbrev  0x0000000000001682      0x316 ./Drivers/STM32L4xx_HAL_Driver/Src/stm32l4xx_hal_cortex.o
 .debug_abbrev  0x0000000000001998      0x1d7 ./Drivers/STM32L4xx_HAL_Driver/Src/stm32l4xx_hal_dma.o
 .debug_abbrev  0x0000000000001b6f      0x1bb ./Drivers/STM32L4xx_HAL_Driver/Src/stm32l4xx_hal_gpio.o
 .debug_abbrev  0x0000000000001d2a      0x1f3 ./Drivers/STM32L4xx_HAL_Driver/Src/stm32l4xx_hal_pwr_ex.o
 .debug_abbrev  0x0000000000001f1d      0x2c8 ./Drivers/STM32L4xx_HAL_Driver/Src/stm32l4xx_hal_rcc.o
 .debug_abbrev  0x00000000000021e5      0x261 ./Drivers/STM32L4xx_HAL_Driver/Src/stm32l4xx_hal_rcc_ex.o
 .debug_abbrev  0x0000000000002446      0x1a9 ./Drivers/STM32L4xx_HAL_Driver/Src/stm32l4xx_hal_rng.o
 .debug_abbrev  0x00000000000025ef      0x254 ./Drivers/STM32L4xx_HAL_Driver/Src/stm32l4xx_hal_spi.o
 .debug_abbrev  0x0000000000002843      0x2bc ./Drivers/STM32L4xx_HAL_Driver/Src/stm32l4xx_hal_uart.o
 .debug_abbrev  0x0000000000002aff      0x2ab ./Drivers/STM32L4xx_HAL_Driver/Src/stm32l4xx_hal_uart_ex.o
 .debug_abbrev  0x0000000000002daa      0x15a ./FATFS/App/fatfs.o
 .debug_abbrev  0x0000000000002f04      0x13f ./FATFS/Target/user_diskio.o
 .debug_abbrev  0x0000000000003043      0x196 ./Middlewares/Third_Party/FatFs/src/ff_gen_drv.o

.debug_aranges  0x0000000000000000      0xed0
 .debug_aranges
                0x0000000000000000       0x28 ./Core/Src/DataHandling.o
 .debug_aranges
                0x0000000000000028       0x48 ./Core/Src/ManagementRemote.o
 .debug_aranges
                0x0000000000000070       0x60 ./Core/Src/main.o
 .debug_aranges
                0x00000000000000d0       0x50 ./Core/Src/retarget.o
 .debug_aranges
                0x0000000000000120       0x50 ./Core/Src/stm32l4xx_hal_msp.o
 .debug_aranges
                0x0000000000000170       0x70 ./Core/Src/stm32l4xx_it.o
 .debug_aranges
                0x00000000000001e0       0x20 ./Core/Src/sysmem.o
 .debug_aranges
                0x0000000000000200       0x28 ./Core/Src/system_stm32l4xx.o
 .debug_aranges
                0x0000000000000228       0x90 ./Core/Src/RF/comms.o
 .debug_aranges
                0x00000000000002b8       0xa8 ./Core/Src/SDcard/fatfsSD.o
 .debug_aranges
                0x0000000000000360       0x28 ./Core/Startup/startup_stm32l412rbtxp.o
 .debug_aranges
                0x0000000000000388      0x108 ./Drivers/STM32L4xx_HAL_Driver/Src/stm32l4xx_hal.o
 .debug_aranges
                0x0000000000000490      0x118 ./Drivers/STM32L4xx_HAL_Driver/Src/stm32l4xx_hal_cortex.o
 .debug_aranges
                0x00000000000005a8       0x80 ./Drivers/STM32L4xx_HAL_Driver/Src/stm32l4xx_hal_dma.o
 .debug_aranges
                0x0000000000000628       0x58 ./Drivers/STM32L4xx_HAL_Driver/Src/stm32l4xx_hal_gpio.o
 .debug_aranges
                0x0000000000000680      0x148 ./Drivers/STM32L4xx_HAL_Driver/Src/stm32l4xx_hal_pwr_ex.o
 .debug_aranges
                0x00000000000007c8       0x90 ./Drivers/STM32L4xx_HAL_Driver/Src/stm32l4xx_hal_rcc.o
 .debug_aranges
                0x0000000000000858       0xd0 ./Drivers/STM32L4xx_HAL_Driver/Src/stm32l4xx_hal_rcc_ex.o
 .debug_aranges