../Core/Src/ManagementChild.c:16:6:performDepthMeasurement	192	static
../Core/Src/ManagementChild.c:78:6:performPressureMeasurement	72	static
../Core/Src/ManagementChild.c:143:6:performTemperatureMeasurement	32	static
../Core/Src/ManagementChild.c:175:6:checkBattery	56	static
../Core/Src/ManagementChild.c:230:6:setRfListening	144	static
../Core/Src/ManagementChild.c:346:6:powerDownDevices	8	static
../Core/Src/ManagementChild.c:357:6:synchronizationSetup	104	static
../Core/Src/ManagementChild.c:445:6:memorySetup	104	static
../Core/Src/ManagementChild.c:464:5:mainSetup	24	static
../Core/Src/ManagementChild.c:498:5:IDhandling	80	static
../Core/Src/ManagementChild.c:540:6:setShutdownMode	8	static
../Core/Src/ManagementChild.c:555:6:mainOperation	40	static
