../Core/Src/main.c:93:5:main	488	static
../Core/Src/main.c:213:6:SystemClock_Config	96	static
../Core/Src/main.c:271:13:MX_ADC1_Init	48	static
../Core/Src/main.c:338:13:MX_ADC2_Init	32	static
../Core/Src/main.c:396:13:MX_I2C1_Init	8	static
../Core/Src/main.c:444:13:MX_LPUART1_UART_Init	8	static
../Core/Src/main.c:478:13:MX_USART3_UART_Init	8	static
../Core/Src/main.c:513:13:MX_RNG_Init	8	static
../Core/Src/main.c:539:13:MX_RTC_Init	80	static
../Core/Src/main.c:651:13:MX_SPI2_Init	8	static
../Core/Src/main.c:691:13:MX_GPIO_Init	48	static
../Core/Src/main.c:743:6:HAL_UART_RxCpltCallback	24	static
../Core/Src/main.c:766:6:Error_Handler	4	static,ignoring_inline_asm
