../Core/Src/main.c:95:5:main	480	static
../Core/Src/main.c:216:6:SystemClock_Config	96	static
../Core/Src/main.c:274:13:MX_ADC1_Init	48	static
../Core/Src/main.c:341:13:MX_ADC2_Init	32	static
../Core/Src/main.c:399:13:MX_I2C1_Init	8	static
../Core/Src/main.c:447:13:MX_LPUART1_UART_Init	8	static
../Core/Src/main.c:481:13:MX_USART3_UART_Init	8	static
../Core/Src/main.c:516:13:MX_RNG_Init	8	static
../Core/Src/main.c:542:13:MX_RTC_Init	80	static
../Core/Src/main.c:654:13:MX_SPI2_Init	8	static
../Core/Src/main.c:694:13:MX_GPIO_Init	48	static
../Core/Src/main.c:746:6:HAL_UART_RxCpltCallback	24	static
../Core/Src/main.c:764:6:Error_Handler	4	static,ignoring_inline_asm
