../Core/Src/stm32l4xx_it.c:57:6:SDTimer_Handler	4	static
../Core/Src/stm32l4xx_it.c:81:6:NMI_Handler	4	static
../Core/Src/stm32l4xx_it.c:96:6:HardFault_Handler	4	static
../Core/Src/stm32l4xx_it.c:111:6:MemManage_Handler	4	static
../Core/Src/stm32l4xx_it.c:126:6:BusFault_Handler	4	static
../Core/Src/stm32l4xx_it.c:141:6:UsageFault_Handler	4	static
../Core/Src/stm32l4xx_it.c:156:6:SVC_Handler	4	static
../Core/Src/stm32l4xx_it.c:169:6:DebugMon_Handler	4	static
../Core/Src/stm32l4xx_it.c:182:6:PendSV_Handler	4	static
../Core/Src/stm32l4xx_it.c:195:6:SysTick_Handler	8	static
../Core/Src/stm32l4xx_it.c:221:6:RTC_Alarm_IRQHandler	8	static
../Core/Src/stm32l4xx_it.c:235:6:LPUART1_IRQHandler	8	static
