Archive member included to satisfy reference by file (symbol)

c:/work/hardware/applications/stm32/stm32cubeide_1.11.2/stm32cubeide/plugins/com.st.stm32cube.ide.mcu.externaltools.gnu-tools-for-stm32.10.3-2021.10.win32_1.0.100.202210260954/tools/bin/../lib/gcc/arm-none-eabi/10.3.1/../../../../arm-none-eabi/lib/thumb/v7e-m+fp/hard\libc_nano.a(lib_a-errno.o)
                              ./Core/Src/retarget.o (__errno)
c:/work/hardware/applications/stm32/stm32cubeide_1.11.2/stm32cubeide/plugins/com.st.stm32cube.ide.mcu.externaltools.gnu-tools-for-stm32.10.3-2021.10.win32_1.0.100.202210260954/tools/bin/../lib/gcc/arm-none-eabi/10.3.1/../../../../arm-none-eabi/lib/thumb/v7e-m+fp/hard\libc_nano.a(lib_a-exit.o)
                              c:/work/hardware/applications/stm32/stm32cubeide_1.11.2/stm32cubeide/plugins/com.st.stm32cube.ide.mcu.externaltools.gnu-tools-for-stm32.10.3-2021.10.win32_1.0.100.202210260954/tools/bin/../lib/gcc/arm-none-eabi/10.3.1/../../../../arm-none-eabi/lib/thumb/v7e-m+fp/hard/crt0.o (exit)
c:/work/hardware/applications/stm32/stm32cubeide_1.11.2/stm32cubeide/plugins/com.st.stm32cube.ide.mcu.externaltools.gnu-tools-for-stm32.10.3-2021.10.win32_1.0.100.202210260954/tools/bin/../lib/gcc/arm-none-eabi/10.3.1/../../../../arm-none-eabi/lib/thumb/v7e-m+fp/hard\libc_nano.a(lib_a-impure.o)
                              c:/work/hardware/applications/stm32/stm32cubeide_1.11.2/stm32cubeide/plugins/com.st.stm32cube.ide.mcu.externaltools.gnu-tools-for-stm32.10.3-2021.10.win32_1.0.100.202210260954/tools/bin/../lib/gcc/arm-none-eabi/10.3.1/../../../../arm-none-eabi/lib/thumb/v7e-m+fp/hard\libc_nano.a(lib_a-exit.o) (_global_impure_ptr)
c:/work/hardware/applications/stm32/stm32cubeide_1.11.2/stm32cubeide/plugins/com.st.stm32cube.ide.mcu.externaltools.gnu-tools-for-stm32.10.3-2021.10.win32_1.0.100.202210260954/tools/bin/../lib/gcc/arm-none-eabi/10.3.1/../../../../arm-none-eabi/lib/thumb/v7e-m+fp/hard\libc_nano.a(lib_a-init.o)
                              c:/work/hardware/applications/stm32/stm32cubeide_1.11.2/stm32cubeide/plugins/com.st.stm32cube.ide.mcu.externaltools.gnu-tools-for-stm32.10.3-2021.10.win32_1.0.100.202210260954/tools/bin/../lib/gcc/arm-none-eabi/10.3.1/../../../../arm-none-eabi/lib/thumb/v7e-m+fp/hard/crt0.o (__libc_init_array)
c:/work/hardware/applications/stm32/stm32cubeide_1.11.2/stm32cubeide/plugins/com.st.stm32cube.ide.mcu.externaltools.gnu-tools-for-stm32.10.3-2021.10.win32_1.0.100.202210260954/tools/bin/../lib/gcc/arm-none-eabi/10.3.1/../../../../arm-none-eabi/lib/thumb/v7e-m+fp/hard\libc_nano.a(lib_a-malloc.o)
                              ./Core/Src/RF/comms.o (free)
c:/work/hardware/applications/stm32/stm32cubeide_1.11.2/stm32cubeide/plugins/com.st.stm32cube.ide.mcu.externaltools.gnu-tools-for-stm32.10.3-2021.10.win32_1.0.100.202210260954/tools/bin/../lib/gcc/arm-none-eabi/10.3.1/../../../../arm-none-eabi/lib/thumb/v7e-m+fp/hard\libc_nano.a(lib_a-memset.o)
                              c:/work/hardware/applications/stm32/stm32cubeide_1.11.2/stm32cubeide/plugins/com.st.stm32cube.ide.mcu.externaltools.gnu-tools-for-stm32.10.3-2021.10.win32_1.0.100.202210260954/tools/bin/../lib/gcc/arm-none-eabi/10.3.1/../../../../arm-none-eabi/lib/thumb/v7e-m+fp/hard/crt0.o (memset)
c:/work/hardware/applications/stm32/stm32cubeide_1.11.2/stm32cubeide/plugins/com.st.stm32cube.ide.mcu.externaltools.gnu-tools-for-stm32.10.3-2021.10.win32_1.0.100.202210260954/tools/bin/../lib/gcc/arm-none-eabi/10.3.1/../../../../arm-none-eabi/lib/thumb/v7e-m+fp/hard\libc_nano.a(lib_a-nano-freer.o)
                              c:/work/hardware/applications/stm32/stm32cubeide_1.11.2/stm32cubeide/plugins/com.st.stm32cube.ide.mcu.externaltools.gnu-tools-for-stm32.10.3-2021.10.win32_1.0.100.202210260954/tools/bin/../lib/gcc/arm-none-eabi/10.3.1/../../../../arm-none-eabi/lib/thumb/v7e-m+fp/hard\libc_nano.a(lib_a-malloc.o) (_free_r)
c:/work/hardware/applications/stm32/stm32cubeide_1.11.2/stm32cubeide/plugins/com.st.stm32cube.ide.mcu.externaltools.gnu-tools-for-stm32.10.3-2021.10.win32_1.0.100.202210260954/tools/bin/../lib/gcc/arm-none-eabi/10.3.1/../../../../arm-none-eabi/lib/thumb/v7e-m+fp/hard\libc_nano.a(lib_a-nano-mallocr.o)
                              c:/work/hardware/applications/stm32/stm32cubeide_1.11.2/stm32cubeide/plugins/com.st.stm32cube.ide.mcu.externaltools.gnu-tools-for-stm32.10.3-2021.10.win32_1.0.100.202210260954/tools/bin/../lib/gcc/arm-none-eabi/10.3.1/../../../../arm-none-eabi/lib/thumb/v7e-m+fp/hard\libc_nano.a(lib_a-malloc.o) (_malloc_r)
c:/work/hardware/applications/stm32/stm32cubeide_1.11.2/stm32cubeide/plugins/com.st.stm32cube.ide.mcu.externaltools.gnu-tools-for-stm32.10.3-2021.10.win32_1.0.100.202210260954/tools/bin/../lib/gcc/arm-none-eabi/10.3.1/../../../../arm-none-eabi/lib/thumb/v7e-m+fp/hard\libc_nano.a(lib_a-nano-vfprintf_float.o)
                              (_printf_float)
[...]
Memory Configuration

Name             Origin             Length             Attributes
RAM              0x0000000020000000 0x000000000000a000 xrw
RAM2             0x0000000010000000 0x0000000000002000 xrw
FLASH            0x0000000008000000 0x0000000000020000 xr
*default*        0x0000000000000000 0xffffffffffffffff

Linker script and memory map

LOAD c:/work/hardware/applications/stm32/stm32cubeide_1.11.2/stm32cubeide/plugins/com.st.stm32cube.ide.mcu.externaltools.gnu-tools-for-stm32.10.3-2021.10.win32_1.0.100.202210260954/tools/bin/../lib/gcc/arm-none-eabi/10.3.1/thumb/v7e-m+fp/hard/crti.o
LOAD c:/work/hardware/applications/stm32/stm32cubeide_1.11.2/stm32cubeide/plugins/com.st.stm32cube.ide.mcu.externaltools.gnu-tools-for-stm32.10.3-2021.10.win32_1.0.100.202210260954/tools/bin/../lib/gcc/arm-none-eabi/10.3.1/thumb/v7e-m+fp/hard/crtbegin.o
LOAD c:/work/hardware/applications/stm32/stm32cubeide_1.11.2/stm32cubeide/plugins/com.st.stm32cube.ide.mcu.externaltools.gnu-tools-for-stm32.10.3-2021.10.win32_1.0.100.202210260954/tools/bin/../lib/gcc/arm-none-eabi/10.3.1/../../../../arm-none-eabi/lib/thumb/v7e-m+fp/hard/crt0.o
LOAD ./Core/Src/DataHandling.o
LOAD ./Core/Src/FlashMemoryAccess.o
LOAD ./Core/Src/ManagementChild.o
LOAD ./Core/Src/UnitTests.o
LOAD ./Core/Src/main.o
LOAD ./Core/Src/retarget.o
LOAD ./Core/Src/stm32l4xx_hal_msp.o
LOAD ./Core/Src/stm32l4xx_it.o
LOAD ./Core/Src/sysmem.o
LOAD ./Core/Src/system_stm32l4xx.o
LOAD ./Core/Src/Depth/DepthMeasuring.o
LOAD ./Core/Src/Pressure/PressureSensing.o
LOAD ./Core/Src/RF/comms.o
LOAD ./Core/Src/SDcard/SDcommunication.o
LOAD ./Core/Src/SDcard/fatfsSD.o
LOAD ./Core/Src/Temperature/TemperatureSensing.o
LOAD ./Core/Startup/startup_stm32l476rgtx.o
LOAD ./Drivers/STM32L4xx_HAL_Driver/Src/stm32l4xx_hal.o
LOAD ./Drivers/STM32L4xx_HAL_Driver/Src/stm32l4xx_hal_adc.o
LOAD ./Drivers/STM32L4xx_HAL_Driver/Src/stm32l4xx_hal_adc_ex.o
LOAD ./Drivers/STM32L4xx_HAL_Driver/Src/stm32l4xx_hal_cortex.o
LOAD ./Drivers/STM32L4xx_HAL_Driver/Src/stm32l4xx_hal_dma.o
LOAD ./Drivers/STM32L4xx_HAL_Driver/Src/stm32l4xx_hal_dma_ex.o
LOAD ./Drivers/STM32L4xx_HAL_Driver/Src/stm32l4xx_hal_exti.o
LOAD ./Drivers/STM32L4xx_HAL_Driver/Src/stm32l4xx_hal_flash.o
LOAD ./Drivers/STM32L4xx_HAL_Driver/Src/stm32l4xx_hal_flash_ex.o
LOAD ./Drivers/STM32L4xx_HAL_Driver/Src/stm32l4xx_hal_flash_ramfunc.o
LOAD ./Drivers/STM32L4xx_HAL_Driver/Src/stm32l4xx_hal_gpio.o
LOAD ./Drivers/STM32L4xx_HAL_Driver/Src/stm32l4xx_hal_i2c.o
LOAD ./Drivers/STM32L4xx_HAL_Driver/Src/stm32l4xx_hal_i2c_ex.o
LOAD ./Drivers/STM32L4xx_HAL_Driver/Src/stm32l4xx_hal_pwr.o
LOAD ./Drivers/STM32L4xx_HAL_Driver/Src/stm32l4xx_hal_pwr_ex.o
LOAD ./Drivers/STM32L4xx_HAL_Driver/Src/stm32l4xx_hal_rcc.o
LOAD ./Drivers/STM32L4xx_HAL_Driver/Src/stm32l4xx_hal_rcc_ex.o
LOAD ./Drivers/STM32L4xx_HAL_Driver/Src/stm32l4xx_hal_rng.o
LOAD ./Drivers/STM32L4xx_HAL_Driver/Src/stm32l4xx_hal_rtc.o
LOAD ./Drivers/STM32L4xx_HAL_Driver/Src/stm32l4xx_hal_rtc_ex.o
LOAD ./Drivers/STM32L4xx_HAL_Driver/Src/stm32l4xx_hal_spi.o
LOAD ./Drivers/STM32L4xx_HAL_Driver/Src/stm32l4xx_hal_spi_ex.o
LOAD ./Drivers/STM32L4xx_HAL_Driver/Src/stm32l4xx_hal_tim.o
LOAD ./Drivers/STM32L4xx_HAL_Driver/Src/stm32l4xx_hal_tim_ex.o
LOAD ./Drivers/STM32L4xx_HAL_Driver/Src/stm32l4xx_hal_uart.o
LOAD ./Drivers/STM32L4xx_HAL_Driver/Src/stm32l4xx_hal_uart_ex.o
LOAD ./FATFS/App/fatfs.o
LOAD ./FATFS/Target/user_diskio.o
LOAD ./Middlewares/Third_Party/FatFs/src/diskio.o
LOAD ./Middlewares/Third_Party/FatFs/src/ff.o
LOAD ./Middlewares/Third_Party/FatFs/src/ff_gen_drv.o
LOAD ./Middlewares/Third_Party/FatFs/src/option/ccsbcs.o
LOAD ./Middlewares/Third_Party/FatFs/src/option/syscall.o
START GROUP
LOAD c:/work/hardware/applications/stm32/stm32cubeide_1.11.2/stm32cubeide/plugins/com.st.stm32cube.ide.mcu.externaltools.gnu-tools-for-stm32.10.3-2021.10.win32_1.0.100.202210260954/tools/bin/../lib/gcc/arm-none-eabi/10.3.1/../../../../arm-none-eabi/lib/thumb/v7e-m+fp/hard\libc_nano.a
LOAD c:/work/hardware/applications/stm32/stm32cubeide_1.11.2/stm32cubeide/plugins/com.st.stm32cube.ide.mcu.externaltools.gnu-tools-for-stm32.10.3-2021.10.win32_1.0.100.202210260954/tools/bin/../lib/gcc/arm-none-eabi/10.3.1/../../../../arm-none-eabi/lib/thumb/v7e-m+fp/hard\libm.a
END GROUP
START GROUP
LOAD c:/work/hardware/applications/stm32/stm32cubeide_1.11.2/stm32cubeide/plugins/com.st.stm32cube.ide.mcu.externaltools.gnu-tools-for-stm32.10.3-2021.10.win32_1.0.100.202210260954/tools/bin/../lib/gcc/arm-none-eabi/10.3.1/thumb/v7e-m+fp/hard\libgcc.a
LOAD c:/work/hardware/applications/stm32/stm32cubeide_1.11.2/stm32cubeide/plugins/com.st.stm32cube.ide.mcu.externaltools.gnu-tools-for-stm32.10.3-2021.10.win32_1.0.100.202210260954/tools/bin/../lib/gcc/arm-none-eabi/10.3.1/../../../../arm-none-eabi/lib/thumb/v7e-m+fp/hard\libc_nano.a
END GROUP
START GROUP
LOAD c:/work/hardware/applications/stm32/stm32cubeide_1.11.2/stm32cubeide/plugins/com.st.stm32cube.ide.mcu.externaltools.gnu-tools-for-stm32.10.3-2021.10.win32_1.0.100.202210260954/tools/bin/../lib/gcc/arm-none-eabi/10.3.1/thumb/v7e-m+fp/hard\libgcc.a
LOAD c:/work/hardware/applications/stm32/stm32cubeide_1.11.2/stm32cubeide/plugins/com.st.stm32cube.ide.mcu.externaltools.gnu-tools-for-stm32.10.3-2021.10.win32_1.0.100.202210260954/tools/bin/../lib/gcc/arm-none-eabi/10.3.1/../../../../arm-none-eabi/lib/thumb/v7e-m+fp/hard\libc_nano.a
LOAD c:/work/hardware/applications/stm32/stm32cubeide_1.11.2/stm32cubeide/plugins/com.st.stm32cube.ide.mcu.externaltools.gnu-tools-for-stm32.10.3-2021.10.win32_1.0.100.202210260954/tools/bin/../lib/gcc/arm-none-eabi/10.3.1/../../../../arm-none-eabi/lib/thumb/v7e-m+fp/hard\libnosys.a
END GROUP
START GROUP
LOAD c:/work/hardware/applications/stm32/stm32cubeide_1.11.2/stm32cubeide/plugins/com.st.stm32cube.ide.mcu.externaltools.gnu-tools-for-stm32.10.3-2021.10.win32_1.0.100.202210260954/tools/bin/../lib/gcc/arm-none-eabi/10.3.1/thumb/v7e-m+fp/hard\libgcc.a
LOAD c:/work/hardware/applications/stm32/stm32cubeide_1.11.2/stm32cubeide/plugins/com.st.stm32cube.ide.mcu.externaltools.gnu-tools-for-stm32.10.3-2021.10.win32_1.0.100.202210260954/tools/bin/../lib/gcc/arm-none-eabi/10.3.1/../../../../arm-none-eabi/lib/thumb/v7e-m+fp/hard\libc_nano.a
LOAD c:/work/hardware/applications/stm32/stm32cubeide_1.11.2/stm32cubeide/plugins/com.st.stm32cube.ide.mcu.externaltools.gnu-tools-for-stm32.10.3-2021.10.win32_1.0.100.202210260954/tools/bin/../lib/gcc/arm-none-eabi/10.3.1/../../../../arm-none-eabi/lib/thumb/v7e-m+fp/hard\libnosys.a
END GROUP
LOAD c:/work/hardware/applications/stm32/stm32cubeide_1.11.2/stm32cubeide/plugins/com.st.stm32cube.ide.mcu.externaltools.gnu-tools-for-stm32.10.3-2021.10.win32_1.0.100.202210260954/tools/bin/../lib/gcc/arm-none-eabi/10.3.1/thumb/v7e-m+fp/hard/crtend.o
LOAD c:/work/hardware/applications/stm32/stm32cubeide_1.11.2/stm32cubeide/plugins/com.st.stm32cube.ide.mcu.externaltools.gnu-tools-for-stm32.10.3-2021.10.win32_1.0.100.202210260954/tools/bin/../lib/gcc/arm-none-eabi/10.3.1/thumb/v7e-m+fp/hard/crtn.o
                0x000000002000a000                _estack = (ORIGIN (RAM) + LENGTH (RAM))
                0x0000000000000200                _Min_Heap_Size = 0x200
                0x0000000000000400                _Min_Stack_Size = 0x400

.isr_vector     0x0000000008000000      0x188
                0x0000000008000000                . = ALIGN (0x4)
 *(.isr_vector)
 .isr_vector    0x0000000008000000      0x188 ./Core/Startup/startup_stm32l476rgtx.o
                0x0000000008000000                g_pfnVectors
                0x0000000008000188                . = ALIGN (0x4)

.text           0x0000000008000190    0x121e8
                0x0000000008000190                . = ALIGN (0x4)
 *(.text)
 .text          0x0000000008000190       0x40 c:/work/hardware/applications/stm32/stm32cubeide_1.11.2/stm32cubeide/plugins/com.st.stm32cube.ide.mcu.externaltools.gnu-tools-for-stm32.10.3-2021.10.win32_1.0.100.202210260954/tools/bin/../lib/gcc/arm-none-eabi/10.3.1/thumb/v7e-m+fp/hard/crtbegin.o
 .text          0x00000000080001d0       0x10 c:/work/hardware/applications/stm32/stm32cubeide_1.11.2/stm32cubeide/plugins/com.st.stm32cube.ide.mcu.externaltools.gnu-tools-for-stm32.10.3-2021.10.win32_1.0.100.202210260954/tools/bin/../lib/gcc/arm-none-eabi/10.3.1/../../../../arm-none-eabi/lib/thumb/v7e-m+fp/hard\libc_nano.a(lib_a-strlen.o)
                0x00000000080001d0                strlen
 .text          0x00000000080001e0       0xa0 c:/work/hardware/applications/stm32/stm32cubeide_1.11.2/stm32cubeide/plugins/com.st.stm32cube.ide.mcu.externaltools.gnu-tools-for-stm32.10.3-2021.10.win32_1.0.100.202210260954/tools/bin/../lib/gcc/arm-none-eabi/10.3.1/../../../../arm-none-eabi/lib/thumb/v7e-m+fp/hard\libc_nano.a(lib_a-memchr.o)
                0x00000000080001e0                memchr
 .text          0x0000000008000280      0x378 c:/work/hardware/applications/stm32/stm32cubeide_1.11.2/stm32cubeide/plugins/com.st.stm32cube.ide.mcu.externaltools.gnu-tools-for-stm32.10.3-2021.10.win32_1.0.100.202210260954/tools/bin/../lib/gcc/arm-none-eabi/10.3.1/thumb/v7e-m+fp/hard\libgcc.a(_arm_addsubdf3.o)
                0x0000000008000280                __aeabi_drsub
                0x0000000008000288                __aeabi_dsub
                0x0000000008000288                __subdf3
                0x000000000800028c                __aeabi_dadd
                0x000000000800028c                __adddf3
                0x0000000008000504                __floatunsidf
                0x0000000008000504                __aeabi_ui2d
                0x0000000008000524                __floatsidf
                0x0000000008000524                __aeabi_i2d
                0x0000000008000548                __aeabi_f2d
                0x0000000008000548                __extendsfdf2
                0x000000000800058c                __floatundidf
                0x000000000800058c                __aeabi_ul2d
                0x000000000800059c                __floatdidf
                0x000000000800059c                __aeabi_l2d
 .text          0x00000000080005f8      0x424 c:/work/hardware/applications/stm32/stm32cubeide_1.11.2/stm32cubeide/plugins/com.st.stm32cube.ide.mcu.externaltools.gnu-tools-for-stm32.10.3-2021.10.win32_1.0.100.202210260954/tools/bin/../lib/gcc/arm-none-eabi/10.3.1/thumb/v7e-m+fp/hard\libgcc.a(_arm_muldivdf3.o)
                0x00000000080005f8                __aeabi_dmul
                0x00000000080005f8                __muldf3
                0x000000000800084c                __divdf3
                0x000000000800084c                __aeabi_ddiv
 .text          0x0000000008000a1c      0x110 c:/work/hardware/applications/stm32/stm32cubeide_1.11.2/stm32cubeide/plugins/com.st.stm32cube.ide.mcu.externaltools.gnu-tools-for-stm32.10.3-2021.10.win32_1.0.100.202210260954/tools/bin/../lib/gcc/arm-none-eabi/10.3.1/thumb/v7e-m+fp/hard\libgcc.a(_arm_cmpdf2.o)
                0x0000000008000a1c                __gtdf2
                0x0000000008000a1c                __gedf2
                0x0000000008000a24                __ltdf2
                0x0000000008000a24                __ledf2
                0x0000000008000a2c                __nedf2
                0x0000000008000a2c                __eqdf2
                0x0000000008000a2c                __cmpdf2
                0x0000000008000aa8                __aeabi_cdrcmple
                0x0000000008000ab8                __aeabi_cdcmpeq
                0x0000000008000ab8                __aeabi_cdcmple
                0x0000000008000ac8                __aeabi_dcmpeq
                0x0000000008000adc                __aeabi_dcmplt
                0x0000000008000af0                __aeabi_dcmple
                0x0000000008000b04                __aeabi_dcmpge
                0x0000000008000b18                __aeabi_dcmpgt
 .text          0x0000000008000b2c       0x2c c:/work/hardware/applications/stm32/stm32cubeide_1.11.2/stm32cubeide/plugins/com.st.stm32cube.ide.mcu.externaltools.gnu-tools-for-stm32.10.3-2021.10.win32_1.0.100.202210260954/tools/bin/../lib/gcc/arm-none-eabi/10.3.1/thumb/v7e-m+fp/hard\libgcc.a(_arm_unorddf2.o)
                0x0000000008000b2c                __unorddf2
                0x0000000008000b2c                __aeabi_dcmpun
 .text          0x0000000008000b58       0x50 c:/work/hardware/applications/stm32/stm32cubeide_1.11.2/stm32cubeide/plugins/com.st.stm32cube.ide.mcu.externaltools.gnu-tools-for-stm32.10.3-2021.10.win32_1.0.100.202210260954/tools/bin/../lib/gcc/arm-none-eabi/10.3.1/thumb/v7e-m+fp/hard\libgcc.a(_arm_fixdfsi.o)
                0x0000000008000b58                __aeabi_d2iz
                0x0000000008000b58                __fixdfsi
 .text          0x0000000008000ba8       0x40 c:/work/hardware/applications/stm32/stm32cubeide_1.11.2/stm32cubeide/plugins/com.st.stm32cube.ide.mcu.externaltools.gnu-tools-for-stm32.10.3-2021.10.win32_1.0.100.202210260954/tools/bin/../lib/gcc/arm-none-eabi/10.3.1/thumb/v7e-m+fp/hard\libgcc.a(_arm_fixunsdfsi.o)
                0x0000000008000ba8                __aeabi_d2uiz
                0x0000000008000ba8                __fixunsdfsi
 .text          0x0000000008000be8       0xa0 c:/work/hardware/applications/stm32/stm32cubeide_1.11.2/stm32cubeide/plugins/com.st.stm32cube.ide.mcu.externaltools.gnu-tools-for-stm32.10.3-2021.10.win32_1.0.100.202210260954/tools/bin/../lib/gcc/arm-none-eabi/10.3.1/thumb/v7e-m+fp/hard\libgcc.a(_arm_truncdfsf2.o)
                0x0000000008000be8                __truncdfsf2
                0x0000000008000be8                __aeabi_d2f
 .text          0x0000000008000c88       0x30 c:/work/hardware/applications/stm32/stm32cubeide_1.11.2/stm32cubeide/plugins/com.st.stm32cube.ide.mcu.externaltools.gnu-tools-for-stm32.10.3-2021.10.win32_1.0.100.202210260954/tools/bin/../lib/gcc/arm-none-eabi/10.3.1/thumb/v7e-m+fp/hard\libgcc.a(_aeabi_uldivmod.o)
                0x0000000008000c88                __aeabi_uldivmod
 .text          0x0000000008000cb8       0x30 c:/work/hardware/applications/stm32/stm32cubeide_1.11.2/stm32cubeide/plugins/com.st.stm32cube.ide.mcu.externaltools.gnu-tools-for-stm32.10.3-2021.10.win32_1.0.100.202210260954/tools/bin/../lib/gcc/arm-none-eabi/10.3.1/thumb/v7e-m+fp/hard\libgcc.a(_fixdfdi.o)
                0x0000000008000cb8                __fixdfdi
                0x0000000008000cb8                __aeabi_d2lz
 .text          0x0000000008000ce8       0x3c c:/work/hardware/applications/stm32/stm32cubeide_1.11.2/stm32cubeide/plugins/com.st.stm32cube.ide.mcu.externaltools.gnu-tools-for-stm32.10.3-2021.10.win32_1.0.100.202210260954/tools/bin/../lib/gcc/arm-none-eabi/10.3.1/thumb/v7e-m+fp/hard\libgcc.a(_fixunsdfdi.o)
                0x0000000008000ce8                __fixunsdfdi
                0x0000000008000ce8                __aeabi_d2ulz
 .text          0x0000000008000d24      0x2d0 c:/work/hardware/applications/stm32/stm32cubeide_1.11.2/stm32cubeide/plugins/com.st.stm32cube.ide.mcu.externaltools.gnu-tools-for-stm32.10.3-2021.10.win32_1.0.100.202210260954/tools/bin/../lib/gcc/arm-none-eabi/10.3.1/thumb/v7e-m+fp/hard\libgcc.a(_udivmoddi4.o)
                0x0000000008000d24                __udivmoddi4
 .text          0x0000000008000ff4        0x4 c:/work/hardware/applications/stm32/stm32cubeide_1.11.2/stm32cubeide/plugins/com.st.stm32cube.ide.mcu.externaltools.gnu-tools-for-stm32.10.3-2021.10.win32_1.0.100.202210260954/tools/bin/../lib/gcc/arm-none-eabi/10.3.1/thumb/v7e-m+fp/hard\libgcc.a(_dvmd_tls.o)
                0x0000000008000ff4                __aeabi_idiv0
                0x0000000008000ff4                __aeabi_ldiv0
 *(.text*)
 .text.encodeMeasurementData
                0x0000000008000ff8      0x28e ./Core/Src/DataHandling.o
                0x0000000008000ff8                encodeMeasurementData
 *fill*         0x0000000008001286        0x2 
 .text.Flash_Write_Data
                0x0000000008001288       0xd0 ./Core/Src/FlashMemoryAccess.o
                0x0000000008001288                Flash_Write_Data
 .text.Flash_Read_Data
                0x0000000008001358       0x42 ./Core/Src/FlashMemoryAccess.o
                0x0000000008001358                Flash_Read_Data
 *fill*         0x000000000800139a        0x2 
 .text.performDepthMeasurement
                0x000000000800139c      0x190 ./Core/Src/ManagementChild.o
                0x000000000800139c                performDepthMeasurement
 .text.performPressureMeasurement
                0x000000000800152c      0x138 ./Core/Src/ManagementChild.o
                0x000000000800152c                performPressureMeasurement
 .text.performTemperatureMeasurement
                0x0000000008001664       0xcc ./Core/Src/ManagementChild.o
                0x0000000008001664                performTemperatureMeasurement
 .text.checkBattery
                0x0000000008001730      0x118 ./Core/Src/ManagementChild.o
                0x0000000008001730                checkBattery
 .text.setRfListening
                0x0000000008001848      0x250 ./Core/Src/ManagementChild.o
                0x0000000008001848                setRfListening
 .text.powerDownDevices
                0x0000000008001a98       0x38 ./Core/Src/ManagementChild.o
                0x0000000008001a98                powerDownDevices
 .text.synchronizationSetup
                0x0000000008001ad0      0x1d0 ./Core/Src/ManagementChild.o
                0x0000000008001ad0                synchronizationSetup
 .text.memorySetup
                0x0000000008001ca0       0x58 ./Core/Src/ManagementChild.o
                0x0000000008001ca0                memorySetup
 .text.mainSetup
                0x0000000008001cf8       0x74 ./Core/Src/ManagementChild.o
                0x0000000008001cf8                mainSetup
 .text.IDhandling
                0x0000000008001d6c      0x14c ./Core/Src/ManagementChild.o
                0x0000000008001d6c                IDhandling
 .text.setShutdownMode
                0x0000000008001eb8       0x20 ./Core/Src/ManagementChild.o
                0x0000000008001eb8                setShutdownMode
 .text.mainOperation
                0x0000000008001ed8       0xd8 ./Core/Src/ManagementChild.o
                0x0000000008001ed8                mainOperation
 .text.pressureTest
                0x0000000008001fb0      0x124 ./Core/Src/UnitTests.o
                0x0000000008001fb0                pressureTest
 .text.main     0x00000000080020d4      0x184 ./Core/Src/main.o
                0x00000000080020d4                main
 .text.SystemClock_Config
                0x0000000008002258       0xb8 ./Core/Src/main.o
                0x0000000008002258                SystemClock_Config
 .text.MX_ADC1_Init
                0x0000000008002310       0xec ./Core/Src/main.o
 .text.MX_ADC2_Init
                0x00000000080023fc       0xc8 ./Core/Src/main.o
 .text.MX_I2C1_Init
                0x00000000080024c4       0x80 ./Core/Src/main.o
 .text.MX_LPUART1_UART_Init
                0x0000000008002544       0x58 ./Core/Src/main.o
 .text.MX_USART3_UART_Init
                0x000000000800259c       0x60 ./Core/Src/main.o
 .text.MX_RNG_Init
                0x00000000080025fc       0x28 ./Core/Src/main.o
 .text.MX_RTC_Init
                0x0000000008002624      0x188 ./Core/Src/main.o
 .text.MX_SPI2_Init
                0x00000000080027ac       0x7c ./Core/Src/main.o
 .text.MX_GPIO_Init
                0x0000000008002828      0x120 ./Core/Src/main.o
 .text.HAL_UART_RxCpltCallback
                0x0000000008002948       0x6c ./Core/Src/main.o
                0x0000000008002948                HAL_UART_RxCpltCallback
 .text.Error_Handler
                0x00000000080029b4        0xa ./Core/Src/main.o
                0x00000000080029b4                Error_Handler
 *fill*         0x00000000080029be        0x2 
 .text.RetargetInit
                0x00000000080029c0       0x30 ./Core/Src/retarget.o
                0x00000000080029c0                RetargetInit
 .text._isatty  0x00000000080029f0       0x2c ./Core/Src/retarget.o
                0x00000000080029f0                _isatty
 .text._write   0x0000000008002a1c       0x58 ./Core/Src/retarget.o
                0x0000000008002a1c                _write
 .text._close   0x0000000008002a74       0x2e ./Core/Src/retarget.o
                0x0000000008002a74                _close
 .text._lseek   0x0000000008002aa2       0x22 ./Core/Src/retarget.o
                0x0000000008002aa2                _lseek
 .text._read    0x0000000008002ac4       0x50 ./Core/Src/retarget.o
                0x0000000008002ac4                _read
 .text._fstat   0x0000000008002b14       0x36 ./Core/Src/retarget.o
                0x0000000008002b14                _fstat
 *fill*         0x0000000008002b4a        0x2 
 .text.HAL_MspInit
                0x0000000008002b4c       0x48 ./Core/Src/stm32l4xx_hal_msp.o
                0x0000000008002b4c                HAL_MspInit
 .text.HAL_ADC_MspInit
                0x0000000008002b94      0x100 ./Core/Src/stm32l4xx_hal_msp.o
                0x0000000008002b94                HAL_ADC_MspInit
 .text.HAL_I2C_MspInit
                0x0000000008002c94       0xb0 ./Core/Src/stm32l4xx_hal_msp.o
                0x0000000008002c94                HAL_I2C_MspInit
 .text.HAL_UART_MspInit
                0x0000000008002d44      0x17c ./Core/Src/stm32l4xx_hal_msp.o
                0x0000000008002d44                HAL_UART_MspInit
 .text.HAL_RNG_MspInit
                0x0000000008002ec0       0x68 ./Core/Src/stm32l4xx_hal_msp.o
                0x0000000008002ec0                HAL_RNG_MspInit
 .text.HAL_RTC_MspInit
                0x0000000008002f28       0x70 ./Core/Src/stm32l4xx_hal_msp.o
                0x0000000008002f28                HAL_RTC_MspInit
 .text.HAL_SPI_MspInit
                0x0000000008002f98       0x88 ./Core/Src/stm32l4xx_hal_msp.o
                0x0000000008002f98                HAL_SPI_MspInit
 .text.SDTimer_Handler
                0x0000000008003020       0x48 ./Core/Src/stm32l4xx_it.o
                0x0000000008003020                SDTimer_Handler
 .text.NMI_Handler
                0x0000000008003068        0x6 ./Core/Src/stm32l4xx_it.o
                0x0000000008003068                NMI_Handler
 .text.HardFault_Handler
                0x000000000800306e        0x6 ./Core/Src/stm32l4xx_it.o
                0x000000000800306e                HardFault_Handler
 .text.MemManage_Handler
                0x0000000008003074        0x6 ./Core/Src/stm32l4xx_it.o
                0x0000000008003074                MemManage_Handler
 .text.BusFault_Handler
                0x000000000800307a        0x6 ./Core/Src/stm32l4xx_it.o
                0x000000000800307a                BusFault_Handler
 .text.UsageFault_Handler
                0x0000000008003080        0x6 ./Core/Src/stm32l4xx_it.o
                0x0000000008003080                UsageFault_Handler
 .text.SVC_Handler
                0x0000000008003086        0xe ./Core/Src/stm32l4xx_it.o
                0x0000000008003086                SVC_Handler
 .text.DebugMon_Handler
                0x0000000008003094        0xe ./Core/Src/stm32l4xx_it.o
                0x0000000008003094                DebugMon_Handler
 .text.PendSV_Handler
                0x00000000080030a2        0xe ./Core/Src/stm32l4xx_it.o
                0x00000000080030a2                PendSV_Handler
 .text.SysTick_Handler
                0x00000000080030b0       0x34 ./Core/Src/stm32l4xx_it.o
                0x00000000080030b0                SysTick_Handler
 .text.RTC_Alarm_IRQHandler
                0x00000000080030e4       0x14 ./Core/Src/stm32l4xx_it.o
                0x00000000080030e4                RTC_Alarm_IRQHandler
 .text.LPUART1_IRQHandler
                0x00000000080030f8       0x14 ./Core/Src/stm32l4xx_it.o
                0x00000000080030f8                LPUART1_IRQHandler
 .text._sbrk    0x000000000800310c       0x6c ./Core/Src/sysmem.o
                0x000000000800310c                _sbrk
 .text.SystemInit
                0x0000000008003178       0x24 ./Core/Src/system_stm32l4xx.o
                0x0000000008003178                SystemInit
 .text.calculateDistance
                0x000000000800319c      0x358 ./Core/Src/Depth/DepthMeasuring.o
                0x000000000800319c                calculateDistance
 .text.bytecpy  0x00000000080034f4       0x2a ./Core/Src/Pressure/PressureSensing.o
 .text.lps28dfw_read_reg
                0x000000000800351e       0xb2 ./Core/Src/Pressure/PressureSensing.o
                0x000000000800351e                lps28dfw_read_reg
 .text.lps28dfw_write_reg
                0x00000000080035d0       0xe4 ./Core/Src/Pressure/PressureSensing.o
                0x00000000080035d0                lps28dfw_write_reg
 .text.lps28dfw_from_fs1260_to_hPa
                0x00000000080036b4       0x30 ./Core/Src/Pressure/PressureSensing.o
                0x00000000080036b4                lps28dfw_from_fs1260_to_hPa
 .text.lps28dfw_from_fs4000_to_hPa
                0x00000000080036e4       0x30 ./Core/Src/Pressure/PressureSensing.o
                0x00000000080036e4                lps28dfw_from_fs4000_to_hPa
 .text.lps28dfw_from_lsb_to_celsius
                0x0000000008003714       0x34 ./Core/Src/Pressure/PressureSensing.o
                0x0000000008003714                lps28dfw_from_lsb_to_celsius
 .text.initLPS28
                0x0000000008003748      0x11c ./Core/Src/Pressure/PressureSensing.o
                0x0000000008003748                initLPS28
 .text.beginLPS28
                0x0000000008003864       0x66 ./Core/Src/Pressure/PressureSensing.o
                0x0000000008003864                beginLPS28
 .text.resetLPS28
                0x00000000080038ca       0x44 ./Core/Src/Pressure/PressureSensing.o
                0x00000000080038ca                resetLPS28
 .text.setModeConfig
                0x000000000800390e      0x100 ./Core/Src/Pressure/PressureSensing.o
                0x000000000800390e                setModeConfig
 .text.getStatus
                0x0000000008003a0e      0x12a ./Core/Src/Pressure/PressureSensing.o
                0x0000000008003a0e                getStatus
 .text.lps28dfw_trigger_sw
                0x0000000008003b38       0x5c ./Core/Src/Pressure/PressureSensing.o
                0x0000000008003b38                lps28dfw_trigger_sw
 .text.lps28dfw_data_get
                0x0000000008003b94       0xd4 ./Core/Src/Pressure/PressureSensing.o
                0x0000000008003b94                lps28dfw_data_get
 .text.getSensorData
                0x0000000008003c68       0x5a ./Core/Src/Pressure/PressureSensing.o
                0x0000000008003c68                getSensorData
 .text.init_comms
                0x0000000008003cc2       0x96 ./Core/Src/RF/comms.o
                0x0000000008003cc2                init_comms
 .text.Comms_Handler
                0x0000000008003d58      0x550 ./Core/Src/RF/comms.o
                0x0000000008003d58                Comms_Handler
 .text.Discovery_Handler
                0x00000000080042a8       0x38 ./Core/Src/RF/comms.o
                0x00000000080042a8                Discovery_Handler
 .text.Message_Forwarder
                0x00000000080042e0      0x2d8 ./Core/Src/RF/comms.o
                0x00000000080042e0                Message_Forwarder
 .text.Im_Here  0x00000000080045b8       0x5e ./Core/Src/RF/comms.o
                0x00000000080045b8                Im_Here
 .text.Send_Data
                0x0000000008004616       0x56 ./Core/Src/RF/comms.o
                0x0000000008004616                Send_Data
 .text.Send     0x000000000800466c       0x78 ./Core/Src/RF/comms.o
                0x000000000800466c                Send
 .text.random_delay
                0x00000000080046e4       0x3c ./Core/Src/RF/comms.o
                0x00000000080046e4                random_delay
 .text.create_queue
                0x0000000008004720       0x2c ./Core/Src/RF/comms.o
                0x0000000008004720                create_queue
 .text.is_full  0x000000000800474c       0x24 ./Core/Src/RF/comms.o
                0x000000000800474c                is_full
 .text.is_empty
                0x0000000008004770       0x24 ./Core/Src/RF/comms.o
                0x0000000008004770                is_empty
 .text.enqueue  0x0000000008004794       0x64 ./Core/Src/RF/comms.o
                0x0000000008004794                enqueue
 .text.dequeue  0x00000000080047f8       0x68 ./Core/Src/RF/comms.o
                0x00000000080047f8                dequeue
 .text.SELECT   0x0000000008004860       0x20 ./Core/Src/SDcard/fatfsSD.o
 .text.DESELECT
                0x0000000008004880       0x20 ./Core/Src/SDcard/fatfsSD.o
 .text.SPI_TxByte
                0x00000000080048a0       0x34 ./Core/Src/SDcard/fatfsSD.o
 .text.SPI_TxBuffer
                0x00000000080048d4       0x34 ./Core/Src/SDcard/fatfsSD.o
 .text.SPI_RxByte
                0x0000000008004908       0x38 ./Core/Src/SDcard/fatfsSD.o
 .text.SPI_RxBytePtr
                0x0000000008004940       0x1c ./Core/Src/SDcard/fatfsSD.o
 .text.SD_ReadyWait
                0x000000000800495c       0x34 ./Core/Src/SDcard/fatfsSD.o
 .text.SD_PowerOn
                0x0000000008004990       0x84 ./Core/Src/SDcard/fatfsSD.o
 .text.SD_PowerOff
                0x0000000008004a14       0x18 ./Core/Src/SDcard/fatfsSD.o
 .text.SD_CheckPower
                0x0000000008004a2c       0x18 ./Core/Src/SDcard/fatfsSD.o
 .text.SD_RxDataBlock
                0x0000000008004a44       0x60 ./Core/Src/SDcard/fatfsSD.o
 .text.SD_TxDataBlock
                0x0000000008004aa4       0x86 ./Core/Src/SDcard/fatfsSD.o
 .text.SD_SendCmd
                0x0000000008004b2a       0xa8 ./Core/Src/SDcard/fatfsSD.o
 *fill*         0x0000000008004bd2        0x2 
 .text.SD_disk_initialize
                0x0000000008004bd4      0x1d8 ./Core/Src/SDcard/fatfsSD.o
                0x0000000008004bd4                SD_disk_initialize
 .text.SD_disk_status
                0x0000000008004dac       0x2c ./Core/Src/SDcard/fatfsSD.o
                0x0000000008004dac                SD_disk_status
 .text.SD_disk_read
                0x0000000008004dd8       0xd4 ./Core/Src/SDcard/fatfsSD.o
                0x0000000008004dd8                SD_disk_read
 .text.SD_disk_write
                0x0000000008004eac      0x108 ./Core/Src/SDcard/fatfsSD.o
                0x0000000008004eac                SD_disk_write
 .text.SD_disk_ioctl
                0x0000000008004fb4      0x258 ./Core/Src/SDcard/fatfsSD.o
                0x0000000008004fb4                SD_disk_ioctl
 .text.sendSPI  0x000000000800520c       0x98 ./Core/Src/Temperature/TemperatureSensing.o
                0x000000000800520c                sendSPI
 .text.getSPI   0x00000000080052a4       0xac ./Core/Src/Temperature/TemperatureSensing.o
                0x00000000080052a4                getSPI
 .text.configureSensor
                0x0000000008005350       0x20 ./Core/Src/Temperature/TemperatureSensing.o
                0x0000000008005350                configureSensor
 .text.getTemperatureVal
                0x0000000008005370       0x48 ./Core/Src/Temperature/TemperatureSensing.o
                0x0000000008005370                getTemperatureVal
 .text.Reset_Handler
                0x00000000080053b8       0x50 ./Core/Startup/startup_stm32l476rgtx.o
                0x00000000080053b8                Reset_Handler
 .text.Default_Handler
                0x0000000008005408        0x2 ./Core/Startup/startup_stm32l476rgtx.o
                0x0000000008005408                EXTI2_IRQHandler
                0x0000000008005408                TIM8_TRG_COM_IRQHandler
                0x0000000008005408                TIM8_CC_IRQHandler
                0x0000000008005408                TIM1_CC_IRQHandler
                0x0000000008005408                TSC_IRQHandler
                0x0000000008005408                TAMP_STAMP_IRQHandler
                0x0000000008005408                EXTI3_IRQHandler
                0x0000000008005408                LPTIM2_IRQHandler
                0x0000000008005408                DFSDM1_FLT1_IRQHandler
                0x0000000008005408                I2C3_ER_IRQHandler
                0x0000000008005408                DFSDM1_FLT2_IRQHandler
                0x0000000008005408                EXTI0_IRQHandler
                0x0000000008005408                I2C2_EV_IRQHandler
                0x0000000008005408                CAN1_RX0_IRQHandler
                0x0000000008005408                FPU_IRQHandler
                0x0000000008005408                TIM1_UP_TIM16_IRQHandler
                0x0000000008005408                ADC1_2_IRQHandler
                0x0000000008005408                SPI1_IRQHandler
                0x0000000008005408                TIM6_DAC_IRQHandler
                0x0000000008005408                TIM8_UP_IRQHandler
                0x0000000008005408                DMA2_Channel2_IRQHandler
                0x0000000008005408                DMA1_Channel4_IRQHandler
                0x0000000008005408                SAI2_IRQHandler
                0x0000000008005408                DFSDM1_FLT3_IRQHandler
                0x0000000008005408                USART3_IRQHandler
                0x0000000008005408                DMA1_Channel7_IRQHandler
                0x0000000008005408                CAN1_RX1_IRQHandler
                0x0000000008005408                LCD_IRQHandler
                0x0000000008005408                UART5_IRQHandler
                0x0000000008005408                ADC3_IRQHandler
                0x0000000008005408                TIM4_IRQHandler
                0x0000000008005408                DMA2_Channel1_IRQHandler
                0x0000000008005408                QUADSPI_IRQHandler
                0x0000000008005408                I2C1_EV_IRQHandler
                0x0000000008005408                DMA1_Channel6_IRQHandler
                0x0000000008005408                UART4_IRQHandler
                0x0000000008005408                DMA2_Channel4_IRQHandler
                0x0000000008005408                TIM3_IRQHandler
                0x0000000008005408                RCC_IRQHandler
                0x0000000008005408                DMA1_Channel1_IRQHandler
                0x0000000008005408                Default_Handler
                0x0000000008005408                DMA2_Channel7_IRQHandler
                0x0000000008005408                EXTI15_10_IRQHandler
                0x0000000008005408                TIM7_IRQHandler
                0x0000000008005408                SDMMC1_IRQHandler
                0x0000000008005408                TIM5_IRQHandler
                0x0000000008005408                I2C3_EV_IRQHandler
                0x0000000008005408                EXTI9_5_IRQHandler
                0x0000000008005408                RTC_WKUP_IRQHandler
                0x0000000008005408                PVD_PVM_IRQHandler
                0x0000000008005408                SPI2_IRQHandler
                0x0000000008005408                CAN1_TX_IRQHandler
                0x0000000008005408                DMA2_Channel5_IRQHandler
                0x0000000008005408                DMA1_Channel5_IRQHandler
                0x0000000008005408                EXTI4_IRQHandler
                0x0000000008005408                RNG_IRQHandler
                0x0000000008005408                TIM1_TRG_COM_TIM17_IRQHandler
                0x0000000008005408                DMA1_Channel3_IRQHandler
                0x0000000008005408                COMP_IRQHandler
                0x0000000008005408                WWDG_IRQHandler
                0x0000000008005408                DMA2_Channel6_IRQHandler
                0x0000000008005408                TIM2_IRQHandler
                0x0000000008005408                EXTI1_IRQHandler
                0x0000000008005408                USART2_IRQHandler
                0x0000000008005408                DFSDM1_FLT0_IRQHandler
                0x0000000008005408                I2C2_ER_IRQHandler
                0x0000000008005408                DMA1_Channel2_IRQHandler
                0x0000000008005408                TIM8_BRK_IRQHandler
                0x0000000008005408                CAN1_SCE_IRQHandler
                0x0000000008005408                FLASH_IRQHandler
                0x0000000008005408                USART1_IRQHandler
                0x0000000008005408                OTG_FS_IRQHandler
                0x0000000008005408                SPI3_IRQHandler
                0x0000000008005408                I2C1_ER_IRQHandler
                0x0000000008005408                FMC_IRQHandler
                0x0000000008005408                SWPMI1_IRQHandler
                0x0000000008005408                LPTIM1_IRQHandler
                0x0000000008005408                SAI1_IRQHandler
                0x0000000008005408                DMA2_Channel3_IRQHandler
                0x0000000008005408                TIM1_BRK_TIM15_IRQHandler
 .text.HAL_Init
                0x000000000800540a       0x30 ./Drivers/STM32L4xx_HAL_Driver/Src/stm32l4xx_hal.o
                0x000000000800540a                HAL_Init
 *fill*         0x000000000800543a        0x2 
 .text.HAL_InitTick
                0x000000000800543c       0x78 ./Drivers/STM32L4xx_HAL_Driver/Src/stm32l4xx_hal.o
                0x000000000800543c                HAL_InitTick
 .text.HAL_IncTick
                0x00000000080054b4       0x28 ./Drivers/STM32L4xx_HAL_Driver/Src/stm32l4xx_hal.o
                0x00000000080054b4                HAL_IncTick
 .text.HAL_GetTick
                0x00000000080054dc       0x18 ./Drivers/STM32L4xx_HAL_Driver/Src/stm32l4xx_hal.o
                0x00000000080054dc                HAL_GetTick
 .text.HAL_Delay
                0x00000000080054f4       0x48 ./Drivers/STM32L4xx_HAL_Driver/Src/stm32l4xx_hal.o
                0x00000000080054f4                HAL_Delay
 .text.HAL_SuspendTick
                0x000000000800553c       0x20 ./Drivers/STM32L4xx_HAL_Driver/Src/stm32l4xx_hal.o
                0x000000000800553c                HAL_SuspendTick
 .text.LL_ADC_SetCommonClock
                0x000000000800555c       0x26 ./Drivers/STM32L4xx_HAL_Driver/Src/stm32l4xx_hal_adc.o
 .text.LL_ADC_SetCommonPathInternalCh
                0x0000000008005582       0x26 ./Drivers/STM32L4xx_HAL_Driver/Src/stm32l4xx_hal_adc.o
 .text.LL_ADC_GetCommonPathInternalCh
                0x00000000080055a8       0x1c ./Drivers/STM32L4xx_HAL_Driver/Src/stm32l4xx_hal_adc.o
 .text.LL_ADC_SetOffset
                0x00000000080055c4       0x48 ./Drivers/STM32L4xx_HAL_Driver/Src/stm32l4xx_hal_adc.o
 .text.LL_ADC_GetOffsetChannel
                0x000000000800560c       0x2c ./Drivers/STM32L4xx_HAL_Driver/Src/stm32l4xx_hal_adc.o
 .text.LL_ADC_SetOffsetState
                0x0000000008005638       0x36 ./Drivers/STM32L4xx_HAL_Driver/Src/stm32l4xx_hal_adc.o
 .text.LL_ADC_SetSamplingTimeCommonConfig
                0x000000000800566e       0x26 ./Drivers/STM32L4xx_HAL_Driver/Src/stm32l4xx_hal_adc.o
 .text.LL_ADC_REG_IsTriggerSourceSWStart
                0x0000000008005694       0x26 ./Drivers/STM32L4xx_HAL_Driver/Src/stm32l4xx_hal_adc.o
 .text.LL_ADC_REG_SetSequencerRanks
                0x00000000080056ba       0x58 ./Drivers/STM32L4xx_HAL_Driver/Src/stm32l4xx_hal_adc.o
 .text.LL_ADC_SetChannelSamplingTime
                0x0000000008005712       0x56 ./Drivers/STM32L4xx_HAL_Driver/Src/stm32l4xx_hal_adc.o
 .text.LL_ADC_SetChannelSingleDiff
                0x0000000008005768       0x48 ./Drivers/STM32L4xx_HAL_Driver/Src/stm32l4xx_hal_adc.o
 .text.LL_ADC_GetMultimode
                0x00000000080057b0       0x1c ./Drivers/STM32L4xx_HAL_Driver/Src/stm32l4xx_hal_adc.o
 .text.LL_ADC_GetMultiDMATransfer
                0x00000000080057cc       0x1c ./Drivers/STM32L4xx_HAL_Driver/Src/stm32l4xx_hal_adc.o
 .text.LL_ADC_DisableDeepPowerDown
                0x00000000080057e8       0x24 ./Drivers/STM32L4xx_HAL_Driver/Src/stm32l4xx_hal_adc.o
 .text.LL_ADC_IsDeepPowerDownEnabled
                0x000000000800580c       0x28 ./Drivers/STM32L4xx_HAL_Driver/Src/stm32l4xx_hal_adc.o
 .text.LL_ADC_EnableInternalRegulator
                0x0000000008005834       0x28 ./Drivers/STM32L4xx_HAL_Driver/Src/stm32l4xx_hal_adc.o
 .text.LL_ADC_IsInternalRegulatorEnabled
                0x000000000800585c       0x28 ./Drivers/STM32L4xx_HAL_Driver/Src/stm32l4xx_hal_adc.o
 .text.LL_ADC_Enable
                0x0000000008005884       0x28 ./Drivers/STM32L4xx_HAL_Driver/Src/stm32l4xx_hal_adc.o
 .text.LL_ADC_Disable
                0x00000000080058ac       0x28 ./Drivers/STM32L4xx_HAL_Driver/Src/stm32l4xx_hal_adc.o
 .text.LL_ADC_IsEnabled
                0x00000000080058d4       0x26 ./Drivers/STM32L4xx_HAL_Driver/Src/stm32l4xx_hal_adc.o
 .text.LL_ADC_IsDisableOngoing
                0x00000000080058fa       0x26 ./Drivers/STM32L4xx_HAL_Driver/Src/stm32l4xx_hal_adc.o
 .text.LL_ADC_REG_StartConversion
                0x0000000008005920       0x28 ./Drivers/STM32L4xx_HAL_Driver/Src/stm32l4xx_hal_adc.o
 .text.LL_ADC_REG_StopConversion
                0x0000000008005948       0x28 ./Drivers/STM32L4xx_HAL_Driver/Src/stm32l4xx_hal_adc.o
 .text.LL_ADC_REG_IsConversionOngoing
                0x0000000008005970       0x26 ./Drivers/STM32L4xx_HAL_Driver/Src/stm32l4xx_hal_adc.o
 .text.LL_ADC_INJ_StopConversion
                0x0000000008005996       0x28 ./Drivers/STM32L4xx_HAL_Driver/Src/stm32l4xx_hal_adc.o
 .text.LL_ADC_INJ_IsConversionOngoing
                0x00000000080059be       0x26 ./Drivers/STM32L4xx_HAL_Driver/Src/stm32l4xx_hal_adc.o
 .text.HAL_ADC_Init
                0x00000000080059e4      0x2a0 ./Drivers/STM32L4xx_HAL_Driver/Src/stm32l4xx_hal_adc.o
                0x00000000080059e4                HAL_ADC_Init
 .text.HAL_ADC_Start
                0x0000000008005c84      0x174 ./Drivers/STM32L4xx_HAL_Driver/Src/stm32l4xx_hal_adc.o
                0x0000000008005c84                HAL_ADC_Start
 .text.HAL_ADC_Stop
                0x0000000008005df8       0x66 ./Drivers/STM32L4xx_HAL_Driver/Src/stm32l4xx_hal_adc.o
                0x0000000008005df8                HAL_ADC_Stop
 *fill*         0x0000000008005e5e        0x2 
 .text.HAL_ADC_PollForConversion
                0x0000000008005e60      0x1b0 ./Drivers/STM32L4xx_HAL_Driver/Src/stm32l4xx_hal_adc.o
                0x0000000008005e60                HAL_ADC_PollForConversion
 .text.HAL_ADC_GetValue
                0x0000000008006010       0x1a ./Drivers/STM32L4xx_HAL_Driver/Src/stm32l4xx_hal_adc.o
                0x0000000008006010                HAL_ADC_GetValue
 *fill*         0x000000000800602a        0x2 
 .text.HAL_ADC_ConfigChannel
                0x000000000800602c      0x7f8 ./Drivers/STM32L4xx_HAL_Driver/Src/stm32l4xx_hal_adc.o
                0x000000000800602c                HAL_ADC_ConfigChannel
 .text.ADC_ConversionStop
                0x0000000008006824      0x178 ./Drivers/STM32L4xx_HAL_Driver/Src/stm32l4xx_hal_adc.o
                0x0000000008006824                ADC_ConversionStop
 .text.ADC_Enable
                0x000000000800699c      0x10c ./Drivers/STM32L4xx_HAL_Driver/Src/stm32l4xx_hal_adc.o
                0x000000000800699c                ADC_Enable
 .text.ADC_Disable
                0x0000000008006aa8       0xbe ./Drivers/STM32L4xx_HAL_Driver/Src/stm32l4xx_hal_adc.o
                0x0000000008006aa8                ADC_Disable
 .text.LL_ADC_IsEnabled
                0x0000000008006b66       0x26 ./Drivers/STM32L4xx_HAL_Driver/Src/stm32l4xx_hal_adc_ex.o
 .text.LL_ADC_REG_IsConversionOngoing
                0x0000000008006b8c       0x26 ./Drivers/STM32L4xx_HAL_Driver/Src/stm32l4xx_hal_adc_ex.o
 *fill*         0x0000000008006bb2        0x2 
 .text.HAL_ADCEx_MultiModeConfigChannel
                0x0000000008006bb4      0x148 ./Drivers/STM32L4xx_HAL_Driver/Src/stm32l4xx_hal_adc_ex.o
                0x0000000008006bb4                HAL_ADCEx_MultiModeConfigChannel
 .text.__NVIC_SetPriorityGrouping
                0x0000000008006cfc       0x48 ./Drivers/STM32L4xx_HAL_Driver/Src/stm32l4xx_hal_cortex.o
 .text.__NVIC_GetPriorityGrouping
                0x0000000008006d44       0x1c ./Drivers/STM32L4xx_HAL_Driver/Src/stm32l4xx_hal_cortex.o
 .text.__NVIC_EnableIRQ
                0x0000000008006d60       0x3c ./Drivers/STM32L4xx_HAL_Driver/Src/stm32l4xx_hal_cortex.o
 .text.__NVIC_SetPriority
                0x0000000008006d9c       0x54 ./Drivers/STM32L4xx_HAL_Driver/Src/stm32l4xx_hal_cortex.o
 .text.NVIC_EncodePriority
                0x0000000008006df0       0x66 ./Drivers/STM32L4xx_HAL_Driver/Src/stm32l4xx_hal_cortex.o
 *fill*         0x0000000008006e56        0x2 
 .text.SysTick_Config
                0x0000000008006e58       0x44 ./Drivers/STM32L4xx_HAL_Driver/Src/stm32l4xx_hal_cortex.o
 .text.HAL_NVIC_SetPriorityGrouping
                0x0000000008006e9c       0x16 ./Drivers/STM32L4xx_HAL_Driver/Src/stm32l4xx_hal_cortex.o
                0x0000000008006e9c                HAL_NVIC_SetPriorityGrouping
 .text.HAL_NVIC_SetPriority
                0x0000000008006eb2       0x38 ./Drivers/STM32L4xx_HAL_Driver/Src/stm32l4xx_hal_cortex.o
                0x0000000008006eb2                HAL_NVIC_SetPriority
 .text.HAL_NVIC_EnableIRQ
                0x0000000008006eea       0x1c ./Drivers/STM32L4xx_HAL_Driver/Src/stm32l4xx_hal_cortex.o
                0x0000000008006eea                HAL_NVIC_EnableIRQ
 .text.HAL_SYSTICK_Config
                0x0000000008006f06       0x18 ./Drivers/STM32L4xx_HAL_Driver/Src/stm32l4xx_hal_cortex.o
                0x0000000008006f06                HAL_SYSTICK_Config
 .text.HAL_DMA_Abort
                0x0000000008006f1e       0x7c ./Drivers/STM32L4xx_HAL_Driver/Src/stm32l4xx_hal_dma.o
                0x0000000008006f1e                HAL_DMA_Abort
 .text.HAL_DMA_Abort_IT
                0x0000000008006f9a       0x82 ./Drivers/STM32L4xx_HAL_Driver/Src/stm32l4xx_hal_dma.o
                0x0000000008006f9a                HAL_DMA_Abort_IT
 .text.HAL_FLASH_Program
                0x000000000800701c       0xd8 ./Drivers/STM32L4xx_HAL_Driver/Src/stm32l4xx_hal_flash.o
                0x000000000800701c                HAL_FLASH_Program
 .text.HAL_FLASH_Unlock
                0x00000000080070f4       0x44 ./Drivers/STM32L4xx_HAL_Driver/Src/stm32l4xx_hal_flash.o
                0x00000000080070f4                HAL_FLASH_Unlock
 .text.HAL_FLASH_Lock
                0x0000000008007138       0x20 ./Drivers/STM32L4xx_HAL_Driver/Src/stm32l4xx_hal_flash.o
                0x0000000008007138                HAL_FLASH_Lock
 .text.HAL_FLASH_GetError
                0x0000000008007158       0x18 ./Drivers/STM32L4xx_HAL_Driver/Src/stm32l4xx_hal_flash.o
                0x0000000008007158                HAL_FLASH_GetError
 .text.FLASH_WaitForLastOperation
                0x0000000008007170       0xb0 ./Drivers/STM32L4xx_HAL_Driver/Src/stm32l4xx_hal_flash.o
                0x0000000008007170                FLASH_WaitForLastOperation
 .text.FLASH_Program_DoubleWord
                0x0000000008007220       0x4c ./Drivers/STM32L4xx_HAL_Driver/Src/stm32l4xx_hal_flash.o
 .text.FLASH_Program_Fast
                0x000000000800726c       0x6c ./Drivers/STM32L4xx_HAL_Driver/Src/stm32l4xx_hal_flash.o
 .text.HAL_FLASHEx_Erase
                0x00000000080072d8      0x130 ./Drivers/STM32L4xx_HAL_Driver/Src/stm32l4xx_hal_flash_ex.o
                0x00000000080072d8                HAL_FLASHEx_Erase
 .text.FLASH_MassErase
                0x0000000008007408       0x3c ./Drivers/STM32L4xx_HAL_Driver/Src/stm32l4xx_hal_flash_ex.o
 .text.FLASH_PageErase
                0x0000000008007444       0x48 ./Drivers/STM32L4xx_HAL_Driver/Src/stm32l4xx_hal_flash_ex.o
                0x0000000008007444                FLASH_PageErase
 .text.FLASH_FlushCaches
                0x000000000800748c       0x94 ./Drivers/STM32L4xx_HAL_Driver/Src/stm32l4xx_hal_flash_ex.o
                0x000000000800748c                FLASH_FlushCaches
 .text.HAL_GPIO_Init
                0x0000000008007520      0x2e4 ./Drivers/STM32L4xx_HAL_Driver/Src/stm32l4xx_hal_gpio.o
                0x0000000008007520                HAL_GPIO_Init
 .text.HAL_GPIO_ReadPin
                0x0000000008007804       0x30 ./Drivers/STM32L4xx_HAL_Driver/Src/stm32l4xx_hal_gpio.o
                0x0000000008007804                HAL_GPIO_ReadPin
 .text.HAL_GPIO_WritePin
                0x0000000008007834       0x30 ./Drivers/STM32L4xx_HAL_Driver/Src/stm32l4xx_hal_gpio.o
                0x0000000008007834                HAL_GPIO_WritePin
 .text.HAL_I2C_Init
                0x0000000008007864      0x11e ./Drivers/STM32L4xx_HAL_Driver/Src/stm32l4xx_hal_i2c.o
                0x0000000008007864                HAL_I2C_Init
 *fill*         0x0000000008007982        0x2 
 .text.HAL_I2C_Master_Transmit
                0x0000000008007984      0x1e8 ./Drivers/STM32L4xx_HAL_Driver/Src/stm32l4xx_hal_i2c.o
                0x0000000008007984                HAL_I2C_Master_Transmit
 .text.HAL_I2C_Master_Receive
                0x0000000008007b6c      0x1ec ./Drivers/STM32L4xx_HAL_Driver/Src/stm32l4xx_hal_i2c.o
                0x0000000008007b6c                HAL_I2C_Master_Receive
 .text.I2C_Flush_TXDR
                0x0000000008007d58       0x48 ./Drivers/STM32L4xx_HAL_Driver/Src/stm32l4xx_hal_i2c.o
 .text.I2C_WaitOnFlagUntilTimeout
                0x0000000008007da0       0x80 ./Drivers/STM32L4xx_HAL_Driver/Src/stm32l4xx_hal_i2c.o
 .text.I2C_WaitOnTXISFlagUntilTimeout
                0x0000000008007e20       0x80 ./Drivers/STM32L4xx_HAL_Driver/Src/stm32l4xx_hal_i2c.o
 .text.I2C_WaitOnSTOPFlagUntilTimeout
                0x0000000008007ea0       0x78 ./Drivers/STM32L4xx_HAL_Driver/Src/stm32l4xx_hal_i2c.o
 .text.I2C_WaitOnRXNEFlagUntilTimeout
                0x0000000008007f18       0xf4 ./Drivers/STM32L4xx_HAL_Driver/Src/stm32l4xx_hal_i2c.o
 .text.I2C_IsErrorOccurred
                0x000000000800800c      0x1d8 ./Drivers/STM32L4xx_HAL_Driver/Src/stm32l4xx_hal_i2c.o
 .text.I2C_TransferConfig
                0x00000000080081e4       0x64 ./Drivers/STM32L4xx_HAL_Driver/Src/stm32l4xx_hal_i2c.o
 .text.HAL_I2CEx_ConfigAnalogFilter
                0x0000000008008248       0x96 ./Drivers/STM32L4xx_HAL_Driver/Src/stm32l4xx_hal_i2c_ex.o
                0x0000000008008248                HAL_I2CEx_ConfigAnalogFilter
 .text.HAL_I2CEx_ConfigDigitalFilter
                0x00000000080082de       0x98 ./Drivers/STM32L4xx_HAL_Driver/Src/stm32l4xx_hal_i2c_ex.o
                0x00000000080082de                HAL_I2CEx_ConfigDigitalFilter
 *fill*         0x0000000008008376        0x2 
 .text.HAL_PWR_EnableBkUpAccess
                0x0000000008008378       0x20 ./Drivers/STM32L4xx_HAL_Driver/Src/stm32l4xx_hal_pwr.o
                0x0000000008008378                HAL_PWR_EnableBkUpAccess
 .text.HAL_PWREx_GetVoltageRange
                0x0000000008008398       0x1c ./Drivers/STM32L4xx_HAL_Driver/Src/stm32l4xx_hal_pwr_ex.o
                0x0000000008008398                HAL_PWREx_GetVoltageRange
 .text.HAL_PWREx_ControlVoltageScaling
                0x00000000080083b4       0xac ./Drivers/STM32L4xx_HAL_Driver/Src/stm32l4xx_hal_pwr_ex.o
                0x00000000080083b4                HAL_PWREx_ControlVoltageScaling
 .text.HAL_PWREx_EnterSHUTDOWNMode
                0x0000000008008460       0x34 ./Drivers/STM32L4xx_HAL_Driver/Src/stm32l4xx_hal_pwr_ex.o
                0x0000000008008460                HAL_PWREx_EnterSHUTDOWNMode
 .text.HAL_RCC_OscConfig
                0x0000000008008494      0x8c4 ./Drivers/STM32L4xx_HAL_Driver/Src/stm32l4xx_hal_rcc.o
                0x0000000008008494                HAL_RCC_OscConfig
 .text.HAL_RCC_ClockConfig
                0x0000000008008d58      0x200 ./Drivers/STM32L4xx_HAL_Driver/Src/stm32l4xx_hal_rcc.o
                0x0000000008008d58                HAL_RCC_ClockConfig
 .text.HAL_RCC_GetSysClockFreq
                0x0000000008008f58      0x118 ./Drivers/STM32L4xx_HAL_Driver/Src/stm32l4xx_hal_rcc.o
                0x0000000008008f58                HAL_RCC_GetSysClockFreq
 .text.HAL_RCC_GetHCLKFreq
                0x0000000008009070       0x18 ./Drivers/STM32L4xx_HAL_Driver/Src/stm32l4xx_hal_rcc.o
                0x0000000008009070                HAL_RCC_GetHCLKFreq
 .text.HAL_RCC_GetPCLK1Freq
                0x0000000008009088       0x2c ./Drivers/STM32L4xx_HAL_Driver/Src/stm32l4xx_hal_rcc.o
                0x0000000008009088                HAL_RCC_GetPCLK1Freq
 .text.HAL_RCC_GetPCLK2Freq
                0x00000000080090b4       0x2c ./Drivers/STM32L4xx_HAL_Driver/Src/stm32l4xx_hal_rcc.o
                0x00000000080090b4                HAL_RCC_GetPCLK2Freq
 .text.RCC_SetFlashLatencyFromMSIRange
                0x00000000080090e0       0xc0 ./Drivers/STM32L4xx_HAL_Driver/Src/stm32l4xx_hal_rcc.o
 .text.HAL_RCCEx_PeriphCLKConfig
                0x00000000080091a0      0x30c ./Drivers/STM32L4xx_HAL_Driver/Src/stm32l4xx_hal_rcc_ex.o
                0x00000000080091a0                HAL_RCCEx_PeriphCLKConfig
 .text.HAL_RCCEx_EnableMSIPLLMode
                0x00000000080094ac       0x20 ./Drivers/STM32L4xx_HAL_Driver/Src/stm32l4xx_hal_rcc_ex.o
                0x00000000080094ac                HAL_RCCEx_EnableMSIPLLMode
 .text.HAL_RNG_Init
                0x00000000080094cc       0xae ./Drivers/STM32L4xx_HAL_Driver/Src/stm32l4xx_hal_rng.o
                0x00000000080094cc                HAL_RNG_Init
 .text.HAL_RNG_GenerateRandomNumber
                0x000000000800957a       0x9e ./Drivers/STM32L4xx_HAL_Driver/Src/stm32l4xx_hal_rng.o
                0x000000000800957a                HAL_RNG_GenerateRandomNumber
 .text.HAL_RTC_Init
                0x0000000008009618      0x104 ./Drivers/STM32L4xx_HAL_Driver/Src/stm32l4xx_hal_rtc.o
                0x0000000008009618                HAL_RTC_Init
 .text.HAL_RTC_SetTime
                0x000000000800971c      0x13a ./Drivers/STM32L4xx_HAL_Driver/Src/stm32l4xx_hal_rtc.o
                0x000000000800971c                HAL_RTC_SetTime
 .text.HAL_RTC_GetTime
                0x0000000008009856       0xb8 ./Drivers/STM32L4xx_HAL_Driver/Src/stm32l4xx_hal_rtc.o
                0x0000000008009856                HAL_RTC_GetTime
 .text.HAL_RTC_SetDate
                0x000000000800990e      0x10e ./Drivers/STM32L4xx_HAL_Driver/Src/stm32l4xx_hal_rtc.o
                0x000000000800990e                HAL_RTC_SetDate
 .text.HAL_RTC_GetDate
                0x0000000008009a1c       0x9a ./Drivers/STM32L4xx_HAL_Driver/Src/stm32l4xx_hal_rtc.o
                0x0000000008009a1c                HAL_RTC_GetDate
 *fill*         0x0000000008009ab6        0x2 
 .text.HAL_RTC_SetAlarm_IT
                0x0000000008009ab8      0x1e0 ./Drivers/STM32L4xx_HAL_Driver/Src/stm32l4xx_hal_rtc.o
                0x0000000008009ab8                HAL_RTC_SetAlarm_IT
 .text.HAL_RTC_AlarmIRQHandler
                0x0000000008009c98       0x5c ./Drivers/STM32L4xx_HAL_Driver/Src/stm32l4xx_hal_rtc.o
                0x0000000008009c98                HAL_RTC_AlarmIRQHandler
 .text.HAL_RTC_AlarmAEventCallback
                0x0000000008009cf4       0x14 ./Drivers/STM32L4xx_HAL_Driver/Src/stm32l4xx_hal_rtc.o
                0x0000000008009cf4                HAL_RTC_AlarmAEventCallback
 .text.HAL_RTC_WaitForSynchro
                0x0000000008009d08       0x4c ./Drivers/STM32L4xx_HAL_Driver/Src/stm32l4xx_hal_rtc.o
                0x0000000008009d08                HAL_RTC_WaitForSynchro
 .text.RTC_EnterInitMode
                0x0000000008009d54       0x6c ./Drivers/STM32L4xx_HAL_Driver/Src/stm32l4xx_hal_rtc.o
                0x0000000008009d54                RTC_EnterInitMode
 .text.RTC_ExitInitMode
                0x0000000008009dc0       0x7c ./Drivers/STM32L4xx_HAL_Driver/Src/stm32l4xx_hal_rtc.o
                0x0000000008009dc0                RTC_ExitInitMode
 .text.RTC_ByteToBcd2
                0x0000000008009e3c       0x40 ./Drivers/STM32L4xx_HAL_Driver/Src/stm32l4xx_hal_rtc.o
                0x0000000008009e3c                RTC_ByteToBcd2
 .text.RTC_Bcd2ToByte
                0x0000000008009e7c       0x34 ./Drivers/STM32L4xx_HAL_Driver/Src/stm32l4xx_hal_rtc.o
                0x0000000008009e7c                RTC_Bcd2ToByte
 .text.HAL_RTCEx_AlarmBEventCallback
                0x0000000008009eb0       0x14 ./Drivers/STM32L4xx_HAL_Driver/Src/stm32l4xx_hal_rtc_ex.o
                0x0000000008009eb0                HAL_RTCEx_AlarmBEventCallback
 .text.HAL_RTCEx_BKUPWrite
                0x0000000008009ec4       0x40 ./Drivers/STM32L4xx_HAL_Driver/Src/stm32l4xx_hal_rtc_ex.o
                0x0000000008009ec4                HAL_RTCEx_BKUPWrite
 .text.HAL_RTCEx_BKUPRead
                0x0000000008009f04       0x3a ./Drivers/STM32L4xx_HAL_Driver/Src/stm32l4xx_hal_rtc_ex.o
                0x0000000008009f04                HAL_RTCEx_BKUPRead
 .text.HAL_SPI_Init
                0x0000000008009f3e      0x146 ./Drivers/STM32L4xx_HAL_Driver/Src/stm32l4xx_hal_spi.o
                0x0000000008009f3e                HAL_SPI_Init
 .text.HAL_SPI_Transmit
                0x000000000800a084      0x2dc ./Drivers/STM32L4xx_HAL_Driver/Src/stm32l4xx_hal_spi.o
                0x000000000800a084                HAL_SPI_Transmit
 .text.HAL_SPI_Receive
                0x000000000800a360      0x260 ./Drivers/STM32L4xx_HAL_Driver/Src/stm32l4xx_hal_spi.o
                0x000000000800a360                HAL_SPI_Receive
 .text.HAL_SPI_TransmitReceive
                0x000000000800a5c0      0x426 ./Drivers/STM32L4xx_HAL_Driver/Src/stm32l4xx_hal_spi.o
                0x000000000800a5c0                HAL_SPI_TransmitReceive
 *fill*         0x000000000800a9e6        0x2 
 .text.SPI_WaitFlagStateUntilTimeout
                0x000000000800a9e8      0x110 ./Drivers/STM32L4xx_HAL_Driver/Src/stm32l4xx_hal_spi.o
 .text.SPI_WaitFifoStateUntilTimeout
                0x000000000800aaf8      0x12c ./Drivers/STM32L4xx_HAL_Driver/Src/stm32l4xx_hal_spi.o
 .text.SPI_EndRxTransaction
                0x000000000800ac24       0xb0 ./Drivers/STM32L4xx_HAL_Driver/Src/stm32l4xx_hal_spi.o
 .text.SPI_EndRxTxTransaction
                0x000000000800acd4       0x8c ./Drivers/STM32L4xx_HAL_Driver/Src/stm32l4xx_hal_spi.o
 .text.HAL_UART_Init
                0x000000000800ad60       0x9c ./Drivers/STM32L4xx_HAL_Driver/Src/stm32l4xx_hal_uart.o
                0x000000000800ad60                HAL_UART_Init
 .text.HAL_UART_Transmit
                0x000000000800adfc      0x128 ./Drivers/STM32L4xx_HAL_Driver/Src/stm32l4xx_hal_uart.o
                0x000000000800adfc                HAL_UART_Transmit
 .text.HAL_UART_Receive
                0x000000000800af24      0x1a2 ./Drivers/STM32L4xx_HAL_Driver/Src/stm32l4xx_hal_uart.o
                0x000000000800af24                HAL_UART_Receive
 *fill*         0x000000000800b0c6        0x2 
 .text.HAL_UART_Transmit_IT
                0x000000000800b0c8       0xdc ./Drivers/STM32L4xx_HAL_Driver/Src/stm32l4xx_hal_uart.o
                0x000000000800b0c8                HAL_UART_Transmit_IT
 .text.HAL_UART_Receive_IT
                0x000000000800b1a4       0xac ./Drivers/STM32L4xx_HAL_Driver/Src/stm32l4xx_hal_uart.o
                0x000000000800b1a4                HAL_UART_Receive_IT
 .text.HAL_UART_Abort_IT
                0x000000000800b250      0x250 ./Drivers/STM32L4xx_HAL_Driver/Src/stm32l4xx_hal_uart.o
                0x000000000800b250                HAL_UART_Abort_IT
 .text.HAL_UART_IRQHandler
                0x000000000800b4a0      0x5c4 ./Drivers/STM32L4xx_HAL_Driver/Src/stm32l4xx_hal_uart.o
                0x000000000800b4a0                HAL_UART_IRQHandler
 .text.HAL_UART_TxCpltCallback
                0x000000000800ba64       0x14 ./Drivers/STM32L4xx_HAL_Driver/Src/stm32l4xx_hal_uart.o
                0x000000000800ba64                HAL_UART_TxCpltCallback
 .text.HAL_UART_ErrorCallback
                0x000000000800ba78       0x14 ./Drivers/STM32L4xx_HAL_Driver/Src/stm32l4xx_hal_uart.o
                0x000000000800ba78                HAL_UART_ErrorCallback
 .text.HAL_UART_AbortCpltCallback
                0x000000000800ba8c       0x14 ./Drivers/STM32L4xx_HAL_Driver/Src/stm32l4xx_hal_uart.o
                0x000000000800ba8c                HAL_UART_AbortCpltCallback
 .text.HAL_UARTEx_RxEventCallback
                0x000000000800baa0       0x18 ./Drivers/STM32L4xx_HAL_Driver/Src/stm32l4xx_hal_uart.o
                0x000000000800baa0                HAL_UARTEx_RxEventCallback
 .text.UART_SetConfig
                0x000000000800bab8      0x4b4 ./Drivers/STM32L4xx_HAL_Driver/Src/stm32l4xx_hal_uart.o
                0x000000000800bab8                UART_SetConfig
 .text.UART_AdvFeatureConfig
                0x000000000800bf6c      0x144 ./Drivers/STM32L4xx_HAL_Driver/Src/stm32l4xx_hal_uart.o
                0x000000000800bf6c                UART_AdvFeatureConfig
 .text.UART_CheckIdleState
                0x000000000800c0b0       0x92 ./Drivers/STM32L4xx_HAL_Driver/Src/stm32l4xx_hal_uart.o
                0x000000000800c0b0                UART_CheckIdleState
 .text.UART_WaitOnFlagUntilTimeout
                0x000000000800c142      0x188 ./Drivers/STM32L4xx_HAL_Driver/Src/stm32l4xx_hal_uart.o
                0x000000000800c142                UART_WaitOnFlagUntilTimeout
 *fill*         0x000000000800c2ca        0x2 
 .text.UART_Start_Receive_IT
                0x000000000800c2cc      0x194 ./Drivers/STM32L4xx_HAL_Driver/Src/stm32l4xx_hal_uart.o
                0x000000000800c2cc                UART_Start_Receive_IT
 .text.UART_EndRxTransfer
                0x000000000800c460       0xc6 ./Drivers/STM32L4xx_HAL_Driver/Src/stm32l4xx_hal_uart.o
 .text.UART_DMAAbortOnError
                0x000000000800c526       0x2c ./Drivers/STM32L4xx_HAL_Driver/Src/stm32l4xx_hal_uart.o
 .text.UART_DMATxAbortCallback
                0x000000000800c552       0x6a ./Drivers/STM32L4xx_HAL_Driver/Src/stm32l4xx_hal_uart.o
 .text.UART_DMARxAbortCallback
                0x000000000800c5bc       0x7e ./Drivers/STM32L4xx_HAL_Driver/Src/stm32l4xx_hal_uart.o
 .text.UART_TxISR_8BIT
                0x000000000800c63a       0xb8 ./Drivers/STM32L4xx_HAL_Driver/Src/stm32l4xx_hal_uart.o
 .text.UART_TxISR_16BIT
                0x000000000800c6f2       0xc0 ./Drivers/STM32L4xx_HAL_Driver/Src/stm32l4xx_hal_uart.o
 .text.UART_EndTransmit_IT
                0x000000000800c7b2       0x54 ./Drivers/STM32L4xx_HAL_Driver/Src/stm32l4xx_hal_uart.o
 .text.UART_RxISR_8BIT
                0x000000000800c806      0x160 ./Drivers/STM32L4xx_HAL_Driver/Src/stm32l4xx_hal_uart.o
 .text.UART_RxISR_16BIT
                0x000000000800c966      0x160 ./Drivers/STM32L4xx_HAL_Driver/Src/stm32l4xx_hal_uart.o
 .text.HAL_UARTEx_WakeupCallback
                0x000000000800cac6       0x14 ./Drivers/STM32L4xx_HAL_Driver/Src/stm32l4xx_hal_uart_ex.o
                0x000000000800cac6                HAL_UARTEx_WakeupCallback
 *fill*         0x000000000800cada        0x2 
 .text.MX_FATFS_Init
                0x000000000800cadc       0x24 ./FATFS/App/fatfs.o
                0x000000000800cadc                MX_FATFS_Init
 .text.USER_initialize
                0x000000000800cb00       0x1c ./FATFS/Target/user_diskio.o
                0x000000000800cb00                USER_initialize
 .text.USER_status
                0x000000000800cb1c       0x1c ./FATFS/Target/user_diskio.o
                0x000000000800cb1c                USER_status
 .text.USER_read
                0x000000000800cb38       0x26 ./FATFS/Target/user_diskio.o
                0x000000000800cb38                USER_read
 .text.USER_write
                0x000000000800cb5e       0x26 ./FATFS/Target/user_diskio.o
                0x000000000800cb5e                USER_write
 .text.USER_ioctl
                0x000000000800cb84       0x26 ./FATFS/Target/user_diskio.o
                0x000000000800cb84                USER_ioctl
 *fill*         0x000000000800cbaa        0x2 
 .text.FATFS_LinkDriverEx
                0x000000000800cbac       0x98 ./Middlewares/Third_Party/FatFs/src/ff_gen_drv.o
                0x000000000800cbac                FATFS_LinkDriverEx
 .text.FATFS_LinkDriver
                0x000000000800cc44       0x1e ./Middlewares/Third_Party/FatFs/src/ff_gen_drv.o
                0x000000000800cc44                FATFS_LinkDriver
 *fill*         0x000000000800cc62        0x2 
 .text.__errno  0x000000000800cc64        0xc c:/work/hardware/applications/stm32/stm32cubeide_1.11.2/stm32cubeide/plugins/com.st.stm32cube.ide.mcu.externaltools.gnu-tools-for-stm32.10.3-2021.10.win32_1.0.100.202210260954/tools/bin/../lib/gcc/arm-none-eabi/10.3.1/../../../../arm-none-eabi/lib/thumb/v7e-m+fp/hard\libc_nano.a(lib_a-errno.o)
                0x000000000800cc64                __errno
 .text.__libc_init_array
                0x000000000800cc70       0x48 c:/work/hardware/applications/stm32/stm32cubeide_1.11.2/stm32cubeide/plugins/com.st.stm32cube.ide.mcu.externaltools.gnu-tools-for-stm32.10.3-2021.10.win32_1.0.100.202210260954/tools/bin/../lib/gcc/arm-none-eabi/10.3.1/../../../../arm-none-eabi/lib/thumb/v7e-m+fp/hard\libc_nano.a(lib_a-init.o)
                0x000000000800cc70                __libc_init_array
 .text.malloc   0x000000000800ccb8       0x10 c:/work/hardware/applications/stm32/stm32cubeide_1.11.2/stm32cubeide/plugins/com.st.stm32cube.ide.mcu.externaltools.gnu-tools-for-stm32.10.3-2021.10.win32_1.0.100.202210260954/tools/bin/../lib/gcc/arm-none-eabi/10.3.1/../../../../arm-none-eabi/lib/thumb/v7e-m+fp/hard\libc_nano.a(lib_a-malloc.o)
                0x000000000800ccb8                malloc
 .text.memset   0x000000000800ccc8       0x10 c:/work/hardware/applications/stm32/stm32cubeide_1.11.2/stm32cubeide/plugins/com.st.stm32cube.ide.mcu.externaltools.gnu-tools-for-stm32.10.3-2021.10.win32_1.0.100.202210260954/tools/bin/../lib/gcc/arm-none-eabi/10.3.1/../../../../arm-none-eabi/lib/thumb/v7e-m+fp/hard\libc_nano.a(lib_a-memset.o)
                0x000000000800ccc8                memset
 .text._free_r  0x000000000800ccd8       0x98 c:/work/hardware/applications/stm32/stm32cubeide_1.11.2/stm32cubeide/plugins/com.st.stm32cube.ide.mcu.externaltools.gnu-tools-for-stm32.10.3-2021.10.win32_1.0.100.202210260954/tools/bin/../lib/gcc/arm-none-eabi/10.3.1/../../../../arm-none-eabi/lib/thumb/v7e-m+fp/hard\libc_nano.a(lib_a-nano-freer.o)
                0x000000000800ccd8                _free_r
 .text.sbrk_aligned
                0x000000000800cd70       0x40 c:/work/hardware/applications/stm32/stm32cubeide_1.11.2/stm32cubeide/plugins/com.st.stm32cube.ide.mcu.externaltools.gnu-tools-for-stm32.10.3-2021.10.win32_1.0.100.202210260954/tools/bin/../lib/gcc/arm-none-eabi/10.3.1/../../../../arm-none-eabi/lib/thumb/v7e-m+fp/hard\libc_nano.a(lib_a-nano-mallocr.o)
 .text._malloc_r
                0x000000000800cdb0       0xe8 c:/work/hardware/applications/stm32/stm32cubeide_1.11.2/stm32cubeide/plugins/com.st.stm32cube.ide.mcu.externaltools.gnu-tools-for-stm32.10.3-2021.10.win32_1.0.100.202210260954/tools/bin/../lib/gcc/arm-none-eabi/10.3.1/../../../../arm-none-eabi/lib/thumb/v7e-m+fp/hard\libc_nano.a(lib_a-nano-mallocr.o)
                0x000000000800cdb0                _malloc_r
 .text.__cvt    0x000000000800ce98       0xc4 c:/work/hardware/applications/stm32/stm32cubeide_1.11.2/stm32cubeide/plugins/com.st.stm32cube.ide.mcu.externaltools.gnu-tools-for-stm32.10.3-2021.10.win32_1.0.100.202210260954/tools/bin/../lib/gcc/arm-none-eabi/10.3.1/../../../../arm-none-eabi/lib/thumb/v7e-m+fp/hard\libc_nano.a(lib_a-nano-vfprintf_float.o)
                0x000000000800ce98                __cvt
 .text.__exponent
                0x000000000800cf5c       0x7c c:/work/hardware/applications/stm32/stm32cubeide_1.11.2/stm32cubeide/plugins/com.st.stm32cube.ide.mcu.externaltools.gnu-tools-for-stm32.10.3-2021.10.win32_1.0.100.202210260954/tools/bin/../lib/gcc/arm-none-eabi/10.3.1/../../../../arm-none-eabi/lib/thumb/v7e-m+fp/hard\libc_nano.a(lib_a-nano-vfprintf_float.o)
                0x000000000800cf5c                __exponent
 .text._printf_float
                0x000000000800cfd8      0x46c c:/work/hardware/applications/stm32/stm32cubeide_1.11.2/stm32cubeide/plugins/com.st.stm32cube.ide.mcu.externaltools.gnu-tools-for-stm32.10.3-2021.10.win32_1.0.100.202210260954/tools/bin/../lib/gcc/arm-none-eabi/10.3.1/../../../../arm-none-eabi/lib/thumb/v7e-m+fp/hard\libc_nano.a(lib_a-nano-vfprintf_float.o)
                0x000000000800cfd8                _printf_float
 .text._printf_common
                0x000000000800d444       0xda c:/work/hardware/applications/stm32/stm32cubeide_1.11.2/stm32cubeide/plugins/com.st.stm32cube.ide.mcu.externaltools.gnu-tools-for-stm32.10.3-2021.10.win32_1.0.100.202210260954/tools/bin/../lib/gcc/arm-none-eabi/10.3.1/../../../../arm-none-eabi/lib/thumb/v7e-m+fp/hard\libc_nano.a(lib_a-nano-vfprintf_i.o)
                0x000000000800d444                _printf_common
 *fill*         0x000000000800d51e        0x2 
 .text._printf_i
                0x000000000800d520      0x24c c:/work/hardware/applications/stm32/stm32cubeide_1.11.2/stm32cubeide/plugins/com.st.stm32cube.ide.mcu.externaltools.gnu-tools-for-stm32.10.3-2021.10.win32_1.0.100.202210260954/tools/bin/../lib/gcc/arm-none-eabi/10.3.1/../../../../arm-none-eabi/lib/thumb/v7e-m+fp/hard\libc_nano.a(lib_a-nano-vfprintf_i.o)
                0x000000000800d520                _printf_i
 .text._scanf_float
                0x000000000800d76c      0x420 c:/work/hardware/applications/stm32/stm32cubeide_1.11.2/stm32cubeide/plugins/com.st.stm32cube.ide.mcu.externaltools.gnu-tools-for-stm32.10.3-2021.10.win32_1.0.100.202210260954/tools/bin/../lib/gcc/arm-none-eabi/10.3.1/../../../../arm-none-eabi/lib/thumb/v7e-m+fp/hard\libc_nano.a(lib_a-nano-vfscanf_float.o)
                0x000000000800d76c                _scanf_float
 .text.printf   0x000000000800db8c       0x30 c:/work/hardware/applications/stm32/stm32cubeide_1.11.2/stm32cubeide/plugins/com.st.stm32cube.ide.mcu.externaltools.gnu-tools-for-stm32.10.3-2021.10.win32_1.0.100.202210260954/tools/bin/../lib/gcc/arm-none-eabi/10.3.1/../../../../arm-none-eabi/lib/thumb/v7e-m+fp/hard\libc_nano.a(lib_a-printf.o)
                0x000000000800db8c                iprintf
                0x000000000800db8c                printf
 .text._puts_r  0x000000000800dbbc       0xdc c:/work/hardware/applications/stm32/stm32cubeide_1.11.2/stm32cubeide/plugins/com.st.stm32cube.ide.mcu.externaltools.gnu-tools-for-stm32.10.3-2021.10.win32_1.0.100.202210260954/tools/bin/../lib/gcc/arm-none-eabi/10.3.1/../../../../arm-none-eabi/lib/thumb/v7e-m+fp/hard\libc_nano.a(lib_a-puts.o)
                0x000000000800dbbc                _puts_r
 .text.puts     0x000000000800dc98       0x10 c:/work/hardware/applications/stm32/stm32cubeide_1.11.2/stm32cubeide/plugins/com.st.stm32cube.ide.mcu.externaltools.gnu-tools-for-stm32.10.3-2021.10.win32_1.0.100.202210260954/tools/bin/../lib/gcc/arm-none-eabi/10.3.1/../../../../arm-none-eabi/lib/thumb/v7e-m+fp/hard\libc_nano.a(lib_a-puts.o)
                0x000000000800dc98                puts
 .text._sbrk_r  0x000000000800dca8       0x20 c:/work/hardware/applications/stm32/stm32cubeide_1.11.2/stm32cubeide/plugins/com.st.stm32cube.ide.mcu.externaltools.gnu-tools-for-stm32.10.3-2021.10.win32_1.0.100.202210260954/tools/bin/../lib/gcc/arm-none-eabi/10.3.1/../../../../arm-none-eabi/lib/thumb/v7e-m+fp/hard\libc_nano.a(lib_a-sbrkr.o)
                0x000000000800dca8                _sbrk_r
 .text.scanf    0x000000000800dcc8       0x30 c:/work/hardware/applications/stm32/stm32cubeide_1.11.2/stm32cubeide/plugins/com.st.stm32cube.ide.mcu.externaltools.gnu-tools-for-stm32.10.3-2021.10.win32_1.0.100.202210260954/tools/bin/../lib/gcc/arm-none-eabi/10.3.1/../../../../arm-none-eabi/lib/thumb/v7e-m+fp/hard\libc_nano.a(lib_a-scanf.o)
                0x000000000800dcc8                scanf
                0x000000000800dcc8                iscanf
 .text.setvbuf  0x000000000800dcf8      0x18c c:/work/hardware/applications/stm32/stm32cubeide_1.11.2/stm32cubeide/plugins/com.st.stm32cube.ide.mcu.externaltools.gnu-tools-for-stm32.10.3-2021.10.win32_1.0.100.202210260954/tools/bin/../lib/gcc/arm-none-eabi/10.3.1/../../../../arm-none-eabi/lib/thumb/v7e-m+fp/hard\libc_nano.a(lib_a-setvbuf.o)
                0x000000000800dcf8                setvbuf
 .text.nanf     0x000000000800de84        0xc c:/work/hardware/applications/stm32/stm32cubeide_1.11.2/stm32cubeide/plugins/com.st.stm32cube.ide.mcu.externaltools.gnu-tools-for-stm32.10.3-2021.10.win32_1.0.100.202210260954/tools/bin/../lib/gcc/arm-none-eabi/10.3.1/../../../../arm-none-eabi/lib/thumb/v7e-m+fp/hard\libc_nano.a(lib_a-sf_nan.o)
                0x000000000800de84                nanf
 .text.sprintf  0x000000000800de90       0x40 c:/work/hardware/applications/stm32/stm32cubeide_1.11.2/stm32cubeide/plugins/com.st.stm32cube.ide.mcu.externaltools.gnu-tools-for-stm32.10.3-2021.10.win32_1.0.100.202210260954/tools/bin/../lib/gcc/arm-none-eabi/10.3.1/../../../../arm-none-eabi/lib/thumb/v7e-m+fp/hard\libc_nano.a(lib_a-sprintf.o)
                0x000000000800de90                siprintf
                0x000000000800de90                sprintf
 .text.sulp     0x000000000800ded0       0x38 c:/work/hardware/applications/stm32/stm32cubeide_1.11.2/stm32cubeide/plugins/com.st.stm32cube.ide.mcu.externaltools.gnu-tools-for-stm32.10.3-2021.10.win32_1.0.100.202210260954/tools/bin/../lib/gcc/arm-none-eabi/10.3.1/../../../../arm-none-eabi/lib/thumb/v7e-m+fp/hard\libc_nano.a(lib_a-strtod.o)
 .text._strtod_l
                0x000000000800df08      0xc0c c:/work/hardware/applications/stm32/stm32cubeide_1.11.2/stm32cubeide/plugins/com.st.stm32cube.ide.mcu.externaltools.gnu-tools-for-stm32.10.3-2021.10.win32_1.0.100.202210260954/tools/bin/../lib/gcc/arm-none-eabi/10.3.1/../../../../arm-none-eabi/lib/thumb/v7e-m+fp/hard\libc_nano.a(lib_a-strtod.o)
                0x000000000800df08                _strtod_l
 .text._strtod_r
                0x000000000800eb14        0xc c:/work/hardware/applications/stm32/stm32cubeide_1.11.2/stm32cubeide/plugins/com.st.stm32cube.ide.mcu.externaltools.gnu-tools-for-stm32.10.3-2021.10.win32_1.0.100.202210260954/tools/bin/../lib/gcc/arm-none-eabi/10.3.1/../../../../arm-none-eabi/lib/thumb/v7e-m+fp/hard\libc_nano.a(lib_a-strtod.o)
                0x000000000800eb14                _strtod_r
 .text._strtol_l.constprop.0
                0x000000000800eb20      0x104 c:/work/hardware/applications/stm32/stm32cubeide_1.11.2/stm32cubeide/plugins/com.st.stm32cube.ide.mcu.externaltools.gnu-tools-for-stm32.10.3-2021.10.win32_1.0.100.202210260954/tools/bin/../lib/gcc/arm-none-eabi/10.3.1/../../../../arm-none-eabi/lib/thumb/v7e-m+fp/hard\libc_nano.a(lib_a-strtol.o)
 .text._strtol_r
                0x000000000800ec24        0x4 c:/work/hardware/applications/stm32/stm32cubeide_1.11.2/stm32cubeide/plugins/com.st.stm32cube.ide.mcu.externaltools.gnu-tools-for-stm32.10.3-2021.10.win32_1.0.100.202210260954/tools/bin/../lib/gcc/arm-none-eabi/10.3.1/../../../../arm-none-eabi/lib/thumb/v7e-m+fp/hard\libc_nano.a(lib_a-strtol.o)
                0x000000000800ec24                _strtol_r
 .text.__swbuf_r
                0x000000000800ec28       0xa4 c:/work/hardware/applications/stm32/stm32cubeide_1.11.2/stm32cubeide/plugins/com.st.stm32cube.ide.mcu.externaltools.gnu-tools-for-stm32.10.3-2021.10.win32_1.0.100.202210260954/tools/bin/../lib/gcc/arm-none-eabi/10.3.1/../../../../arm-none-eabi/lib/thumb/v7e-m+fp/hard\libc_nano.a(lib_a-wbuf.o)
                0x000000000800ec28                __swbuf_r
 .text.__swsetup_r
                0x000000000800eccc       0xdc c:/work/hardware/applications/stm32/stm32cubeide_1.11.2/stm32cubeide/plugins/com.st.stm32cube.ide.mcu.externaltools.gnu-tools-for-stm32.10.3-2021.10.win32_1.0.100.202210260954/tools/bin/../lib/gcc/arm-none-eabi/10.3.1/../../../../arm-none-eabi/lib/thumb/v7e-m+fp/hard\libc_nano.a(lib_a-wsetup.o)
                0x000000000800eccc                __swsetup_r
 .text.quorem   0x000000000800eda8      0x116 c:/work/hardware/applications/stm32/stm32cubeide_1.11.2/stm32cubeide/plugins/com.st.stm32cube.ide.mcu.externaltools.gnu-tools-for-stm32.10.3-2021.10.win32_1.0.100.202210260954/tools/bin/../lib/gcc/arm-none-eabi/10.3.1/../../../../arm-none-eabi/lib/thumb/v7e-m+fp/hard\libc_nano.a(lib_a-dtoa.o)
 *fill*         0x000000000800eebe        0x2 
 .text._dtoa_r  0x000000000800eec0      0xbdc c:/work/hardware/applications/stm32/stm32cubeide_1.11.2/stm32cubeide/plugins/com.st.stm32cube.ide.mcu.externaltools.gnu-tools-for-stm32.10.3-2021.10.win32_1.0.100.202210260954/tools/bin/../lib/gcc/arm-none-eabi/10.3.1/../../../../arm-none-eabi/lib/thumb/v7e-m+fp/hard\libc_nano.a(lib_a-dtoa.o)
                0x000000000800eec0                _dtoa_r
 .text.__sflush_r
                0x000000000800fa9c      0x10c c:/work/hardware/applications/stm32/stm32cubeide_1.11.2/stm32cubeide/plugins/com.st.stm32cube.ide.mcu.externaltools.gnu-tools-for-stm32.10.3-2021.10.win32_1.0.100.202210260954/tools/bin/../lib/gcc/arm-none-eabi/10.3.1/../../../../arm-none-eabi/lib/thumb/v7e-m+fp/hard\libc_nano.a(lib_a-fflush.o)
                0x000000000800fa9c                __sflush_r
 .text._fflush_r
                0x000000000800fba8       0x78 c:/work/hardware/applications/stm32/stm32cubeide_1.11.2/stm32cubeide/plugins/com.st.stm32cube.ide.mcu.externaltools.gnu-tools-for-stm32.10.3-2021.10.win32_1.0.100.202210260954/tools/bin/../lib/gcc/arm-none-eabi/10.3.1/../../../../arm-none-eabi/lib/thumb/v7e-m+fp/hard\libc_nano.a(lib_a-fflush.o)
                0x000000000800fba8                _fflush_r
 .text.fflush   0x000000000800fc20       0x24 c:/work/hardware/applications/stm32/stm32cubeide_1.11.2/stm32cubeide/plugins/com.st.stm32cube.ide.mcu.externaltools.gnu-tools-for-stm32.10.3-2021.10.win32_1.0.100.202210260954/tools/bin/../lib/gcc/arm-none-eabi/10.3.1/../../../../arm-none-eabi/lib/thumb/v7e-m+fp/hard\libc_nano.a(lib_a-fflush.o)
                0x000000000800fc20                fflush
 .text.std      0x000000000800fc44       0x48 c:/work/hardware/applications/stm32/stm32cubeide_1.11.2/stm32cubeide/plugins/com.st.stm32cube.ide.mcu.externaltools.gnu-tools-for-stm32.10.3-2021.10.win32_1.0.100.202210260954/tools/bin/../lib/gcc/arm-none-eabi/10.3.1/../../../../arm-none-eabi/lib/thumb/v7e-m+fp/hard\libc_nano.a(lib_a-findfp.o)
 .text._cleanup_r
                0x000000000800fc8c        0xc c:/work/hardware/applications/stm32/stm32cubeide_1.11.2/stm32cubeide/plugins/com.st.stm32cube.ide.mcu.externaltools.gnu-tools-for-stm32.10.3-2021.10.win32_1.0.100.202210260954/tools/bin/../lib/gcc/arm-none-eabi/10.3.1/../../../../arm-none-eabi/lib/thumb/v7e-m+fp/hard\libc_nano.a(lib_a-findfp.o)
                0x000000000800fc8c                _cleanup_r
 .text.__sfmoreglue
                0x000000000800fc98       0x2c c:/work/hardware/applications/stm32/stm32cubeide_1.11.2/stm32cubeide/plugins/com.st.stm32cube.ide.mcu.externaltools.gnu-tools-for-stm32.10.3-2021.10.win32_1.0.100.202210260954/tools/bin/../lib/gcc/arm-none-eabi/10.3.1/../../../../arm-none-eabi/lib/thumb/v7e-m+fp/hard\libc_nano.a(lib_a-findfp.o)
                0x000000000800fc98                __sfmoreglue
 .text.__sfp_lock_acquire
                0x000000000800fcc4        0xc c:/work/hardware/applications/stm32/stm32cubeide_1.11.2/stm32cubeide/plugins/com.st.stm32cube.ide.mcu.externaltools.gnu-tools-for-stm32.10.3-2021.10.win32_1.0.100.202210260954/tools/bin/../lib/gcc/arm-none-eabi/10.3.1/../../../../arm-none-eabi/lib/thumb/v7e-m+fp/hard\libc_nano.a(lib_a-findfp.o)
                0x000000000800fcc4                __sfp_lock_acquire
 .text.__sfp_lock_release
                0x000000000800fcd0        0xc c:/work/hardware/applications/stm32/stm32cubeide_1.11.2/stm32cubeide/plugins/com.st.stm32cube.ide.mcu.externaltools.gnu-tools-for-stm32.10.3-2021.10.win32_1.0.100.202210260954/tools/bin/../lib/gcc/arm-none-eabi/10.3.1/../../../../arm-none-eabi/lib/thumb/v7e-m+fp/hard\libc_nano.a(lib_a-findfp.o)
                0x000000000800fcd0                __sfp_lock_release
 .text.__sinit_lock_acquire
                0x000000000800fcdc        0xc c:/work/hardware/applications/stm32/stm32cubeide_1.11.2/stm32cubeide/plugins/com.st.stm32cube.ide.mcu.externaltools.gnu-tools-for-stm32.10.3-2021.10.win32_1.0.100.202210260954/tools/bin/../lib/gcc/arm-none-eabi/10.3.1/../../../../arm-none-eabi/lib/thumb/v7e-m+fp/hard\libc_nano.a(lib_a-findfp.o)
                0x000000000800fcdc                __sinit_lock_acquire
 .text.__sinit_lock_release
                0x000000000800fce8        0xc c:/work/hardware/applications/stm32/stm32cubeide_1.11.2/stm32cubeide/plugins/com.st.stm32cube.ide.mcu.externaltools.gnu-tools-for-stm32.10.3-2021.10.win32_1.0.100.202210260954/tools/bin/../lib/gcc/arm-none-eabi/10.3.1/../../../../arm-none-eabi/lib/thumb/v7e-m+fp/hard\libc_nano.a(lib_a-findfp.o)
                0x000000000800fce8                __sinit_lock_release
 .text.__sinit  0x000000000800fcf4       0x70 c:/work/hardware/applications/stm32/stm32cubeide_1.11.2/stm32cubeide/plugins/com.st.stm32cube.ide.mcu.externaltools.gnu-tools-for-stm32.10.3-2021.10.win32_1.0.100.202210260954/tools/bin/../lib/gcc/arm-none-eabi/10.3.1/../../../../arm-none-eabi/lib/thumb/v7e-m+fp/hard\libc_nano.a(lib_a-findfp.o)
                0x000000000800fcf4                __sinit
 .text.__sfp    0x000000000800fd64       0x8c c:/work/hardware/applications/stm32/stm32cubeide_1.11.2/stm32cubeide/plugins/com.st.stm32cube.ide.mcu.externaltools.gnu-tools-for-stm32.10.3-2021.10.win32_1.0.100.202210260954/tools/bin/../lib/gcc/arm-none-eabi/10.3.1/../../../../arm-none-eabi/lib/thumb/v7e-m+fp/hard\libc_nano.a(lib_a-findfp.o)
                0x000000000800fd64                __sfp
 .text._fwalk   0x000000000800fdf0       0x3a c:/work/hardware/applications/stm32/stm32cubeide_1.11.2/stm32cubeide/plugins/com.st.stm32cube.ide.mcu.externaltools.gnu-tools-for-stm32.10.3-2021.10.win32_1.0.100.202210260954/tools/bin/../lib/gcc/arm-none-eabi/10.3.1/../../../../arm-none-eabi/lib/thumb/v7e-m+fp/hard\libc_nano.a(lib_a-fwalk.o)
                0x000000000800fdf0                _fwalk
 .text._fwalk_reent
                0x000000000800fe2a       0x3e c:/work/hardware/applications/stm32/stm32cubeide_1.11.2/stm32cubeide/plugins/com.st.stm32cube.ide.mcu.externaltools.gnu-tools-for-stm32.10.3-2021.10.win32_1.0.100.202210260954/tools/bin/../lib/gcc/arm-none-eabi/10.3.1/../../../../arm-none-eabi/lib/thumb/v7e-m+fp/hard\libc_nano.a(lib_a-fwalk.o)
                0x000000000800fe2a                _fwalk_reent
 .text.rshift   0x000000000800fe68       0xa4 c:/work/hardware/applications/stm32/stm32cubeide_1.11.2/stm32cubeide/plugins/com.st.stm32cube.ide.mcu.externaltools.gnu-tools-for-stm32.10.3-2021.10.win32_1.0.100.202210260954/tools/bin/../lib/gcc/arm-none-eabi/10.3.1/../../../../arm-none-eabi/lib/thumb/v7e-m+fp/hard\libc_nano.a(lib_a-gdtoa-gethex.o)
 .text.__hexdig_fun
                0x000000000800ff0c       0x2a c:/work/hardware/applications/stm32/stm32cubeide_1.11.2/stm32cubeide/plugins/com.st.stm32cube.ide.mcu.externaltools.gnu-tools-for-stm32.10.3-2021.10.win32_1.0.100.202210260954/tools/bin/../lib/gcc/arm-none-eabi/10.3.1/../../../../arm-none-eabi/lib/thumb/v7e-m+fp/hard\libc_nano.a(lib_a-gdtoa-gethex.o)
                0x000000000800ff0c                __hexdig_fun
 *fill*         0x000000000800ff36        0x2 
 .text.__gethex
                0x000000000800ff38      0x48c c:/work/hardware/applications/stm32/stm32cubeide_1.11.2/stm32cubeide/plugins/com.st.stm32cube.ide.mcu.externaltools.gnu-tools-for-stm32.10.3-2021.10.win32_1.0.100.202210260954/tools/bin/../lib/gcc/arm-none-eabi/10.3.1/../../../../arm-none-eabi/lib/thumb/v7e-m+fp/hard\libc_nano.a(lib_a-gdtoa-gethex.o)
                0x000000000800ff38                __gethex
 .text.L_shift  0x00000000080103c4       0x24 c:/work/hardware/applications/stm32/stm32cubeide_1.11.2/stm32cubeide/plugins/com.st.stm32cube.ide.mcu.externaltools.gnu-tools-for-stm32.10.3-2021.10.win32_1.0.100.202210260954/tools/bin/../lib/gcc/arm-none-eabi/10.3.1/../../../../arm-none-eabi/lib/thumb/v7e-m+fp/hard\libc_nano.a(lib_a-gdtoa-hexnan.o)
 .text.__match  0x00000000080103e8       0x28 c:/work/hardware/applications/stm32/stm32cubeide_1.11.2/stm32cubeide/plugins/com.st.stm32cube.ide.mcu.externaltools.gnu-tools-for-stm32.10.3-2021.10.win32_1.0.100.202210260954/tools/bin/../lib/gcc/arm-none-eabi/10.3.1/../../../../arm-none-eabi/lib/thumb/v7e-m+fp/hard\libc_nano.a(lib_a-gdtoa-hexnan.o)
                0x00000000080103e8                __match
 .text.__hexnan
                0x0000000008010410      0x138 c:/work/hardware/applications/stm32/stm32cubeide_1.11.2/stm32cubeide/plugins/com.st.stm32cube.ide.mcu.externaltools.gnu-tools-for-stm32.10.3-2021.10.win32_1.0.100.202210260954/tools/bin/../lib/gcc/arm-none-eabi/10.3.1/../../../../arm-none-eabi/lib/thumb/v7e-m+fp/hard\libc_nano.a(lib_a-gdtoa-hexnan.o)
                0x0000000008010410                __hexnan
 .text._localeconv_r
                0x0000000008010548        0x8 c:/work/hardware/applications/stm32/stm32cubeide_1.11.2/stm32cubeide/plugins/com.st.stm32cube.ide.mcu.externaltools.gnu-tools-for-stm32.10.3-2021.10.win32_1.0.100.202210260954/tools/bin/../lib/gcc/arm-none-eabi/10.3.1/../../../../arm-none-eabi/lib/thumb/v7e-m+fp/hard\libc_nano.a(lib_a-localeconv.o)
                0x0000000008010548                _localeconv_r
 .text.__retarget_lock_init_recursive
                0x0000000008010550        0x2 c:/work/hardware/applications/stm32/stm32cubeide_1.11.2/stm32cubeide/plugins/com.st.stm32cube.ide.mcu.externaltools.gnu-tools-for-stm32.10.3-2021.10.win32_1.0.100.202210260954/tools/bin/../lib/gcc/arm-none-eabi/10.3.1/../../../../arm-none-eabi/lib/thumb/v7e-m+fp/hard\libc_nano.a(lib_a-lock.o)
                0x0000000008010550                __retarget_lock_init_recursive
 .text.__retarget_lock_acquire_recursive
                0x0000000008010552        0x2 c:/work/hardware/applications/stm32/stm32cubeide_1.11.2/stm32cubeide/plugins/com.st.stm32cube.ide.mcu.externaltools.gnu-tools-for-stm32.10.3-2021.10.win32_1.0.100.202210260954/tools/bin/../lib/gcc/arm-none-eabi/10.3.1/../../../../arm-none-eabi/lib/thumb/v7e-m+fp/hard\libc_nano.a(lib_a-lock.o)
                0x0000000008010552                __retarget_lock_acquire_recursive
 .text.__retarget_lock_release_recursive
                0x0000000008010554        0x2 c:/work/hardware/applications/stm32/stm32cubeide_1.11.2/stm32cubeide/plugins/com.st.stm32cube.ide.mcu.externaltools.gnu-tools-for-stm32.10.3-2021.10.win32_1.0.100.202210260954/tools/bin/../lib/gcc/arm-none-eabi/10.3.1/../../../../arm-none-eabi/lib/thumb/v7e-m+fp/hard\libc_nano.a(lib_a-lock.o)
                0x0000000008010554                __retarget_lock_release_recursive
 .text.__swhatbuf_r
                0x0000000008010556       0x4a c:/work/hardware/applications/stm32/stm32cubeide_1.11.2/stm32cubeide/plugins/com.st.stm32cube.ide.mcu.externaltools.gnu-tools-for-stm32.10.3-2021.10.win32_1.0.100.202210260954/tools/bin/../lib/gcc/arm-none-eabi/10.3.1/../../../../arm-none-eabi/lib/thumb/v7e-m+fp/hard\libc_nano.a(lib_a-makebuf.o)
                0x0000000008010556                __swhatbuf_r
 .text.__smakebuf_r
                0x00000000080105a0       0x80 c:/work/hardware/applications/stm32/stm32cubeide_1.11.2/stm32cubeide/plugins/com.st.stm32cube.ide.mcu.externaltools.gnu-tools-for-stm32.10.3-2021.10.win32_1.0.100.202210260954/tools/bin/../lib/gcc/arm-none-eabi/10.3.1/../../../../arm-none-eabi/lib/thumb/v7e-m+fp/hard\libc_nano.a(lib_a-makebuf.o)
                0x00000000080105a0                __smakebuf_r
 .text.__ascii_mbtowc
                0x0000000008010620       0x24 c:/work/hardware/applications/stm32/stm32cubeide_1.11.2/stm32cubeide/plugins/com.st.stm32cube.ide.mcu.externaltools.gnu-tools-for-stm32.10.3-2021.10.win32_1.0.100.202210260954/tools/bin/../lib/gcc/arm-none-eabi/10.3.1/../../../../arm-none-eabi/lib/thumb/v7e-m+fp/hard\libc_nano.a(lib_a-mbtowc_r.o)
                0x0000000008010620                __ascii_mbtowc
 .text.memcpy   0x0000000008010644       0x1c c:/work/hardware/applications/stm32/stm32cubeide_1.11.2/stm32cubeide/plugins/com.st.stm32cube.ide.mcu.externaltools.gnu-tools-for-stm32.10.3-2021.10.win32_1.0.100.202210260954/tools/bin/../lib/gcc/arm-none-eabi/10.3.1/../../../../arm-none-eabi/lib/thumb/v7e-m+fp/hard\libc_nano.a(lib_a-memcpy-stub.o)
                0x0000000008010644                memcpy
 .text.__malloc_lock
                0x0000000008010660        0xc c:/work/hardware/applications/stm32/stm32cubeide_1.11.2/stm32cubeide/plugins/com.st.stm32cube.ide.mcu.externaltools.gnu-tools-for-stm32.10.3-2021.10.win32_1.0.100.202210260954/tools/bin/../lib/gcc/arm-none-eabi/10.3.1/../../../../arm-none-eabi/lib/thumb/v7e-m+fp/hard\libc_nano.a(lib_a-mlock.o)
                0x0000000008010660                __malloc_lock
 .text.__malloc_unlock
                0x000000000801066c        0xc c:/work/hardware/applications/stm32/stm32cubeide_1.11.2/stm32cubeide/plugins/com.st.stm32cube.ide.mcu.externaltools.gnu-tools-for-stm32.10.3-2021.10.win32_1.0.100.202210260954/tools/bin/../lib/gcc/arm-none-eabi/10.3.1/../../../../arm-none-eabi/lib/thumb/v7e-m+fp/hard\libc_nano.a(lib_a-mlock.o)
                0x000000000801066c                __malloc_unlock
 .text._Balloc  0x0000000008010678       0x80 c:/work/hardware/applications/stm32/stm32cubeide_1.11.2/stm32cubeide/plugins/com.st.stm32cube.ide.mcu.externaltools.gnu-tools-for-stm32.10.3-2021.10.win32_1.0.100.202210260954/tools/bin/../lib/gcc/arm-none-eabi/10.3.1/../../../../arm-none-eabi/lib/thumb/v7e-m+fp/hard\libc_nano.a(lib_a-mprec.o)
                0x0000000008010678                _Balloc
 .text._Bfree   0x00000000080106f8       0x44 c:/work/hardware/applications/stm32/stm32cubeide_1.11.2/stm32cubeide/plugins/com.st.stm32cube.ide.mcu.externaltools.gnu-tools-for-stm32.10.3-2021.10.win32_1.0.100.202210260954/tools/bin/../lib/gcc/arm-none-eabi/10.3.1/../../../../arm-none-eabi/lib/thumb/v7e-m+fp/hard\libc_nano.a(lib_a-mprec.o)
                0x00000000080106f8                _Bfree
 .text.__multadd
                0x000000000801073c       0x8c c:/work/hardware/applications/stm32/stm32cubeide_1.11.2/stm32cubeide/plugins/com.st.stm32cube.ide.mcu.externaltools.gnu-tools-for-stm32.10.3-2021.10.win32_1.0.100.202210260954/tools/bin/../lib/gcc/arm-none-eabi/10.3.1/../../../../arm-none-eabi/lib/thumb/v7e-m+fp/hard\libc_nano.a(lib_a-mprec.o)
                0x000000000801073c                __multadd
 .text.__s2b    0x00000000080107c8       0x94 c:/work/hardware/applications/stm32/stm32cubeide_1.11.2/stm32cubeide/plugins/com.st.stm32cube.ide.mcu.externaltools.gnu-tools-for-stm32.10.3-2021.10.win32_1.0.100.202210260954/tools/bin/../lib/gcc/arm-none-eabi/10.3.1/../../../../arm-none-eabi/lib/thumb/v7e-m+fp/hard\libc_nano.a(lib_a-mprec.o)
                0x00000000080107c8                __s2b
 .text.__hi0bits
                0x000000000801085c       0x40 c:/work/hardware/applications/stm32/stm32cubeide_1.11.2/stm32cubeide/plugins/com.st.stm32cube.ide.mcu.externaltools.gnu-tools-for-stm32.10.3-2021.10.win32_1.0.100.202210260954/tools/bin/../lib/gcc/arm-none-eabi/10.3.1/../../../../arm-none-eabi/lib/thumb/v7e-m+fp/hard\libc_nano.a(lib_a-mprec.o)
                0x000000000801085c                __hi0bits
 .text.__lo0bits
                0x000000000801089c       0x5e c:/work/hardware/applications/stm32/stm32cubeide_1.11.2/stm32cubeide/plugins/com.st.stm32cube.ide.mcu.externaltools.gnu-tools-for-stm32.10.3-2021.10.win32_1.0.100.202210260954/tools/bin/../lib/gcc/arm-none-eabi/10.3.1/../../../../arm-none-eabi/lib/thumb/v7e-m+fp/hard\libc_nano.a(lib_a-mprec.o)
                0x000000000801089c                __lo0bits
 *fill*         0x00000000080108fa        0x2 
 .text.__i2b    0x00000000080108fc       0x2c c:/work/hardware/applications/stm32/stm32cubeide_1.11.2/stm32cubeide/plugins/com.st.stm32cube.ide.mcu.externaltools.gnu-tools-for-stm32.10.3-2021.10.win32_1.0.100.202210260954/tools/bin/../lib/gcc/arm-none-eabi/10.3.1/../../../../arm-none-eabi/lib/thumb/v7e-m+fp/hard\libc_nano.a(lib_a-mprec.o)
                0x00000000080108fc                __i2b
 .text.__multiply
                0x0000000008010928      0x154 c:/work/hardware/applications/stm32/stm32cubeide_1.11.2/stm32cubeide/plugins/com.st.stm32cube.ide.mcu.externaltools.gnu-tools-for-stm32.10.3-2021.10.win32_1.0.100.202210260954/tools/bin/../lib/gcc/arm-none-eabi/10.3.1/../../../../arm-none-eabi/lib/thumb/v7e-m+fp/hard\libc_nano.a(lib_a-mprec.o)
                0x0000000008010928                __multiply
 .text.__pow5mult
                0x0000000008010a7c       0xb4 c:/work/hardware/applications/stm32/stm32cubeide_1.11.2/stm32cubeide/plugins/com.st.stm32cube.ide.mcu.externaltools.gnu-tools-for-stm32.10.3-2021.10.win32_1.0.100.202210260954/tools/bin/../lib/gcc/arm-none-eabi/10.3.1/../../../../arm-none-eabi/lib/thumb/v7e-m+fp/hard\libc_nano.a(lib_a-mprec.o)
                0x0000000008010a7c                __pow5mult
 .text.__lshift
                0x0000000008010b30       0xe0 c:/work/hardware/applications/stm32/stm32cubeide_1.11.2/stm32cubeide/plugins/com.st.stm32cube.ide.mcu.externaltools.gnu-tools-for-stm32.10.3-2021.10.win32_1.0.100.202210260954/tools/bin/../lib/gcc/arm-none-eabi/10.3.1/../../../../arm-none-eabi/lib/thumb/v7e-m+fp/hard\libc_nano.a(lib_a-mprec.o)
                0x0000000008010b30                __lshift
 .text.__mcmp   0x0000000008010c10       0x38 c:/work/hardware/applications/stm32/stm32cubeide_1.11.2/stm32cubeide/plugins/com.st.stm32cube.ide.mcu.externaltools.gnu-tools-for-stm32.10.3-2021.10.win32_1.0.100.202210260954/tools/bin/../lib/gcc/arm-none-eabi/10.3.1/../../../../arm-none-eabi/lib/thumb/v7e-m+fp/hard\libc_nano.a(lib_a-mprec.o)
                0x0000000008010c10                __mcmp
 .text.__mdiff  0x0000000008010c48      0x114 c:/work/hardware/applications/stm32/stm32cubeide_1.11.2/stm32cubeide/plugins/com.st.stm32cube.ide.mcu.externaltools.gnu-tools-for-stm32.10.3-2021.10.win32_1.0.100.202210260954/tools/bin/../lib/gcc/arm-none-eabi/10.3.1/../../../../arm-none-eabi/lib/thumb/v7e-m+fp/hard\libc_nano.a(lib_a-mprec.o)
                0x0000000008010c48                __mdiff
 .text.__ulp    0x0000000008010d5c       0x58 c:/work/hardware/applications/stm32/stm32cubeide_1.11.2/stm32cubeide/plugins/com.st.stm32cube.ide.mcu.externaltools.gnu-tools-for-stm32.10.3-2021.10.win32_1.0.100.202210260954/tools/bin/../lib/gcc/arm-none-eabi/10.3.1/../../../../arm-none-eabi/lib/thumb/v7e-m+fp/hard\libc_nano.a(lib_a-mprec.o)
                0x0000000008010d5c                __ulp